#
# There is insufficient memory for the Java Runtime Environment to continue.
# Native memory allocation (malloc) failed to allocate 940496 bytes. Error detail: Chunk::new
# Possible reasons:
#   The system is out of physical RAM or swap space
#   This process is running with CompressedOops enabled, and the Java Heap may be blocking the growth of the native heap
# Possible solutions:
#   Reduce memory load on the system
#   Increase physical memory or swap space
#   Check if swap backing store is full
#   Decrease Java heap size (-Xmx/-Xms)
#   Decrease number of Java threads
#   Decrease Java thread stack sizes (-Xss)
#   Set larger code cache with -XX:ReservedCodeCacheSize=
#   JVM is running with Unscaled Compressed Oops mode in which the Java heap is
#     placed in the first 4GB address space. The Java Heap base address is the
#     maximum limit for the native heap growth. Please use -XX:HeapBaseMinAddress
#     to set the Java Heap base and to place the Java Heap above 4GB virtual address.
# This output file may be truncated or incomplete.
#
#  Out of Memory Error (arena.cpp:168), pid=6316, tid=13628
#
# JRE version: OpenJDK Runtime Environment Temurin-21.0.8+9 (21.0.8+9) (build 21.0.8+9-LTS)
# Java VM: OpenJDK 64-Bit Server VM Temurin-21.0.8+9 (21.0.8+9-LTS, mixed mode, sharing, tiered, compressed oops, compressed class ptrs, g1 gc, windows-amd64)
# No core dump will be written. Minidumps are not enabled by default on client versions of Windows
#

---------------  S U M M A R Y ------------

Command Line: -Dfile.encoding=UTF-8 -Dstdout.encoding=UTF-8 -Dstderr.encoding=UTF-8 -XX:+ShowCodeDetailsInExceptionMessages com.hireconnect.hireconnect.HireconnectApplication

Host: Intel(R) Core(TM) i7-6600U CPU @ 2.60GHz, 4 cores, 7G,  Windows 10 , 64 bit Build 19041 (10.0.19041.3031)
Time: Sun Nov 23 16:47:40 2025 India Standard Time elapsed time: 14.941005 seconds (0d 0h 0m 14s)

---------------  T H R E A D  ---------------

Current thread (0x000002314e6054e0):  JavaThread "C2 CompilerThread0" daemon [_thread_in_native, id=13628, stack(0x000000c72a700000,0x000000c72a800000) (1024K)]


Current CompileTask:
C2:14941 8001       4       org.springframework.core.annotation.TypeMappedAnnotations::get (52 bytes)

Stack: [0x000000c72a700000,0x000000c72a800000]
Native frames: (J=compiled Java code, j=interpreted, Vv=VM code, C=native code)
V  [jvm.dll+0x6d2449]
V  [jvm.dll+0x8ae341]
V  [jvm.dll+0x8b08be]
V  [jvm.dll+0x8b0fa3]
V  [jvm.dll+0x280c96]
V  [jvm.dll+0xc581d]
V  [jvm.dll+0xc5d53]
V  [jvm.dll+0x2f539d]
V  [jvm.dll+0x5fa00a]
V  [jvm.dll+0x252092]
V  [jvm.dll+0x24a85c]
V  [jvm.dll+0x2483a4]
V  [jvm.dll+0x1c89ee]
V  [jvm.dll+0x257d4d]
V  [jvm.dll+0x2562ea]
V  [jvm.dll+0x3f2d16]
V  [jvm.dll+0x857e6b]
V  [jvm.dll+0x6d0b0d]
C  [ucrtbase.dll+0x21bb2]
C  [KERNEL32.DLL+0x17614]
C  [ntdll.dll+0x526f1]


---------------  P R O C E S S  ---------------

Threads class SMR info:
_java_thread_list=0x00000231973cd3f0, length=18, elements={
0x0000023134e5e820, 0x000002314e5fa750, 0x000002314e5fbeb0, 0x000002314e5ff850,
0x000002314e6022b0, 0x000002314e602d00, 0x000002314e603750, 0x000002314e6054e0,
0x000002314e6753e0, 0x000002314e8376b0, 0x000002314e844200, 0x0000023196c051b0,
0x00000231982d96e0, 0x0000023197a9ff30, 0x00000231992ad460, 0x0000023196eb95a0,
0x0000023196eba2c0, 0x00000231969e9f60
}

Java Threads: ( => current thread )
  0x0000023134e5e820 JavaThread "main"                              [_thread_in_Java, id=13716, stack(0x000000c729900000,0x000000c729a00000) (1024K)]
  0x000002314e5fa750 JavaThread "Reference Handler"          daemon [_thread_blocked, id=14312, stack(0x000000c72a100000,0x000000c72a200000) (1024K)]
  0x000002314e5fbeb0 JavaThread "Finalizer"                  daemon [_thread_blocked, id=2540, stack(0x000000c72a200000,0x000000c72a300000) (1024K)]
  0x000002314e5ff850 JavaThread "Signal Dispatcher"          daemon [_thread_blocked, id=14624, stack(0x000000c72a300000,0x000000c72a400000) (1024K)]
  0x000002314e6022b0 JavaThread "Attach Listener"            daemon [_thread_blocked, id=14504, stack(0x000000c72a400000,0x000000c72a500000) (1024K)]
  0x000002314e602d00 JavaThread "Service Thread"             daemon [_thread_blocked, id=9872, stack(0x000000c72a500000,0x000000c72a600000) (1024K)]
  0x000002314e603750 JavaThread "Monitor Deflation Thread"   daemon [_thread_blocked, id=14980, stack(0x000000c72a600000,0x000000c72a700000) (1024K)]
=>0x000002314e6054e0 JavaThread "C2 CompilerThread0"         daemon [_thread_in_native, id=13628, stack(0x000000c72a700000,0x000000c72a800000) (1024K)]
  0x000002314e6753e0 JavaThread "C1 CompilerThread0"         daemon [_thread_blocked, id=14420, stack(0x000000c72a800000,0x000000c72a900000) (1024K)]
  0x000002314e8376b0 JavaThread "Notification Thread"        daemon [_thread_blocked, id=5972, stack(0x000000c72a900000,0x000000c72aa00000) (1024K)]
  0x000002314e844200 JavaThread "Common-Cleaner"             daemon [_thread_blocked, id=10672, stack(0x000000c72aa00000,0x000000c72ab00000) (1024K)]
  0x0000023196c051b0 JavaThread "Catalina-utility-1"                [_thread_blocked, id=10188, stack(0x000000c72af00000,0x000000c72b000000) (1024K)]
  0x00000231982d96e0 JavaThread "Catalina-utility-2"                [_thread_blocked, id=13572, stack(0x000000c72b000000,0x000000c72b100000) (1024K)]
  0x0000023197a9ff30 JavaThread "container-0"                       [_thread_blocked, id=13588, stack(0x000000c72b100000,0x000000c72b200000) (1024K)]
  0x00000231992ad460 JavaThread "mysql-cj-abandoned-connection-cleanup" daemon [_thread_blocked, id=11764, stack(0x000000c72b200000,0x000000c72b300000) (1024K)]
  0x0000023196eb95a0 JavaThread "HikariPool-1 housekeeper"   daemon [_thread_blocked, id=6940, stack(0x000000c72b400000,0x000000c72b500000) (1024K)]
  0x0000023196eba2c0 JavaThread "HikariPool-1 connection adder" daemon [_thread_blocked, id=4736, stack(0x000000c72b500000,0x000000c72b600000) (1024K)]
  0x00000231969e9f60 JavaThread "C2 CompilerThread1"         daemon [_thread_in_native, id=7316, stack(0x000000c72ab00000,0x000000c72ac00000) (1024K)]
Total: 18

Other Threads:
  0x000002314e5ddf30 VMThread "VM Thread"                           [id=10876, stack(0x000000c72a000000,0x000000c72a100000) (1024K)]
  0x000002314e5cbc10 WatcherThread "VM Periodic Task Thread"        [id=9132, stack(0x000000c729f00000,0x000000c72a000000) (1024K)]
  0x0000023137052550 WorkerThread "GC Thread#0"                     [id=14720, stack(0x000000c729a00000,0x000000c729b00000) (1024K)]
  0x00000231945b1b20 WorkerThread "GC Thread#1"                     [id=12884, stack(0x000000c72ac00000,0x000000c72ad00000) (1024K)]
  0x00000231945b1ec0 WorkerThread "GC Thread#2"                     [id=3864, stack(0x000000c72ad00000,0x000000c72ae00000) (1024K)]
  0x00000231945cd530 WorkerThread "GC Thread#3"                     [id=10760, stack(0x000000c72ae00000,0x000000c72af00000) (1024K)]
  0x00000231370631b0 ConcurrentGCThread "G1 Main Marker"            [id=3968, stack(0x000000c729b00000,0x000000c729c00000) (1024K)]
  0x0000023137064600 WorkerThread "G1 Conc#0"                       [id=9356, stack(0x000000c729c00000,0x000000c729d00000) (1024K)]
  0x000002314e48d120 ConcurrentGCThread "G1 Refine#0"               [id=9076, stack(0x000000c729d00000,0x000000c729e00000) (1024K)]
  0x000002314e48e3f0 ConcurrentGCThread "G1 Service"                [id=13980, stack(0x000000c729e00000,0x000000c729f00000) (1024K)]
Total: 10

Threads with active compile tasks:
C2 CompilerThread0  14985 8001       4       org.springframework.core.annotation.TypeMappedAnnotations::get (52 bytes)
C2 CompilerThread1  14985 8014       4       org.aspectj.apache.bcel.classfile.Attribute::readAttribute (568 bytes)
Total: 2

VM state: not at safepoint (normal execution)

VM Mutex/Monitor currently owned by a thread: None

Heap address: 0x0000000081c00000, size: 2020 MB, Compressed Oops mode: 32-bit

CDS archive(s) mapped at: [0x000002314f000000-0x000002314fc80000-0x000002314fc80000), size 13107200, SharedBaseAddress: 0x000002314f000000, ArchiveRelocationMode: 1.
Compressed class space mapped at: 0x0000023150000000-0x0000023190000000, reserved size: 1073741824
Narrow klass base: 0x000002314f000000, Narrow klass shift: 0, Narrow klass range: 0x100000000

GC Precious Log:
 CardTable entry size: 512
 Card Set container configuration: InlinePtr #cards 5 size 8 Array Of Cards #cards 12 size 40 Howl #buckets 4 coarsen threshold 1843 Howl Bitmap #cards 512 size 80 coarsen threshold 460 Card regions per heap region 1 cards per card region 2048
 CPUs: 4 total, 4 available
 Memory: 8072M
 Large Page Support: Disabled
 NUMA Support: Disabled
 Compressed Oops: Enabled (32-bit)
 Heap Region Size: 1M
 Heap Min Capacity: 8M
 Heap Initial Capacity: 128M
 Heap Max Capacity: 2020M
 Pre-touch: Disabled
 Parallel Workers: 4
 Concurrent Workers: 1
 Concurrent Refinement Workers: 4
 Periodic GC: Disabled

Heap:
 garbage-first heap   total 185344K, used 119992K [0x0000000081c00000, 0x0000000100000000)
  region size 1024K, 63 young (64512K), 8 survivors (8192K)
 Metaspace       used 67285K, committed 67840K, reserved 1114112K
  class space    used 8961K, committed 9216K, reserved 1048576K

Heap Regions: E=young(eden), S=young(survivor), O=old, HS=humongous(starts), HC=humongous(continues), CS=collection set, F=free, TAMS=top-at-mark-start, PB=parsable bottom
|   0|0x0000000081c00000, 0x0000000081d00000, 0x0000000081d00000|100%|HS|  |TAMS 0x0000000081c00000| PB 0x0000000081c00000| Complete 
|   1|0x0000000081d00000, 0x0000000081e00000, 0x0000000081e00000|100%| O|  |TAMS 0x0000000081d00000| PB 0x0000000081d00000| Untracked 
|   2|0x0000000081e00000, 0x0000000081f00000, 0x0000000081f00000|100%| O|  |TAMS 0x0000000081e00000| PB 0x0000000081e00000| Untracked 
|   3|0x0000000081f00000, 0x0000000082000000, 0x0000000082000000|100%| O|  |TAMS 0x0000000081f00000| PB 0x0000000081f00000| Untracked 
|   4|0x0000000082000000, 0x0000000082100000, 0x0000000082100000|100%| O|  |TAMS 0x0000000082000000| PB 0x0000000082000000| Untracked 
|   5|0x0000000082100000, 0x0000000082200000, 0x0000000082200000|100%| O|  |TAMS 0x0000000082100000| PB 0x0000000082100000| Untracked 
|   6|0x0000000082200000, 0x0000000082300000, 0x0000000082300000|100%| O|  |TAMS 0x0000000082200000| PB 0x0000000082200000| Untracked 
|   7|0x0000000082300000, 0x0000000082400000, 0x0000000082400000|100%| O|  |TAMS 0x0000000082300000| PB 0x0000000082300000| Untracked 
|   8|0x0000000082400000, 0x0000000082500000, 0x0000000082500000|100%| O|  |TAMS 0x0000000082400000| PB 0x0000000082400000| Untracked 
|   9|0x0000000082500000, 0x0000000082600000, 0x0000000082600000|100%| O|  |TAMS 0x0000000082500000| PB 0x0000000082500000| Untracked 
|  10|0x0000000082600000, 0x0000000082700000, 0x0000000082700000|100%| O|  |TAMS 0x0000000082600000| PB 0x0000000082600000| Untracked 
|  11|0x0000000082700000, 0x0000000082800000, 0x0000000082800000|100%| O|  |TAMS 0x0000000082700000| PB 0x0000000082700000| Untracked 
|  12|0x0000000082800000, 0x0000000082900000, 0x0000000082900000|100%| O|  |TAMS 0x0000000082800000| PB 0x0000000082800000| Untracked 
|  13|0x0000000082900000, 0x0000000082a00000, 0x0000000082a00000|100%| O|  |TAMS 0x0000000082900000| PB 0x0000000082900000| Untracked 
|  14|0x0000000082a00000, 0x0000000082b00000, 0x0000000082b00000|100%| O|  |TAMS 0x0000000082a00000| PB 0x0000000082a00000| Untracked 
|  15|0x0000000082b00000, 0x0000000082c00000, 0x0000000082c00000|100%| O|  |TAMS 0x0000000082b00000| PB 0x0000000082b00000| Untracked 
|  16|0x0000000082c00000, 0x0000000082d00000, 0x0000000082d00000|100%| O|Cm|TAMS 0x0000000082c00000| PB 0x0000000082c00000| Complete 
|  17|0x0000000082d00000, 0x0000000082e00000, 0x0000000082e00000|100%| O|  |TAMS 0x0000000082d00000| PB 0x0000000082d00000| Untracked 
|  18|0x0000000082e00000, 0x0000000082f00000, 0x0000000082f00000|100%| O|  |TAMS 0x0000000082e00000| PB 0x0000000082e00000| Untracked 
|  19|0x0000000082f00000, 0x0000000082f00000, 0x0000000083000000|  0%| F|  |TAMS 0x0000000082f00000| PB 0x0000000082f00000| Untracked 
|  20|0x0000000083000000, 0x0000000083100000, 0x0000000083100000|100%| O|  |TAMS 0x0000000083000000| PB 0x0000000083000000| Untracked 
|  21|0x0000000083100000, 0x0000000083200000, 0x0000000083200000|100%| O|Cm|TAMS 0x0000000083100000| PB 0x0000000083100000| Complete 
|  22|0x0000000083200000, 0x0000000083300000, 0x0000000083300000|100%| O|  |TAMS 0x0000000083200000| PB 0x0000000083200000| Untracked 
|  23|0x0000000083300000, 0x0000000083400000, 0x0000000083400000|100%| O|  |TAMS 0x0000000083300000| PB 0x0000000083300000| Untracked 
|  24|0x0000000083400000, 0x0000000083500000, 0x0000000083500000|100%| O|  |TAMS 0x0000000083400000| PB 0x0000000083400000| Untracked 
|  25|0x0000000083500000, 0x0000000083600000, 0x0000000083600000|100%| O|  |TAMS 0x0000000083500000| PB 0x0000000083500000| Untracked 
|  26|0x0000000083600000, 0x0000000083700000, 0x0000000083700000|100%| O|  |TAMS 0x0000000083600000| PB 0x0000000083600000| Untracked 
|  27|0x0000000083700000, 0x0000000083800000, 0x0000000083800000|100%| O|  |TAMS 0x0000000083700000| PB 0x0000000083700000| Untracked 
|  28|0x0000000083800000, 0x0000000083900000, 0x0000000083900000|100%| O|  |TAMS 0x0000000083800000| PB 0x0000000083800000| Untracked 
|  29|0x0000000083900000, 0x0000000083a00000, 0x0000000083a00000|100%| O|  |TAMS 0x0000000083900000| PB 0x0000000083900000| Untracked 
|  30|0x0000000083a00000, 0x0000000083b00000, 0x0000000083b00000|100%| O|  |TAMS 0x0000000083a00000| PB 0x0000000083a00000| Untracked 
|  31|0x0000000083b00000, 0x0000000083c00000, 0x0000000083c00000|100%| O|  |TAMS 0x0000000083b00000| PB 0x0000000083b00000| Untracked 
|  32|0x0000000083c00000, 0x0000000083d00000, 0x0000000083d00000|100%| O|  |TAMS 0x0000000083c00000| PB 0x0000000083c00000| Untracked 
|  33|0x0000000083d00000, 0x0000000083e00000, 0x0000000083e00000|100%| O|  |TAMS 0x0000000083d00000| PB 0x0000000083d00000| Untracked 
|  34|0x0000000083e00000, 0x0000000083f00000, 0x0000000083f00000|100%| O|  |TAMS 0x0000000083e00000| PB 0x0000000083e00000| Untracked 
|  35|0x0000000083f00000, 0x0000000083f00000, 0x0000000084000000|  0%| F|  |TAMS 0x0000000083f00000| PB 0x0000000083f00000| Untracked 
|  36|0x0000000084000000, 0x0000000084100000, 0x0000000084100000|100%| O|  |TAMS 0x0000000084000000| PB 0x0000000084000000| Untracked 
|  37|0x0000000084100000, 0x0000000084200000, 0x0000000084200000|100%| O|  |TAMS 0x0000000084100000| PB 0x0000000084100000| Untracked 
|  38|0x0000000084200000, 0x0000000084300000, 0x0000000084300000|100%| O|  |TAMS 0x0000000084200000| PB 0x0000000084200000| Untracked 
|  39|0x0000000084300000, 0x0000000084400000, 0x0000000084400000|100%| O|  |TAMS 0x0000000084300000| PB 0x0000000084300000| Untracked 
|  40|0x0000000084400000, 0x0000000084500000, 0x0000000084500000|100%| O|  |TAMS 0x0000000084400000| PB 0x0000000084400000| Untracked 
|  41|0x0000000084500000, 0x0000000084600000, 0x0000000084600000|100%| O|  |TAMS 0x0000000084500000| PB 0x0000000084500000| Untracked 
|  42|0x0000000084600000, 0x0000000084700000, 0x0000000084700000|100%| O|  |TAMS 0x0000000084600000| PB 0x0000000084600000| Untracked 
|  43|0x0000000084700000, 0x0000000084800000, 0x0000000084800000|100%| O|  |TAMS 0x0000000084700000| PB 0x0000000084700000| Untracked 
|  44|0x0000000084800000, 0x0000000084900000, 0x0000000084900000|100%| O|  |TAMS 0x0000000084800000| PB 0x0000000084800000| Untracked 
|  45|0x0000000084900000, 0x0000000084a00000, 0x0000000084a00000|100%| O|  |TAMS 0x0000000084900000| PB 0x0000000084900000| Untracked 
|  46|0x0000000084a00000, 0x0000000084b00000, 0x0000000084b00000|100%| O|  |TAMS 0x0000000084a00000| PB 0x0000000084a00000| Untracked 
|  47|0x0000000084b00000, 0x0000000084c00000, 0x0000000084c00000|100%| O|  |TAMS 0x0000000084b00000| PB 0x0000000084b00000| Untracked 
|  48|0x0000000084c00000, 0x0000000084d00000, 0x0000000084d00000|100%| O|  |TAMS 0x0000000084c00000| PB 0x0000000084c00000| Untracked 
|  49|0x0000000084d00000, 0x0000000084e00000, 0x0000000084e00000|100%| O|  |TAMS 0x0000000084d00000| PB 0x0000000084d00000| Untracked 
|  50|0x0000000084e00000, 0x0000000084f00000, 0x0000000084f00000|100%| O|  |TAMS 0x0000000084e00000| PB 0x0000000084e00000| Untracked 
|  51|0x0000000084f00000, 0x0000000085000000, 0x0000000085000000|100%| O|  |TAMS 0x0000000084f00000| PB 0x0000000084f00000| Untracked 
|  52|0x0000000085000000, 0x0000000085100000, 0x0000000085100000|100%| O|  |TAMS 0x0000000085000000| PB 0x0000000085000000| Untracked 
|  53|0x0000000085100000, 0x0000000085200000, 0x0000000085200000|100%| O|  |TAMS 0x0000000085100000| PB 0x0000000085100000| Untracked 
|  54|0x0000000085200000, 0x0000000085300000, 0x0000000085300000|100%| O|  |TAMS 0x0000000085200000| PB 0x0000000085200000| Untracked 
|  55|0x0000000085300000, 0x0000000085400000, 0x0000000085400000|100%| O|  |TAMS 0x0000000085300000| PB 0x0000000085300000| Untracked 
|  56|0x0000000085400000, 0x0000000085500000, 0x0000000085500000|100%| O|  |TAMS 0x0000000085400000| PB 0x0000000085400000| Untracked 
|  57|0x0000000085500000, 0x0000000085565cd0, 0x0000000085600000| 39%| O|  |TAMS 0x0000000085500000| PB 0x0000000085500000| Untracked 
|  58|0x0000000085600000, 0x0000000085600000, 0x0000000085700000|  0%| F|  |TAMS 0x0000000085600000| PB 0x0000000085600000| Untracked 
|  59|0x0000000085700000, 0x0000000085700000, 0x0000000085800000|  0%| F|  |TAMS 0x0000000085700000| PB 0x0000000085700000| Untracked 
|  60|0x0000000085800000, 0x0000000085800000, 0x0000000085900000|  0%| F|  |TAMS 0x0000000085800000| PB 0x0000000085800000| Untracked 
|  61|0x0000000085900000, 0x0000000085900000, 0x0000000085a00000|  0%| F|  |TAMS 0x0000000085900000| PB 0x0000000085900000| Untracked 
|  62|0x0000000085a00000, 0x0000000085a00000, 0x0000000085b00000|  0%| F|  |TAMS 0x0000000085a00000| PB 0x0000000085a00000| Untracked 
|  63|0x0000000085b00000, 0x0000000085b00000, 0x0000000085c00000|  0%| F|  |TAMS 0x0000000085b00000| PB 0x0000000085b00000| Untracked 
|  64|0x0000000085c00000, 0x0000000085c00000, 0x0000000085d00000|  0%| F|  |TAMS 0x0000000085c00000| PB 0x0000000085c00000| Untracked 
|  65|0x0000000085d00000, 0x0000000085d00000, 0x0000000085e00000|  0%| F|  |TAMS 0x0000000085d00000| PB 0x0000000085d00000| Untracked 
|  66|0x0000000085e00000, 0x0000000085e00000, 0x0000000085f00000|  0%| F|  |TAMS 0x0000000085e00000| PB 0x0000000085e00000| Untracked 
|  67|0x0000000085f00000, 0x0000000085f00000, 0x0000000086000000|  0%| F|  |TAMS 0x0000000085f00000| PB 0x0000000085f00000| Untracked 
|  68|0x0000000086000000, 0x0000000086000000, 0x0000000086100000|  0%| F|  |TAMS 0x0000000086000000| PB 0x0000000086000000| Untracked 
|  69|0x0000000086100000, 0x0000000086100000, 0x0000000086200000|  0%| F|  |TAMS 0x0000000086100000| PB 0x0000000086100000| Untracked 
|  70|0x0000000086200000, 0x0000000086200000, 0x0000000086300000|  0%| F|  |TAMS 0x0000000086200000| PB 0x0000000086200000| Untracked 
|  71|0x0000000086300000, 0x0000000086300000, 0x0000000086400000|  0%| F|  |TAMS 0x0000000086300000| PB 0x0000000086300000| Untracked 
|  72|0x0000000086400000, 0x0000000086400000, 0x0000000086500000|  0%| F|  |TAMS 0x0000000086400000| PB 0x0000000086400000| Untracked 
|  73|0x0000000086500000, 0x0000000086500000, 0x0000000086600000|  0%| F|  |TAMS 0x0000000086500000| PB 0x0000000086500000| Untracked 
|  74|0x0000000086600000, 0x0000000086600000, 0x0000000086700000|  0%| F|  |TAMS 0x0000000086600000| PB 0x0000000086600000| Untracked 
|  75|0x0000000086700000, 0x0000000086700000, 0x0000000086800000|  0%| F|  |TAMS 0x0000000086700000| PB 0x0000000086700000| Untracked 
|  76|0x0000000086800000, 0x0000000086800000, 0x0000000086900000|  0%| F|  |TAMS 0x0000000086800000| PB 0x0000000086800000| Untracked 
|  77|0x0000000086900000, 0x0000000086900000, 0x0000000086a00000|  0%| F|  |TAMS 0x0000000086900000| PB 0x0000000086900000| Untracked 
|  78|0x0000000086a00000, 0x0000000086a00000, 0x0000000086b00000|  0%| F|  |TAMS 0x0000000086a00000| PB 0x0000000086a00000| Untracked 
|  79|0x0000000086b00000, 0x0000000086b00000, 0x0000000086c00000|  0%| F|  |TAMS 0x0000000086b00000| PB 0x0000000086b00000| Untracked 
|  80|0x0000000086c00000, 0x0000000086c00000, 0x0000000086d00000|  0%| F|  |TAMS 0x0000000086c00000| PB 0x0000000086c00000| Untracked 
|  81|0x0000000086d00000, 0x0000000086d00000, 0x0000000086e00000|  0%| F|  |TAMS 0x0000000086d00000| PB 0x0000000086d00000| Untracked 
|  82|0x0000000086e00000, 0x0000000086e00000, 0x0000000086f00000|  0%| F|  |TAMS 0x0000000086e00000| PB 0x0000000086e00000| Untracked 
|  83|0x0000000086f00000, 0x0000000086f00000, 0x0000000087000000|  0%| F|  |TAMS 0x0000000086f00000| PB 0x0000000086f00000| Untracked 
|  84|0x0000000087000000, 0x0000000087000000, 0x0000000087100000|  0%| F|  |TAMS 0x0000000087000000| PB 0x0000000087000000| Untracked 
|  85|0x0000000087100000, 0x0000000087100000, 0x0000000087200000|  0%| F|  |TAMS 0x0000000087100000| PB 0x0000000087100000| Untracked 
|  86|0x0000000087200000, 0x0000000087200000, 0x0000000087300000|  0%| F|  |TAMS 0x0000000087200000| PB 0x0000000087200000| Untracked 
|  87|0x0000000087300000, 0x0000000087300000, 0x0000000087400000|  0%| F|  |TAMS 0x0000000087300000| PB 0x0000000087300000| Untracked 
|  88|0x0000000087400000, 0x0000000087400000, 0x0000000087500000|  0%| F|  |TAMS 0x0000000087400000| PB 0x0000000087400000| Untracked 
|  89|0x0000000087500000, 0x0000000087500000, 0x0000000087600000|  0%| F|  |TAMS 0x0000000087500000| PB 0x0000000087500000| Untracked 
|  90|0x0000000087600000, 0x0000000087600000, 0x0000000087700000|  0%| F|  |TAMS 0x0000000087600000| PB 0x0000000087600000| Untracked 
|  91|0x0000000087700000, 0x0000000087700000, 0x0000000087800000|  0%| F|  |TAMS 0x0000000087700000| PB 0x0000000087700000| Untracked 
|  92|0x0000000087800000, 0x0000000087800000, 0x0000000087900000|  0%| F|  |TAMS 0x0000000087800000| PB 0x0000000087800000| Untracked 
|  93|0x0000000087900000, 0x0000000087900000, 0x0000000087a00000|  0%| F|  |TAMS 0x0000000087900000| PB 0x0000000087900000| Untracked 
|  94|0x0000000087a00000, 0x0000000087a00000, 0x0000000087b00000|  0%| F|  |TAMS 0x0000000087a00000| PB 0x0000000087a00000| Untracked 
|  95|0x0000000087b00000, 0x0000000087b00000, 0x0000000087c00000|  0%| F|  |TAMS 0x0000000087b00000| PB 0x0000000087b00000| Untracked 
|  96|0x0000000087c00000, 0x0000000087c00000, 0x0000000087d00000|  0%| F|  |TAMS 0x0000000087c00000| PB 0x0000000087c00000| Untracked 
|  97|0x0000000087d00000, 0x0000000087d00000, 0x0000000087e00000|  0%| F|  |TAMS 0x0000000087d00000| PB 0x0000000087d00000| Untracked 
|  98|0x0000000087e00000, 0x0000000087e00000, 0x0000000087f00000|  0%| F|  |TAMS 0x0000000087e00000| PB 0x0000000087e00000| Untracked 
|  99|0x0000000087f00000, 0x0000000087f00000, 0x0000000088000000|  0%| F|  |TAMS 0x0000000087f00000| PB 0x0000000087f00000| Untracked 
| 100|0x0000000088000000, 0x0000000088000000, 0x0000000088100000|  0%| F|  |TAMS 0x0000000088000000| PB 0x0000000088000000| Untracked 
| 101|0x0000000088100000, 0x0000000088100000, 0x0000000088200000|  0%| F|  |TAMS 0x0000000088100000| PB 0x0000000088100000| Untracked 
| 102|0x0000000088200000, 0x0000000088200000, 0x0000000088300000|  0%| F|  |TAMS 0x0000000088200000| PB 0x0000000088200000| Untracked 
| 103|0x0000000088300000, 0x0000000088300000, 0x0000000088400000|  0%| F|  |TAMS 0x0000000088300000| PB 0x0000000088300000| Untracked 
| 104|0x0000000088400000, 0x0000000088400000, 0x0000000088500000|  0%| F|  |TAMS 0x0000000088400000| PB 0x0000000088400000| Untracked 
| 105|0x0000000088500000, 0x0000000088500000, 0x0000000088600000|  0%| F|  |TAMS 0x0000000088500000| PB 0x0000000088500000| Untracked 
| 106|0x0000000088600000, 0x0000000088600000, 0x0000000088700000|  0%| F|  |TAMS 0x0000000088600000| PB 0x0000000088600000| Untracked 
| 107|0x0000000088700000, 0x0000000088700000, 0x0000000088800000|  0%| F|  |TAMS 0x0000000088700000| PB 0x0000000088700000| Untracked 
| 108|0x0000000088800000, 0x0000000088800000, 0x0000000088900000|  0%| F|  |TAMS 0x0000000088800000| PB 0x0000000088800000| Untracked 
| 109|0x0000000088900000, 0x0000000088900000, 0x0000000088a00000|  0%| F|  |TAMS 0x0000000088900000| PB 0x0000000088900000| Untracked 
| 110|0x0000000088a00000, 0x0000000088a00000, 0x0000000088b00000|  0%| F|  |TAMS 0x0000000088a00000| PB 0x0000000088a00000| Untracked 
| 111|0x0000000088b00000, 0x0000000088b00000, 0x0000000088c00000|  0%| F|  |TAMS 0x0000000088b00000| PB 0x0000000088b00000| Untracked 
| 112|0x0000000088c00000, 0x0000000088c00000, 0x0000000088d00000|  0%| F|  |TAMS 0x0000000088c00000| PB 0x0000000088c00000| Untracked 
| 113|0x0000000088d00000, 0x0000000088d00000, 0x0000000088e00000|  0%| F|  |TAMS 0x0000000088d00000| PB 0x0000000088d00000| Untracked 
| 114|0x0000000088e00000, 0x0000000088e00000, 0x0000000088f00000|  0%| F|  |TAMS 0x0000000088e00000| PB 0x0000000088e00000| Untracked 
| 115|0x0000000088f00000, 0x0000000088f00000, 0x0000000089000000|  0%| F|  |TAMS 0x0000000088f00000| PB 0x0000000088f00000| Untracked 
| 116|0x0000000089000000, 0x0000000089000000, 0x0000000089100000|  0%| F|  |TAMS 0x0000000089000000| PB 0x0000000089000000| Untracked 
| 117|0x0000000089100000, 0x0000000089180000, 0x0000000089200000| 50%| E|  |TAMS 0x0000000089100000| PB 0x0000000089100000| Complete 
| 118|0x0000000089200000, 0x0000000089300000, 0x0000000089300000|100%| E|CS|TAMS 0x0000000089200000| PB 0x0000000089200000| Complete 
| 119|0x0000000089300000, 0x0000000089400000, 0x0000000089400000|100%| E|CS|TAMS 0x0000000089300000| PB 0x0000000089300000| Complete 
| 120|0x0000000089400000, 0x0000000089500000, 0x0000000089500000|100%| E|CS|TAMS 0x0000000089400000| PB 0x0000000089400000| Complete 
| 121|0x0000000089500000, 0x0000000089600000, 0x0000000089600000|100%| E|CS|TAMS 0x0000000089500000| PB 0x0000000089500000| Complete 
| 122|0x0000000089600000, 0x0000000089700000, 0x0000000089700000|100%| E|CS|TAMS 0x0000000089600000| PB 0x0000000089600000| Complete 
| 123|0x0000000089700000, 0x0000000089800000, 0x0000000089800000|100%| E|CS|TAMS 0x0000000089700000| PB 0x0000000089700000| Complete 
| 124|0x0000000089800000, 0x0000000089900000, 0x0000000089900000|100%| E|CS|TAMS 0x0000000089800000| PB 0x0000000089800000| Complete 
| 125|0x0000000089900000, 0x0000000089a00000, 0x0000000089a00000|100%| E|CS|TAMS 0x0000000089900000| PB 0x0000000089900000| Complete 
| 126|0x0000000089a00000, 0x0000000089b00000, 0x0000000089b00000|100%| E|CS|TAMS 0x0000000089a00000| PB 0x0000000089a00000| Complete 
| 127|0x0000000089b00000, 0x0000000089c00000, 0x0000000089c00000|100%| E|CS|TAMS 0x0000000089b00000| PB 0x0000000089b00000| Complete 
| 128|0x0000000089c00000, 0x0000000089d00000, 0x0000000089d00000|100%| E|CS|TAMS 0x0000000089c00000| PB 0x0000000089c00000| Complete 
| 129|0x0000000089d00000, 0x0000000089e00000, 0x0000000089e00000|100%| E|CS|TAMS 0x0000000089d00000| PB 0x0000000089d00000| Complete 
| 130|0x0000000089e00000, 0x0000000089f00000, 0x0000000089f00000|100%| E|CS|TAMS 0x0000000089e00000| PB 0x0000000089e00000| Complete 
| 131|0x0000000089f00000, 0x000000008a000000, 0x000000008a000000|100%| E|CS|TAMS 0x0000000089f00000| PB 0x0000000089f00000| Complete 
| 132|0x000000008a000000, 0x000000008a100000, 0x000000008a100000|100%| E|CS|TAMS 0x000000008a000000| PB 0x000000008a000000| Complete 
| 133|0x000000008a100000, 0x000000008a200000, 0x000000008a200000|100%| E|CS|TAMS 0x000000008a100000| PB 0x000000008a100000| Complete 
| 134|0x000000008a200000, 0x000000008a300000, 0x000000008a300000|100%| E|CS|TAMS 0x000000008a200000| PB 0x000000008a200000| Complete 
| 135|0x000000008a300000, 0x000000008a400000, 0x000000008a400000|100%| E|CS|TAMS 0x000000008a300000| PB 0x000000008a300000| Complete 
| 136|0x000000008a400000, 0x000000008a500000, 0x000000008a500000|100%| E|CS|TAMS 0x000000008a400000| PB 0x000000008a400000| Complete 
| 137|0x000000008a500000, 0x000000008a600000, 0x000000008a600000|100%| E|CS|TAMS 0x000000008a500000| PB 0x000000008a500000| Complete 
| 138|0x000000008a600000, 0x000000008a700000, 0x000000008a700000|100%| E|CS|TAMS 0x000000008a600000| PB 0x000000008a600000| Complete 
| 139|0x000000008a700000, 0x000000008a800000, 0x000000008a800000|100%| E|CS|TAMS 0x000000008a700000| PB 0x000000008a700000| Complete 
| 140|0x000000008a800000, 0x000000008a900000, 0x000000008a900000|100%| E|CS|TAMS 0x000000008a800000| PB 0x000000008a800000| Complete 
| 141|0x000000008a900000, 0x000000008aa00000, 0x000000008aa00000|100%| E|CS|TAMS 0x000000008a900000| PB 0x000000008a900000| Complete 
| 142|0x000000008aa00000, 0x000000008ab00000, 0x000000008ab00000|100%| E|CS|TAMS 0x000000008aa00000| PB 0x000000008aa00000| Complete 
| 143|0x000000008ab00000, 0x000000008ac00000, 0x000000008ac00000|100%| E|CS|TAMS 0x000000008ab00000| PB 0x000000008ab00000| Complete 
| 144|0x000000008ac00000, 0x000000008ad00000, 0x000000008ad00000|100%| E|CS|TAMS 0x000000008ac00000| PB 0x000000008ac00000| Complete 
| 145|0x000000008ad00000, 0x000000008adc83e0, 0x000000008ae00000| 78%| S|CS|TAMS 0x000000008ad00000| PB 0x000000008ad00000| Complete 
| 146|0x000000008ae00000, 0x000000008af00000, 0x000000008af00000|100%| S|CS|TAMS 0x000000008ae00000| PB 0x000000008ae00000| Complete 
| 147|0x000000008af00000, 0x000000008b000000, 0x000000008b000000|100%| S|CS|TAMS 0x000000008af00000| PB 0x000000008af00000| Complete 
| 148|0x000000008b000000, 0x000000008b100000, 0x000000008b100000|100%| S|CS|TAMS 0x000000008b000000| PB 0x000000008b000000| Complete 
| 149|0x000000008b100000, 0x000000008b200000, 0x000000008b200000|100%| S|CS|TAMS 0x000000008b100000| PB 0x000000008b100000| Complete 
| 150|0x000000008b200000, 0x000000008b300000, 0x000000008b300000|100%| S|CS|TAMS 0x000000008b200000| PB 0x000000008b200000| Complete 
| 151|0x000000008b300000, 0x000000008b400000, 0x000000008b400000|100%| S|CS|TAMS 0x000000008b300000| PB 0x000000008b300000| Complete 
| 152|0x000000008b400000, 0x000000008b500000, 0x000000008b500000|100%| S|CS|TAMS 0x000000008b400000| PB 0x000000008b400000| Complete 
| 153|0x000000008b500000, 0x000000008b600000, 0x000000008b600000|100%| E|CS|TAMS 0x000000008b500000| PB 0x000000008b500000| Complete 
| 154|0x000000008b600000, 0x000000008b700000, 0x000000008b700000|100%| E|CS|TAMS 0x000000008b600000| PB 0x000000008b600000| Complete 
| 155|0x000000008b700000, 0x000000008b800000, 0x000000008b800000|100%| E|CS|TAMS 0x000000008b700000| PB 0x000000008b700000| Complete 
| 156|0x000000008b800000, 0x000000008b900000, 0x000000008b900000|100%| E|CS|TAMS 0x000000008b800000| PB 0x000000008b800000| Complete 
| 157|0x000000008b900000, 0x000000008ba00000, 0x000000008ba00000|100%| E|CS|TAMS 0x000000008b900000| PB 0x000000008b900000| Complete 
| 158|0x000000008ba00000, 0x000000008bb00000, 0x000000008bb00000|100%| E|CS|TAMS 0x000000008ba00000| PB 0x000000008ba00000| Complete 
| 159|0x000000008bb00000, 0x000000008bc00000, 0x000000008bc00000|100%| E|CS|TAMS 0x000000008bb00000| PB 0x000000008bb00000| Complete 
| 160|0x000000008bc00000, 0x000000008bd00000, 0x000000008bd00000|100%| E|CS|TAMS 0x000000008bc00000| PB 0x000000008bc00000| Complete 
| 161|0x000000008bd00000, 0x000000008be00000, 0x000000008be00000|100%| E|CS|TAMS 0x000000008bd00000| PB 0x000000008bd00000| Complete 
| 162|0x000000008be00000, 0x000000008bf00000, 0x000000008bf00000|100%| E|CS|TAMS 0x000000008be00000| PB 0x000000008be00000| Complete 
| 163|0x000000008bf00000, 0x000000008c000000, 0x000000008c000000|100%| E|CS|TAMS 0x000000008bf00000| PB 0x000000008bf00000| Complete 
| 164|0x000000008c000000, 0x000000008c100000, 0x000000008c100000|100%| E|CS|TAMS 0x000000008c000000| PB 0x000000008c000000| Complete 
| 165|0x000000008c100000, 0x000000008c200000, 0x000000008c200000|100%| E|CS|TAMS 0x000000008c100000| PB 0x000000008c100000| Complete 
| 166|0x000000008c200000, 0x000000008c300000, 0x000000008c300000|100%| E|CS|TAMS 0x000000008c200000| PB 0x000000008c200000| Complete 
| 167|0x000000008c300000, 0x000000008c400000, 0x000000008c400000|100%| E|CS|TAMS 0x000000008c300000| PB 0x000000008c300000| Complete 
| 168|0x000000008c400000, 0x000000008c500000, 0x000000008c500000|100%| E|CS|TAMS 0x000000008c400000| PB 0x000000008c400000| Complete 
| 169|0x000000008c500000, 0x000000008c600000, 0x000000008c600000|100%| E|CS|TAMS 0x000000008c500000| PB 0x000000008c500000| Complete 
| 170|0x000000008c600000, 0x000000008c700000, 0x000000008c700000|100%| E|CS|TAMS 0x000000008c600000| PB 0x000000008c600000| Complete 
| 171|0x000000008c700000, 0x000000008c800000, 0x000000008c800000|100%| E|CS|TAMS 0x000000008c700000| PB 0x000000008c700000| Complete 
| 172|0x000000008c800000, 0x000000008c900000, 0x000000008c900000|100%| E|CS|TAMS 0x000000008c800000| PB 0x000000008c800000| Complete 
| 173|0x000000008c900000, 0x000000008ca00000, 0x000000008ca00000|100%| E|CS|TAMS 0x000000008c900000| PB 0x000000008c900000| Complete 
| 174|0x000000008ca00000, 0x000000008cb00000, 0x000000008cb00000|100%| E|CS|TAMS 0x000000008ca00000| PB 0x000000008ca00000| Complete 
| 175|0x000000008cb00000, 0x000000008cc00000, 0x000000008cc00000|100%| E|CS|TAMS 0x000000008cb00000| PB 0x000000008cb00000| Complete 
| 176|0x000000008cc00000, 0x000000008cd00000, 0x000000008cd00000|100%| E|CS|TAMS 0x000000008cc00000| PB 0x000000008cc00000| Complete 
| 177|0x000000008cd00000, 0x000000008ce00000, 0x000000008ce00000|100%| E|CS|TAMS 0x000000008cd00000| PB 0x000000008cd00000| Complete 
| 178|0x000000008ce00000, 0x000000008cf00000, 0x000000008cf00000|100%| E|CS|TAMS 0x000000008ce00000| PB 0x000000008ce00000| Complete 
| 179|0x000000008cf00000, 0x000000008d000000, 0x000000008d000000|100%| E|CS|TAMS 0x000000008cf00000| PB 0x000000008cf00000| Complete 
| 180|0x000000008d000000, 0x000000008d100000, 0x000000008d100000|100%| E|CS|TAMS 0x000000008d000000| PB 0x000000008d000000| Complete 

Card table byte_map: [0x0000023149da0000,0x000002314a1a0000] _byte_map_base: 0x0000023149992000

Marking Bits: (CMBitMap*) 0x0000023137052c50
 Bits: [0x000002314a1a0000, 0x000002314c130000)

Polling page: 0x0000023134dc0000

Metaspace:

Usage:
  Non-class:     56.99 MB used.
      Class:      8.75 MB used.
       Both:     65.74 MB used.

Virtual space:
  Non-class space:       64.00 MB reserved,      57.31 MB ( 90%) committed,  1 nodes.
      Class space:        1.00 GB reserved,       9.00 MB ( <1%) committed,  1 nodes.
             Both:        1.06 GB reserved,      66.31 MB (  6%) committed. 

Chunk freelists:
   Non-Class:  6.69 MB
       Class:  6.89 MB
        Both:  13.58 MB

MaxMetaspaceSize: unlimited
CompressedClassSpaceSize: 1.00 GB
Initial GC threshold: 21.00 MB
Current GC threshold: 101.38 MB
CDS: on
 - commit_granule_bytes: 65536.
 - commit_granule_words: 8192.
 - virtual_space_node_default_size: 8388608.
 - enlarge_chunks_in_place: 1.
 - use_allocation_guard: 0.


Internal statistics:

num_allocs_failed_limit: 24.
num_arena_births: 856.
num_arena_deaths: 0.
num_vsnodes_births: 2.
num_vsnodes_deaths: 0.
num_space_committed: 1061.
num_space_uncommitted: 0.
num_chunks_returned_to_freelist: 24.
num_chunks_taken_from_freelist: 3215.
num_chunk_merges: 21.
num_chunk_splits: 2296.
num_chunks_enlarged: 1777.
num_inconsistent_stats: 0.

CodeHeap 'non-profiled nmethods': size=120000Kb used=4413Kb max_used=4413Kb free=115587Kb
 bounds [0x0000023142470000, 0x00000231428c0000, 0x00000231499a0000]
CodeHeap 'profiled nmethods': size=120000Kb used=13383Kb max_used=13383Kb free=106616Kb
 bounds [0x000002313a9a0000, 0x000002313b6c0000, 0x0000023141ed0000]
CodeHeap 'non-nmethods': size=5760Kb used=1697Kb max_used=1717Kb free=4062Kb
 bounds [0x0000023141ed0000, 0x0000023142140000, 0x0000023142470000]
CodeCache: size=245760Kb, used=19493Kb, max_used=19513Kb, free=226265Kb
 total_blobs=7908, nmethods=7185, adapters=626, full_count=0
Compilation: enabled, stopped_count=0, restarted_count=0

Compilation events (20 events):
Event: 14.920 Thread 0x000002314e6753e0 nmethod 8077 0x000002313b698990 code [0x000002313b698ce0, 0x000002313b69a008]
Event: 14.920 Thread 0x000002314e6753e0 8078       1       org.springframework.boot.context.properties.ConfigurationPropertiesBinder$ConfigurationPropertiesBinderFactory::getObjectType (3 bytes)
Event: 14.920 Thread 0x000002314e6753e0 nmethod 8078 0x00000231428be210 code [0x00000231428be3a0, 0x00000231428be470]
Event: 14.922 Thread 0x000002314e6753e0 8079   !   3       java.util.concurrent.ConcurrentHashMap::computeIfAbsent (576 bytes)
Event: 14.926 Thread 0x000002314e6753e0 nmethod 8079 0x000002313b69a690 code [0x000002313b69aae0, 0x000002313b69cd80]
Event: 14.931 Thread 0x000002314e6753e0 8080       2       sun.reflect.generics.reflectiveObjects.WildcardTypeImpl::getUpperBounds (34 bytes)
Event: 14.931 Thread 0x000002314e6753e0 nmethod 8080 0x000002313b69dd90 code [0x000002313b69df60, 0x000002313b69e238]
Event: 14.931 Thread 0x000002314e6753e0 8081       2       sun.reflect.generics.reflectiveObjects.WildcardTypeImpl::getLowerBounds (34 bytes)
Event: 14.932 Thread 0x000002314e6753e0 nmethod 8081 0x000002313b69e310 code [0x000002313b69e4e0, 0x000002313b69e7b8]
Event: 14.933 Thread 0x000002314e6753e0 8083       1       java.beans.FeatureDescriptor::getName (5 bytes)
Event: 14.933 Thread 0x000002314e6753e0 nmethod 8083 0x00000231428be510 code [0x00000231428be6a0, 0x00000231428be768]
Event: 14.933 Thread 0x000002314e6753e0 8084       1       org.springframework.beans.GenericTypeAwarePropertyDescriptor::getReadMethod (5 bytes)
Event: 14.933 Thread 0x000002314e6753e0 nmethod 8084 0x00000231428be810 code [0x00000231428be9a0, 0x00000231428bea68]
Event: 14.933 Thread 0x000002314e6753e0 8085       2       java.beans.MethodRef::<init> (5 bytes)
Event: 14.933 Thread 0x000002314e6753e0 nmethod 8085 0x000002313b106210 code [0x000002313b1063a0, 0x000002313b1064a8]
Event: 14.933 Thread 0x000002314e6753e0 8086       1       java.beans.FeatureDescriptor::setName (6 bytes)
Event: 14.933 Thread 0x000002314e6753e0 nmethod 8086 0x00000231428beb10 code [0x00000231428beca0, 0x00000231428bedb0]
Event: 14.935 Thread 0x000002314e6753e0 8088       3       java.nio.charset.CoderResult::isUnderflow (13 bytes)
Event: 14.935 Thread 0x000002314e6753e0 nmethod 8088 0x000002313b69e890 code [0x000002313b69ea20, 0x000002313b69eb80]
Event: 14.935 Thread 0x000002314e6753e0 8087       3       sun.nio.cs.UTF_8$Decoder::decodeArrayLoop (688 bytes)

GC Heap History (20 events):
Event: 4.894 GC heap before
{Heap before GC invocations=8 (full 0):
 garbage-first heap   total 79872K, used 62503K [0x0000000081c00000, 0x0000000100000000)
  region size 1024K, 41 young (41984K), 3 survivors (3072K)
 Metaspace       used 23379K, committed 23744K, reserved 1114112K
  class space    used 2914K, committed 3072K, reserved 1048576K
}
Event: 4.905 GC heap after
{Heap after GC invocations=9 (full 0):
 garbage-first heap   total 79872K, used 28467K [0x0000000081c00000, 0x0000000100000000)
  region size 1024K, 6 young (6144K), 6 survivors (6144K)
 Metaspace       used 23379K, committed 23744K, reserved 1114112K
  class space    used 2914K, committed 3072K, reserved 1048576K
}
Event: 5.121 GC heap before
{Heap before GC invocations=9 (full 0):
 garbage-first heap   total 79872K, used 66355K [0x0000000081c00000, 0x0000000100000000)
  region size 1024K, 43 young (44032K), 6 survivors (6144K)
 Metaspace       used 23382K, committed 23744K, reserved 1114112K
  class space    used 2914K, committed 3072K, reserved 1048576K
}
Event: 5.142 GC heap after
{Heap after GC invocations=10 (full 0):
 garbage-first heap   total 79872K, used 32768K [0x0000000081c00000, 0x0000000100000000)
  region size 1024K, 4 young (4096K), 4 survivors (4096K)
 Metaspace       used 23382K, committed 23744K, reserved 1114112K
  class space    used 2914K, committed 3072K, reserved 1048576K
}
Event: 5.342 GC heap before
{Heap before GC invocations=10 (full 0):
 garbage-first heap   total 79872K, used 67584K [0x0000000081c00000, 0x0000000100000000)
  region size 1024K, 38 young (38912K), 4 survivors (4096K)
 Metaspace       used 23409K, committed 23744K, reserved 1114112K
  class space    used 2916K, committed 3072K, reserved 1048576K
}
Event: 5.356 GC heap after
{Heap after GC invocations=11 (full 0):
 garbage-first heap   total 79872K, used 36587K [0x0000000081c00000, 0x0000000100000000)
  region size 1024K, 4 young (4096K), 4 survivors (4096K)
 Metaspace       used 23409K, committed 23744K, reserved 1114112K
  class space    used 2916K, committed 3072K, reserved 1048576K
}
Event: 5.516 GC heap before
{Heap before GC invocations=11 (full 0):
 garbage-first heap   total 79872K, used 68331K [0x0000000081c00000, 0x0000000100000000)
  region size 1024K, 36 young (36864K), 4 survivors (4096K)
 Metaspace       used 23413K, committed 23744K, reserved 1114112K
  class space    used 2917K, committed 3072K, reserved 1048576K
}
Event: 5.533 GC heap after
{Heap after GC invocations=12 (full 0):
 garbage-first heap   total 132096K, used 40719K [0x0000000081c00000, 0x0000000100000000)
  region size 1024K, 4 young (4096K), 4 survivors (4096K)
 Metaspace       used 23413K, committed 23744K, reserved 1114112K
  class space    used 2917K, committed 3072K, reserved 1048576K
}
Event: 6.073 GC heap before
{Heap before GC invocations=12 (full 0):
 garbage-first heap   total 132096K, used 111375K [0x0000000081c00000, 0x0000000100000000)
  region size 1024K, 74 young (75776K), 4 survivors (4096K)
 Metaspace       used 23987K, committed 24384K, reserved 1114112K
  class space    used 2988K, committed 3200K, reserved 1048576K
}
Event: 6.095 GC heap after
{Heap after GC invocations=13 (full 0):
 garbage-first heap   total 132096K, used 49152K [0x0000000081c00000, 0x0000000100000000)
  region size 1024K, 10 young (10240K), 10 survivors (10240K)
 Metaspace       used 23987K, committed 24384K, reserved 1114112K
  class space    used 2988K, committed 3200K, reserved 1048576K
}
Event: 7.647 GC heap before
{Heap before GC invocations=13 (full 0):
 garbage-first heap   total 132096K, used 109568K [0x0000000081c00000, 0x0000000100000000)
  region size 1024K, 70 young (71680K), 10 survivors (10240K)
 Metaspace       used 28723K, committed 29120K, reserved 1114112K
  class space    used 3632K, committed 3840K, reserved 1048576K
}
Event: 7.667 GC heap after
{Heap after GC invocations=14 (full 0):
 garbage-first heap   total 132096K, used 55102K [0x0000000081c00000, 0x0000000100000000)
  region size 1024K, 6 young (6144K), 6 survivors (6144K)
 Metaspace       used 28723K, committed 29120K, reserved 1114112K
  class space    used 3632K, committed 3840K, reserved 1048576K
}
Event: 8.930 GC heap before
{Heap before GC invocations=14 (full 0):
 garbage-first heap   total 132096K, used 89918K [0x0000000081c00000, 0x0000000100000000)
  region size 1024K, 41 young (41984K), 6 survivors (6144K)
 Metaspace       used 35542K, committed 35968K, reserved 1114112K
  class space    used 4513K, committed 4736K, reserved 1048576K
}
Event: 8.945 GC heap after
{Heap after GC invocations=15 (full 0):
 garbage-first heap   total 132096K, used 58621K [0x0000000081c00000, 0x0000000100000000)
  region size 1024K, 4 young (4096K), 4 survivors (4096K)
 Metaspace       used 35542K, committed 35968K, reserved 1114112K
  class space    used 4513K, committed 4736K, reserved 1048576K
}
Event: 9.996 GC heap before
{Heap before GC invocations=16 (full 0):
 garbage-first heap   total 132096K, used 114941K [0x0000000081c00000, 0x0000000100000000)
  region size 1024K, 59 young (60416K), 4 survivors (4096K)
 Metaspace       used 38353K, committed 38912K, reserved 1114112K
  class space    used 4929K, committed 5184K, reserved 1048576K
}
Event: 10.007 GC heap after
{Heap after GC invocations=17 (full 0):
 garbage-first heap   total 132096K, used 62708K [0x0000000081c00000, 0x0000000100000000)
  region size 1024K, 8 young (8192K), 8 survivors (8192K)
 Metaspace       used 38353K, committed 38912K, reserved 1114112K
  class space    used 4929K, committed 5184K, reserved 1048576K
}
Event: 12.472 GC heap before
{Heap before GC invocations=17 (full 0):
 garbage-first heap   total 132096K, used 115956K [0x0000000081c00000, 0x0000000100000000)
  region size 1024K, 60 young (61440K), 8 survivors (8192K)
 Metaspace       used 53695K, committed 54272K, reserved 1114112K
  class space    used 6966K, committed 7232K, reserved 1048576K
}
Event: 12.486 GC heap after
{Heap after GC invocations=18 (full 0):
 garbage-first heap   total 185344K, used 63176K [0x0000000081c00000, 0x0000000100000000)
  region size 1024K, 7 young (7168K), 7 survivors (7168K)
 Metaspace       used 53695K, committed 54272K, reserved 1114112K
  class space    used 6966K, committed 7232K, reserved 1048576K
}
Event: 13.453 GC heap before
{Heap before GC invocations=18 (full 0):
 garbage-first heap   total 185344K, used 90824K [0x0000000081c00000, 0x0000000100000000)
  region size 1024K, 35 young (35840K), 7 survivors (7168K)
 Metaspace       used 60671K, committed 61248K, reserved 1114112K
  class space    used 7899K, committed 8128K, reserved 1048576K
}
Event: 13.468 GC heap after
{Heap after GC invocations=19 (full 0):
 garbage-first heap   total 185344K, used 64696K [0x0000000081c00000, 0x0000000100000000)
  region size 1024K, 8 young (8192K), 8 survivors (8192K)
 Metaspace       used 60671K, committed 61248K, reserved 1114112K
  class space    used 7899K, committed 8128K, reserved 1048576K
}

Dll operation events (11 events):
Event: 0.018 Loaded shared library C:\Users\WIN 10\.p2\pool\plugins\org.eclipse.justj.openjdk.hotspot.jre.full.win32.x86_64_21.0.8.v20250724-1412\jre\bin\java.dll
Event: 0.132 Loaded shared library C:\Users\WIN 10\.p2\pool\plugins\org.eclipse.justj.openjdk.hotspot.jre.full.win32.x86_64_21.0.8.v20250724-1412\jre\bin\zip.dll
Event: 0.394 Loaded shared library C:\Users\WIN 10\.p2\pool\plugins\org.eclipse.justj.openjdk.hotspot.jre.full.win32.x86_64_21.0.8.v20250724-1412\jre\bin\net.dll
Event: 0.397 Loaded shared library C:\Users\WIN 10\.p2\pool\plugins\org.eclipse.justj.openjdk.hotspot.jre.full.win32.x86_64_21.0.8.v20250724-1412\jre\bin\nio.dll
Event: 0.401 Loaded shared library C:\Users\WIN 10\.p2\pool\plugins\org.eclipse.justj.openjdk.hotspot.jre.full.win32.x86_64_21.0.8.v20250724-1412\jre\bin\zip.dll
Event: 0.591 Loaded shared library C:\Users\WIN 10\.p2\pool\plugins\org.eclipse.justj.openjdk.hotspot.jre.full.win32.x86_64_21.0.8.v20250724-1412\jre\bin\jimage.dll
Event: 3.276 Loaded shared library C:\Users\WIN 10\.p2\pool\plugins\org.eclipse.justj.openjdk.hotspot.jre.full.win32.x86_64_21.0.8.v20250724-1412\jre\bin\sunmscapi.dll
Event: 9.116 Loaded shared library C:\Users\WIN 10\.p2\pool\plugins\org.eclipse.justj.openjdk.hotspot.jre.full.win32.x86_64_21.0.8.v20250724-1412\jre\bin\management.dll
Event: 9.118 Loaded shared library C:\Users\WIN 10\.p2\pool\plugins\org.eclipse.justj.openjdk.hotspot.jre.full.win32.x86_64_21.0.8.v20250724-1412\jre\bin\management_ext.dll
Event: 10.639 Loaded shared library C:\Users\WIN 10\.p2\pool\plugins\org.eclipse.justj.openjdk.hotspot.jre.full.win32.x86_64_21.0.8.v20250724-1412\jre\bin\verify.dll
Event: 11.190 Loaded shared library C:\Users\WIN 10\.p2\pool\plugins\org.eclipse.justj.openjdk.hotspot.jre.full.win32.x86_64_21.0.8.v20250724-1412\jre\bin\extnet.dll

Deoptimization events (20 events):
Event: 14.930 Thread 0x0000023134e5e820 Uncommon trap: trap_request=0xffffffde fr.pc=0x000002314269b1f4 relative=0x0000000000000394
Event: 14.930 Thread 0x0000023134e5e820 Uncommon trap: reason=class_check action=maybe_recompile pc=0x000002314269b1f4 method=java.util.WeakHashMap.matchesKey(Ljava/util/WeakHashMap$Entry;Ljava/lang/Object;)Z @ 21 c2
Event: 14.930 Thread 0x0000023134e5e820 DEOPT PACKING pc=0x000002314269b1f4 sp=0x000000c7299fcde0
Event: 14.930 Thread 0x0000023134e5e820 DEOPT UNPACKING pc=0x0000023141f246a2 sp=0x000000c7299fcd18 mode 2
Event: 14.930 Thread 0x0000023134e5e820 Uncommon trap: trap_request=0xffffffde fr.pc=0x0000023142897178 relative=0x0000000000000158
Event: 14.930 Thread 0x0000023134e5e820 Uncommon trap: reason=class_check action=maybe_recompile pc=0x0000023142897178 method=sun.reflect.generics.reflectiveObjects.ParameterizedTypeImpl.getActualTypeArguments()[Ljava/lang/reflect/Type; @ 7 c2
Event: 14.930 Thread 0x0000023134e5e820 DEOPT PACKING pc=0x0000023142897178 sp=0x000000c7299fcc70
Event: 14.930 Thread 0x0000023134e5e820 DEOPT UNPACKING pc=0x0000023141f246a2 sp=0x000000c7299fcc30 mode 2
Event: 14.931 Thread 0x0000023134e5e820 Uncommon trap: trap_request=0xffffffde fr.pc=0x000002314269b1f4 relative=0x0000000000000394
Event: 14.931 Thread 0x0000023134e5e820 Uncommon trap: reason=class_check action=maybe_recompile pc=0x000002314269b1f4 method=java.util.WeakHashMap.matchesKey(Ljava/util/WeakHashMap$Entry;Ljava/lang/Object;)Z @ 21 c2
Event: 14.931 Thread 0x0000023134e5e820 DEOPT PACKING pc=0x000002314269b1f4 sp=0x000000c7299fcbb0
Event: 14.931 Thread 0x0000023134e5e820 DEOPT UNPACKING pc=0x0000023141f246a2 sp=0x000000c7299fcae8 mode 2
Event: 14.931 Thread 0x0000023134e5e820 Uncommon trap: trap_request=0xffffffde fr.pc=0x0000023142897178 relative=0x0000000000000158
Event: 14.931 Thread 0x0000023134e5e820 Uncommon trap: reason=class_check action=maybe_recompile pc=0x0000023142897178 method=sun.reflect.generics.reflectiveObjects.ParameterizedTypeImpl.getActualTypeArguments()[Ljava/lang/reflect/Type; @ 7 c2
Event: 14.931 Thread 0x0000023134e5e820 DEOPT PACKING pc=0x0000023142897178 sp=0x000000c7299fca40
Event: 14.931 Thread 0x0000023134e5e820 DEOPT UNPACKING pc=0x0000023141f246a2 sp=0x000000c7299fca00 mode 2
Event: 14.938 Thread 0x0000023134e5e820 Uncommon trap: trap_request=0xffffff45 fr.pc=0x00000231427a1288 relative=0x0000000000002b08
Event: 14.938 Thread 0x0000023134e5e820 Uncommon trap: reason=unstable_if action=reinterpret pc=0x00000231427a1288 method=org.springframework.beans.factory.support.AbstractAutowireCapableBeanFactory.getSingletonFactoryBeanForTypeCheck(Ljava/lang/String;Lorg/springframework/beans/factory/support
Event: 14.938 Thread 0x0000023134e5e820 DEOPT PACKING pc=0x00000231427a1288 sp=0x000000c7299fcb00
Event: 14.938 Thread 0x0000023134e5e820 DEOPT UNPACKING pc=0x0000023141f246a2 sp=0x000000c7299fc9f8 mode 2

Classes loaded (20 events):
Event: 14.877 Loading class jdk/internal/reflect/ByteVectorImpl
Event: 14.877 Loading class jdk/internal/reflect/ByteVector
Event: 14.877 Loading class jdk/internal/reflect/ByteVector done
Event: 14.878 Loading class jdk/internal/reflect/ByteVectorImpl done
Event: 14.878 Loading class jdk/internal/reflect/ClassFileAssembler
Event: 14.878 Loading class jdk/internal/reflect/ClassFileAssembler done
Event: 14.878 Loading class jdk/internal/reflect/UTF8
Event: 14.878 Loading class jdk/internal/reflect/UTF8 done
Event: 14.879 Loading class jdk/internal/reflect/Label
Event: 14.879 Loading class jdk/internal/reflect/Label done
Event: 14.880 Loading class jdk/internal/reflect/Label$PatchInfo
Event: 14.880 Loading class jdk/internal/reflect/Label$PatchInfo done
Event: 14.880 Loading class jdk/internal/reflect/MethodAccessorGenerator$1
Event: 14.880 Loading class jdk/internal/reflect/MethodAccessorGenerator$1 done
Event: 14.880 Loading class jdk/internal/reflect/ClassDefiner
Event: 14.880 Loading class jdk/internal/reflect/ClassDefiner done
Event: 14.880 Loading class jdk/internal/reflect/ClassDefiner$1
Event: 14.880 Loading class jdk/internal/reflect/ClassDefiner$1 done
Event: 14.881 Loading class jdk/internal/reflect/SerializationConstructorAccessorImpl
Event: 14.881 Loading class jdk/internal/reflect/SerializationConstructorAccessorImpl done

Classes unloaded (0 events):
No events

Classes redefined (0 events):
No events

Internal exceptions (20 events):
Event: 12.033 Thread 0x0000023134e5e820 Exception <a 'java/lang/NoSuchMethodError'{0x0000000087047150}: 'int java.lang.invoke.Invokers$Holder.invokeExact_MT(java.lang.Object, java.lang.Object)'> (0x0000000087047150) 
thrown [s\src\hotspot\share\interpreter\linkResolver.cpp, line 773]
Event: 12.603 Thread 0x0000023134e5e820 Exception <a 'java/lang/NoSuchMethodError'{0x000000008cd71f10}: 'java.lang.Object java.lang.invoke.DirectMethodHandle$Holder.newInvokeSpecial(java.lang.Object, java.lang.Object, java.lang.Object, java.lang.Object, java.lang.Object, java.lang.Object)'> (0x000000008cd71f10) 
thrown [s\src\hotspot\share\interpreter\linkResolver.cpp, line 773]
Event: 13.155 Thread 0x0000023134e5e820 Exception <a 'java/lang/IncompatibleClassChangeError'{0x000000008bc54b90}: Found class java.lang.Object, but interface was expected> (0x000000008bc54b90) 
thrown [s\src\hotspot\share\interpreter\linkResolver.cpp, line 840]
Event: 13.181 Thread 0x0000023134e5e820 Exception <a 'java/lang/NoSuchMethodError'{0x000000008bcf6b58}: 'java.lang.Object java.lang.invoke.DirectMethodHandle$Holder.invokeStatic(java.lang.Object, java.lang.Object, int, java.lang.Object)'> (0x000000008bcf6b58) 
thrown [s\src\hotspot\share\interpreter\linkResolver.cpp, line 773]
Event: 13.182 Thread 0x0000023134e5e820 Exception <a 'java/lang/NoSuchMethodError'{0x000000008bcfa360}: 'java.lang.Object java.lang.invoke.DirectMethodHandle$Holder.invokeStaticInit(java.lang.Object, java.lang.Object, int, java.lang.Object)'> (0x000000008bcfa360) 
thrown [s\src\hotspot\share\interpreter\linkResolver.cpp, line 773]
Event: 14.361 Thread 0x0000023134e5e820 Exception <a 'java/lang/NoSuchMethodError'{0x000000008a4bb1f8}: 'void java.lang.invoke.DirectMethodHandle$Holder.invokeInterface(java.lang.Object, java.lang.Object, int, java.lang.Object)'> (0x000000008a4bb1f8) 
thrown [s\src\hotspot\share\interpreter\linkResolver.cpp, line 773]
Event: 14.367 Thread 0x0000023134e5e820 Exception <a 'java/lang/NoSuchMethodError'{0x000000008a4de2d8}: 'java.lang.Object java.lang.invoke.DirectMethodHandle$Holder.newInvokeSpecial(java.lang.Object, java.lang.Object, int, java.lang.Object)'> (0x000000008a4de2d8) 
thrown [s\src\hotspot\share\interpreter\linkResolver.cpp, line 773]
Event: 14.367 Thread 0x0000023134e5e820 Exception <a 'java/lang/NoSuchMethodError'{0x000000008a4e1c58}: 'java.lang.Object java.lang.invoke.Invokers$Holder.linkToTargetMethod(java.lang.Object, int, java.lang.Object, java.lang.Object)'> (0x000000008a4e1c58) 
thrown [s\src\hotspot\share\interpreter\linkResolver.cpp, line 773]
Event: 14.380 Thread 0x0000023134e5e820 Exception <a 'java/lang/NoSuchMethodError'{0x000000008a33a248}: 'void java.lang.invoke.DirectMethodHandle$Holder.invokeSpecial(java.lang.Object, java.lang.Object, java.lang.Object, java.lang.Object, java.lang.Object, java.lang.Object, java.lang.Object, java.lang.Object)'> (0x000000008a33a248) 
thrown [s\src\hotspot\share\interpreter\linkResolver.cpp, line 773]
Event: 14.389 Thread 0x0000023134e5e820 Exception <a 'java/lang/NoSuchMethodError'{0x000000008a377778}: 'java.lang.Object java.lang.invoke.DirectMethodHandle$Holder.newInvokeSpecial(java.lang.Object, java.lang.Object, int)'> (0x000000008a377778) 
thrown [s\src\hotspot\share\interpreter\linkResolver.cpp, line 773]
Event: 14.427 Thread 0x0000023134e5e820 Exception <a 'java/lang/NoSuchMethodError'{0x000000008a2bafe0}: 'int java.lang.invoke.DirectMethodHandle$Holder.invokeStatic(java.lang.Object, int, java.lang.Object)'> (0x000000008a2bafe0) 
thrown [s\src\hotspot\share\interpreter\linkResolver.cpp, line 773]
Event: 14.429 Thread 0x0000023134e5e820 Exception <a 'java/lang/NoSuchMethodError'{0x000000008a2d8160}: 'java.lang.Object java.lang.invoke.DirectMethodHandle$Holder.newInvokeSpecial(java.lang.Object, java.lang.Object, java.lang.Object, java.lang.Object, java.lang.Object, int, java.lang.Object)'> (0x000000008a2d8160) 
thrown [s\src\hotspot\share\interpreter\linkResolver.cpp, line 773]
Event: 14.433 Thread 0x0000023134e5e820 Exception <a 'java/lang/NoSuchMethodError'{0x000000008a109a08}: 'java.lang.Object java.lang.invoke.DirectMethodHandle$Holder.newInvokeSpecial(java.lang.Object, java.lang.Object, java.lang.Object, java.lang.Object, java.lang.Object, java.lang.Object, java.lang.Object, java.lang.Object, java.lang.Object, java.lang.Object, java.lang.Object, java.lang.Object)'> (0x000000008a109a08) 
thrown [s\src\hotspot\share\interpreter\linkResolver.cpp, line 773]
Event: 14.433 Thread 0x0000023134e5e820 Exception <a 'java/lang/NoSuchMethodError'{0x000000008a10e2c0}: 'java.lang.Object java.lang.invoke.DirectMethodHandle$Holder.invokeSpecial(java.lang.Object, java.lang.Object, java.lang.Object, java.lang.Object, java.lang.Object, java.lang.Object, java.lang.Object, java.lang.Object, java.lang.Object, java.lang.Object, java.lang.Object, java.lang.Object, java.lang.Object)'> (0x000000008a10e2c0) 
thrown [s\src\hotspot\share\interpreter\linkResolver.cpp, line 773]
Event: 14.434 Thread 0x0000023134e5e820 Exception <a 'java/lang/NoSuchMethodError'{0x000000008a1127a8}: 'java.lang.Object java.lang.invoke.Invokers$Holder.linkToTargetMethod(java.lang.Object, java.lang.Object, java.lang.Object, java.lang.Object, java.lang.Object, java.lang.Object, java.lang.Object, java.lang.Object, java.lang.Object, java.lang.Object, java.lang.Object, java.lang.Object)'> (0x000000008a1127a8) 
thrown [s\src\hotspot\share\interpreter\linkResolver.cpp, line 773]
Event: 14.498 Thread 0x0000023134e5e820 Exception <a 'java/lang/NoSuchMethodError'{0x0000000089f63160}: 'java.lang.Object java.lang.invoke.DirectMethodHandle$Holder.newInvokeSpecial(java.lang.Object, java.lang.Object, java.lang.Object, java.lang.Object, java.lang.Object, java.lang.Object, java.lang.Object, int)'> (0x0000000089f63160) 
thrown [s\src\hotspot\share\interpreter\linkResolver.cpp, line 773]
Event: 14.498 Thread 0x0000023134e5e820 Exception <a 'java/lang/NoSuchMethodError'{0x0000000089f67700}: 'java.lang.Object java.lang.invoke.DirectMethodHandle$Holder.invokeSpecial(java.lang.Object, java.lang.Object, java.lang.Object, java.lang.Object, java.lang.Object, java.lang.Object, java.lang.Object, java.lang.Object, int)'> (0x0000000089f67700) 
thrown [s\src\hotspot\share\interpreter\linkResolver.cpp, line 773]
Event: 14.498 Thread 0x0000023134e5e820 Exception <a 'java/lang/NoSuchMethodError'{0x0000000089f6b728}: 'java.lang.Object java.lang.invoke.Invokers$Holder.linkToTargetMethod(java.lang.Object, java.lang.Object, java.lang.Object, java.lang.Object, java.lang.Object, java.lang.Object, int, java.lang.Object)'> (0x0000000089f6b728) 
thrown [s\src\hotspot\share\interpreter\linkResolver.cpp, line 773]
Event: 14.554 Thread 0x0000023134e5e820 Exception <a 'java/lang/NoSuchMethodError'{0x0000000089e59978}: 'void java.lang.invoke.DirectMethodHandle$Holder.invokeInterface(java.lang.Object, java.lang.Object)'> (0x0000000089e59978) 
thrown [s\src\hotspot\share\interpreter\linkResolver.cpp, line 773]
Event: 14.758 Thread 0x0000023134e5e820 Exception <a 'java/lang/NoSuchMethodError'{0x0000000089ae3420}: 'void java.lang.invoke.Invokers$Holder.invokeExact_MT(java.lang.Object, java.lang.Object, java.lang.Object, java.lang.Object)'> (0x0000000089ae3420) 
thrown [s\src\hotspot\share\interpreter\linkResolver.cpp, line 773]

ZGC Phase Switch (0 events):
No events

VM Operations (20 events):
Event: 13.620 Executing VM operation: CollectForMetadataAllocation (Metadata GC Threshold)
Event: 13.620 Executing VM operation: CollectForMetadataAllocation (Metadata GC Threshold) done
Event: 13.625 Executing VM operation: G1PauseRemark
Event: 13.633 Executing VM operation: G1PauseRemark done
Event: 13.672 Executing VM operation: G1PauseCleanup
Event: 13.672 Executing VM operation: G1PauseCleanup done
Event: 13.961 Executing VM operation: ICBufferFull
Event: 13.961 Executing VM operation: ICBufferFull done
Event: 14.111 Executing VM operation: ICBufferFull
Event: 14.111 Executing VM operation: ICBufferFull done
Event: 14.217 Executing VM operation: ICBufferFull
Event: 14.217 Executing VM operation: ICBufferFull done
Event: 14.517 Executing VM operation: HandshakeAllThreads (Deoptimize)
Event: 14.518 Executing VM operation: HandshakeAllThreads (Deoptimize) done
Event: 14.647 Executing VM operation: HandshakeAllThreads (Deoptimize)
Event: 14.647 Executing VM operation: HandshakeAllThreads (Deoptimize) done
Event: 14.682 Executing VM operation: HandshakeAllThreads (Deoptimize)
Event: 14.682 Executing VM operation: HandshakeAllThreads (Deoptimize) done
Event: 14.756 Executing VM operation: ICBufferFull
Event: 14.756 Executing VM operation: ICBufferFull done

Memory protections (0 events):
No events

Nmethod flushes (20 events):
Event: 13.631 Thread 0x000002314e5ddf30 flushing  nmethod 0x000002313b13cd10
Event: 13.631 Thread 0x000002314e5ddf30 flushing  nmethod 0x000002313b13e690
Event: 13.631 Thread 0x000002314e5ddf30 flushing  nmethod 0x000002313b13f410
Event: 13.631 Thread 0x000002314e5ddf30 flushing  nmethod 0x000002313b174190
Event: 13.631 Thread 0x000002314e5ddf30 flushing  nmethod 0x000002313b176810
Event: 13.631 Thread 0x000002314e5ddf30 flushing  nmethod 0x000002313b1ab210
Event: 13.631 Thread 0x000002314e5ddf30 flushing  nmethod 0x000002313b1aec10
Event: 13.631 Thread 0x000002314e5ddf30 flushing  nmethod 0x000002313b1b0b10
Event: 13.631 Thread 0x000002314e5ddf30 flushing  nmethod 0x000002313b1ddd10
Event: 13.631 Thread 0x000002314e5ddf30 flushing  nmethod 0x000002313b1df290
Event: 13.631 Thread 0x000002314e5ddf30 flushing  nmethod 0x000002313b1dfd90
Event: 13.631 Thread 0x000002314e5ddf30 flushing  nmethod 0x000002313b1e8c10
Event: 13.631 Thread 0x000002314e5ddf30 flushing  nmethod 0x000002313b220210
Event: 13.631 Thread 0x000002314e5ddf30 flushing  nmethod 0x000002313b240410
Event: 13.631 Thread 0x000002314e5ddf30 flushing  nmethod 0x000002313b241810
Event: 13.631 Thread 0x000002314e5ddf30 flushing  nmethod 0x000002313b276190
Event: 13.631 Thread 0x000002314e5ddf30 flushing  nmethod 0x000002313b2ba510
Event: 13.631 Thread 0x000002314e5ddf30 flushing  nmethod 0x000002313b2bde10
Event: 13.631 Thread 0x000002314e5ddf30 flushing  nmethod 0x000002313b2be590
Event: 13.631 Thread 0x000002314e5ddf30 flushing  nmethod 0x000002313b2c5310

Events (20 events):
Event: 0.163 Thread 0x0000023134e5e820 Thread added: 0x000002314e6753e0
Event: 0.382 Thread 0x0000023134e5e820 Thread added: 0x000002314e8376b0
Event: 0.386 Thread 0x0000023134e5e820 Thread added: 0x000002314e844200
Event: 0.438 Thread 0x000002314e6753e0 Thread added: 0x000002314e8a3d90
Event: 1.541 Thread 0x0000023134e5e820 Thread added: 0x0000023194c43760
Event: 2.001 Thread 0x000002314e8a3d90 Thread exited: 0x000002314e8a3d90
Event: 2.595 Thread 0x000002314e6753e0 Thread added: 0x000002319508d8b0
Event: 3.042 Thread 0x0000023134e5e820 Thread added: 0x00000231958a1f90
Event: 3.175 Thread 0x00000231958a1f90 Thread exited: 0x00000231958a1f90
Event: 3.347 Thread 0x0000023194c43760 Thread exited: 0x0000023194c43760
Event: 9.700 Thread 0x0000023134e5e820 Thread added: 0x0000023196c051b0
Event: 9.701 Thread 0x0000023196c051b0 Thread added: 0x00000231982d96e0
Event: 9.708 Thread 0x0000023134e5e820 Thread added: 0x0000023197a9ff30
Event: 9.757 Thread 0x0000023134e5e820 Thread added: 0x00000231992ad460
Event: 11.802 Thread 0x0000023134e5e820 Thread added: 0x0000023196eb95a0
Event: 11.924 Thread 0x0000023196eb95a0 Thread added: 0x0000023196eba2c0
Event: 13.498 Thread 0x000002319508d8b0 Thread exited: 0x000002319508d8b0
Event: 13.696 Thread 0x000002314e6753e0 Thread added: 0x0000023196d33830
Event: 14.520 Thread 0x0000023196d33830 Thread exited: 0x0000023196d33830
Event: 14.747 Thread 0x000002314e6753e0 Thread added: 0x00000231969e9f60


Dynamic libraries:
0x00007ff664010000 - 0x00007ff66401e000 	C:\Users\WIN 10\.p2\pool\plugins\org.eclipse.justj.openjdk.hotspot.jre.full.win32.x86_64_21.0.8.v20250724-1412\jre\bin\javaw.exe
0x00007ff982610000 - 0x00007ff982808000 	C:\Windows\SYSTEM32\ntdll.dll
0x00007ff981990000 - 0x00007ff981a4f000 	C:\Windows\System32\KERNEL32.DLL
0x00007ff97fdb0000 - 0x00007ff9800a6000 	C:\Windows\System32\KERNELBASE.dll
0x00007ff980540000 - 0x00007ff980640000 	C:\Windows\System32\ucrtbase.dll
0x00007ff96e2c0000 - 0x00007ff96e2de000 	C:\Users\WIN 10\.p2\pool\plugins\org.eclipse.justj.openjdk.hotspot.jre.full.win32.x86_64_21.0.8.v20250724-1412\jre\bin\VCRUNTIME140.dll
0x00007ff962aa0000 - 0x00007ff962ab8000 	C:\Users\WIN 10\.p2\pool\plugins\org.eclipse.justj.openjdk.hotspot.jre.full.win32.x86_64_21.0.8.v20250724-1412\jre\bin\jli.dll
0x00007ff964f50000 - 0x00007ff9651ea000 	C:\Windows\WinSxS\amd64_microsoft.windows.common-controls_6595b64144ccf1df_6.0.19041.1110_none_60b5254171f9507e\COMCTL32.dll
0x00007ff9806f0000 - 0x00007ff98088d000 	C:\Windows\System32\USER32.dll
0x00007ff981fe0000 - 0x00007ff98207e000 	C:\Windows\System32\msvcrt.dll
0x00007ff980640000 - 0x00007ff980662000 	C:\Windows\System32\win32u.dll
0x00007ff981b00000 - 0x00007ff981b2c000 	C:\Windows\System32\GDI32.dll
0x00007ff9802d0000 - 0x00007ff9803e5000 	C:\Windows\System32\gdi32full.dll
0x00007ff9804a0000 - 0x00007ff98053d000 	C:\Windows\System32\msvcp_win.dll
0x00007ff9809d0000 - 0x00007ff980a00000 	C:\Windows\System32\IMM32.DLL
0x00007ff96a7e0000 - 0x00007ff96a7ec000 	C:\Users\WIN 10\.p2\pool\plugins\org.eclipse.justj.openjdk.hotspot.jre.full.win32.x86_64_21.0.8.v20250724-1412\jre\bin\vcruntime140_1.dll
0x00007ff94d2f0000 - 0x00007ff94d37d000 	C:\Users\WIN 10\.p2\pool\plugins\org.eclipse.justj.openjdk.hotspot.jre.full.win32.x86_64_21.0.8.v20250724-1412\jre\bin\msvcp140.dll
0x00007ff9087d0000 - 0x00007ff909567000 	C:\Users\WIN 10\.p2\pool\plugins\org.eclipse.justj.openjdk.hotspot.jre.full.win32.x86_64_21.0.8.v20250724-1412\jre\bin\server\jvm.dll
0x00007ff982250000 - 0x00007ff9822ff000 	C:\Windows\System32\ADVAPI32.dll
0x00007ff981120000 - 0x00007ff9811bc000 	C:\Windows\System32\sechost.dll
0x00007ff9823d0000 - 0x00007ff9824f6000 	C:\Windows\System32\RPCRT4.dll
0x00007ff982300000 - 0x00007ff98236b000 	C:\Windows\System32\WS2_32.dll
0x00007ff97fb60000 - 0x00007ff97fbab000 	C:\Windows\SYSTEM32\POWRPROF.dll
0x00007ff965200000 - 0x00007ff965227000 	C:\Windows\SYSTEM32\WINMM.dll
0x00007ff973980000 - 0x00007ff97398a000 	C:\Windows\SYSTEM32\VERSION.dll
0x00007ff97fb40000 - 0x00007ff97fb52000 	C:\Windows\SYSTEM32\UMPDC.dll
0x00007ff97e560000 - 0x00007ff97e572000 	C:\Windows\SYSTEM32\kernel.appcore.dll
0x00007ff977d10000 - 0x00007ff977d1a000 	C:\Users\WIN 10\.p2\pool\plugins\org.eclipse.justj.openjdk.hotspot.jre.full.win32.x86_64_21.0.8.v20250724-1412\jre\bin\jimage.dll
0x00007ff97b200000 - 0x00007ff97b3e4000 	C:\Windows\SYSTEM32\DBGHELP.DLL
0x00007ff962a10000 - 0x00007ff962a44000 	C:\Windows\SYSTEM32\dbgcore.DLL
0x00007ff97fd20000 - 0x00007ff97fda2000 	C:\Windows\System32\bcryptPrimitives.dll
0x00007ff96ec90000 - 0x00007ff96ecaf000 	C:\Users\WIN 10\.p2\pool\plugins\org.eclipse.justj.openjdk.hotspot.jre.full.win32.x86_64_21.0.8.v20250724-1412\jre\bin\java.dll
0x00007ff9811d0000 - 0x00007ff981914000 	C:\Windows\System32\SHELL32.dll
0x00007ff97a990000 - 0x00007ff97b123000 	C:\Windows\SYSTEM32\windows.storage.dll
0x00007ff981bf0000 - 0x00007ff981f44000 	C:\Windows\System32\combase.dll
0x00007ff97f660000 - 0x00007ff97f68e000 	C:\Windows\SYSTEM32\Wldp.dll
0x00007ff981a50000 - 0x00007ff981afd000 	C:\Windows\System32\SHCORE.dll
0x00007ff982370000 - 0x00007ff9823c5000 	C:\Windows\System32\shlwapi.dll
0x00007ff97fc30000 - 0x00007ff97fc4f000 	C:\Windows\SYSTEM32\profapi.dll
0x00007ff96ba10000 - 0x00007ff96ba28000 	C:\Users\WIN 10\.p2\pool\plugins\org.eclipse.justj.openjdk.hotspot.jre.full.win32.x86_64_21.0.8.v20250724-1412\jre\bin\zip.dll
0x00007ff977cd0000 - 0x00007ff977ce0000 	C:\Users\WIN 10\.p2\pool\plugins\org.eclipse.justj.openjdk.hotspot.jre.full.win32.x86_64_21.0.8.v20250724-1412\jre\bin\net.dll
0x00007ff96d6d0000 - 0x00007ff96d7da000 	C:\Windows\SYSTEM32\WINHTTP.dll
0x00007ff97f3c0000 - 0x00007ff97f42a000 	C:\Windows\system32\mswsock.dll
0x00007ff96b960000 - 0x00007ff96b976000 	C:\Users\WIN 10\.p2\pool\plugins\org.eclipse.justj.openjdk.hotspot.jre.full.win32.x86_64_21.0.8.v20250724-1412\jre\bin\nio.dll
0x00007ff96ba00000 - 0x00007ff96ba0e000 	C:\Users\WIN 10\.p2\pool\plugins\org.eclipse.justj.openjdk.hotspot.jre.full.win32.x86_64_21.0.8.v20250724-1412\jre\bin\sunmscapi.dll
0x00007ff980100000 - 0x00007ff98025e000 	C:\Windows\System32\CRYPT32.dll
0x00007ff97f740000 - 0x00007ff97f768000 	C:\Windows\SYSTEM32\ncrypt.dll
0x00007ff97f700000 - 0x00007ff97f73b000 	C:\Windows\SYSTEM32\NTASN1.dll
0x00007ff97f5b0000 - 0x00007ff97f5c8000 	C:\Windows\SYSTEM32\CRYPTSP.dll
0x00007ff97ece0000 - 0x00007ff97ed14000 	C:\Windows\system32\rsaenh.dll
0x00007ff97fcf0000 - 0x00007ff97fd17000 	C:\Windows\System32\bcrypt.dll
0x00007ff97fbb0000 - 0x00007ff97fbde000 	C:\Windows\SYSTEM32\USERENV.dll
0x00007ff97f5d0000 - 0x00007ff97f5dc000 	C:\Windows\SYSTEM32\CRYPTBASE.dll
0x00007ff97f0b0000 - 0x00007ff97f0ec000 	C:\Windows\SYSTEM32\IPHLPAPI.DLL
0x00007ff981be0000 - 0x00007ff981be8000 	C:\Windows\System32\NSI.dll
0x00007ff962a90000 - 0x00007ff962a9a000 	C:\Users\WIN 10\.p2\pool\plugins\org.eclipse.justj.openjdk.hotspot.jre.full.win32.x86_64_21.0.8.v20250724-1412\jre\bin\management.dll
0x00007ff962a80000 - 0x00007ff962a8b000 	C:\Users\WIN 10\.p2\pool\plugins\org.eclipse.justj.openjdk.hotspot.jre.full.win32.x86_64_21.0.8.v20250724-1412\jre\bin\management_ext.dll
0x00007ff981920000 - 0x00007ff981928000 	C:\Windows\System32\PSAPI.DLL
0x00007ff976280000 - 0x00007ff976290000 	C:\Users\WIN 10\.p2\pool\plugins\org.eclipse.justj.openjdk.hotspot.jre.full.win32.x86_64_21.0.8.v20250724-1412\jre\bin\verify.dll
0x00007ff97f0f0000 - 0x00007ff97f1ba000 	C:\Windows\SYSTEM32\DNSAPI.dll
0x00007ff973bd0000 - 0x00007ff973bda000 	C:\Windows\System32\rasadhlp.dll
0x00007ff96a580000 - 0x00007ff96a602000 	C:\Windows\System32\fwpuclnt.dll
0x00007ff96ba80000 - 0x00007ff96ba89000 	C:\Users\WIN 10\.p2\pool\plugins\org.eclipse.justj.openjdk.hotspot.jre.full.win32.x86_64_21.0.8.v20250724-1412\jre\bin\extnet.dll

JVMTI agents: none

dbghelp: loaded successfully - version: 4.0.5 - missing functions: none
symbol engine: initialized successfully - sym options: 0x614 - pdb path: .;C:\Users\WIN 10\.p2\pool\plugins\org.eclipse.justj.openjdk.hotspot.jre.full.win32.x86_64_21.0.8.v20250724-1412\jre\bin;C:\Windows\SYSTEM32;C:\Windows\WinSxS\amd64_microsoft.windows.common-controls_6595b64144ccf1df_6.0.19041.1110_none_60b5254171f9507e;C:\Users\WIN 10\.p2\pool\plugins\org.eclipse.justj.openjdk.hotspot.jre.full.win32.x86_64_21.0.8.v20250724-1412\jre\bin\server

VM Arguments:
jvm_args: -Dfile.encoding=UTF-8 -Dstdout.encoding=UTF-8 -Dstderr.encoding=UTF-8 -XX:+ShowCodeDetailsInExceptionMessages 
java_command: com.hireconnect.hireconnect.HireconnectApplication
java_class_path (initial): C:\Users\WIN 10\Downloads\hireconnect\hireconnect\target\classes;C:\Users\WIN 10\.m2\repository\org\springframework\boot\spring-boot-starter-web\3.2.4\spring-boot-starter-web-3.2.4.jar;C:\Users\WIN 10\.m2\repository\org\springframework\boot\spring-boot-starter\3.2.4\spring-boot-starter-3.2.4.jar;C:\Users\WIN 10\.m2\repository\org\springframework\boot\spring-boot\3.2.4\spring-boot-3.2.4.jar;C:\Users\WIN 10\.m2\repository\org\springframework\boot\spring-boot-autoconfigure\3.2.4\spring-boot-autoconfigure-3.2.4.jar;C:\Users\WIN 10\.m2\repository\org\springframework\boot\spring-boot-starter-logging\3.2.4\spring-boot-starter-logging-3.2.4.jar;C:\Users\WIN 10\.m2\repository\ch\qos\logback\logback-classic\1.4.14\logback-classic-1.4.14.jar;C:\Users\WIN 10\.m2\repository\ch\qos\logback\logback-core\1.4.14\logback-core-1.4.14.jar;C:\Users\WIN 10\.m2\repository\org\apache\logging\log4j\log4j-to-slf4j\2.21.1\log4j-to-slf4j-2.21.1.jar;C:\Users\WIN 10\.m2\repository\org\slf4j\jul-to-slf4j\2.0.12\jul-to-slf4j-2.0.12.jar;C:\Users\WIN 10\.m2\repository\jakarta\annotation\jakarta.annotation-api\2.1.1\jakarta.annotation-api-2.1.1.jar;C:\Users\WIN 10\.m2\repository\org\yaml\snakeyaml\2.2\snakeyaml-2.2.jar;C:\Users\WIN 10\.m2\repository\org\springframework\boot\spring-boot-starter-json\3.2.4\spring-boot-starter-json-3.2.4.jar;C:\Users\WIN 10\.m2\repository\com\fasterxml\jackson\datatype\jackson-datatype-jdk8\2.15.4\jackson-datatype-jdk8-2.15.4.jar;C:\Users\WIN 10\.m2\repository\com\fasterxml\jackson\datatype\jackson-datatype-jsr310\2.15.4\jackson-datatype-jsr310-2.15.4.jar;C:\Users\WIN 10\.m2\repository\com\fasterxml\jackson\module\jackson-module-parameter-names\2.15.4\jackson-module-parameter-names-2.15.4.jar;C:\Users\WIN 10\.m2\repository\org\springframework\boot\spring-boot-starter-tomcat\3.2.4\spring-boot-starter-tomcat-3.2.4.jar;C:\Users\WIN 10\.m2\repository\org\apache\tomcat\embed\tomcat-embed-core\10.1.19\tomcat-embed-core-10.1.19.jar;C:\Users\WIN 10\.m2\repository\org\apache\tomcat\embed\tomcat-embed-websocket\10.1.19\tomcat-embed-websocket-10.1.19.jar;C:\Users\WIN 10\.m2\repository\org\springframework\spring-web\6.1.5\spring-web-6.1.5.jar;C:\Users\WIN 10\.m2\repository\org\springframework\spring-beans\6.1.5\spring-beans-6.1.5.jar;C:\Users\WIN 10\.m2\repository\org\springframework\spring-webmvc\6.1.5\spring-webmvc-6.1.5.jar;C:\Users\WIN 10\.m2\repository\org\springframework\spring-context\6.1.5\spring-context-6.1.5.jar;C:\Users\WIN 10\.m2\repository\org\springframework\spring-expression\6.1.5\spring-expression-6.1.5.jar;C:\Users\WIN 10\.m2\repository\org\springframework\boot\spring-boot-starter-data-jpa\3.2.4\spring-boot-starter-data-jpa-3.2.4.jar;C:\Users\WIN 10\.m2\repository\org\springframework\boot\spring-boot-starter-aop\3.2.4\spring-boot-starter-aop-3.2.4.jar;C:\Users\WIN 10\.m2\repository\org\aspectj\aspectjweaver\1.9.21\aspectjweaver-1.9.21.jar;C:\Users\WIN 10\.m2\repository\org\springframework\boot\spring-boot-starter-jdbc\3.2.4\spring-boot-starter-jdbc-3.2.4.jar;C:\Users\WIN 10\.m2\repository\com\zaxxer\HikariCP\5.0.1\HikariCP-5.0.1.jar;C:\Users\WIN 10\.m2\repository\org\springframework\spring-jdbc\6.1.5\spring-jdbc-6.1.5.jar;C:\Users\WIN 10\.m2\repository\org\hibernate\orm\hibernate-core\6.4.4.Final\hibernate-core-6.4.4.Final.jar;C:\Users\WIN 10\.m2\repository\jakarta\persistence\jakarta.persistence-api\3.1.0\jakarta.persistence-api-3.1.0.jar;C:\Users\WIN 10\.m2\repository\jakarta\transaction\jakarta.transaction-api\2.0.1\jakarta.transaction-api-2.0.1.jar;C:\Users\WIN 10\.m2\repository\org\jboss\logging\jboss-logging\3.5.3.Final\jboss-logging-3.5.3.Final.jar;C:\Users\WIN 10\.m2\repository\org\hibernate\common\hibernate-commons-annotations\6.0.6.Final\hibernate-commons-annotations-6.0.6.Final.jar;C:\Users\WIN 10\.m2\repository\io\smallrye\jandex\3.1.2\jandex-3.1.2.jar;C:\Users\WIN 10\.m2\repository\com\fasterxml\classmate\1.6.0\classmate-1.6.0.jar;C:\Users\WIN 10\.m2\repository\org\glassfish\jaxb\jaxb-runtime\4.0.5\jaxb-runtime-4.0.5.jar;C:\Users\WIN 10\.m2\repository\org\glassfish\jaxb\jaxb-core\4.0.5\jaxb-core-4.0.5.jar;C:\Users\WIN 10\.m2\repository\org\eclipse\angus\angus-activation\2.0.2\angus-activation-2.0.2.jar;C:\Users\WIN 10\.m2\repository\org\glassfish\jaxb\txw2\4.0.5\txw2-4.0.5.jar;C:\Users\WIN 10\.m2\repository\com\sun\istack\istack-commons-runtime\4.1.2\istack-commons-runtime-4.1.2.jar;C:\Users\WIN 10\.m2\repository\jakarta\inject\jakarta.inject-api\2.0.1\jakarta.inject-api-2.0.1.jar;C:\Users\WIN 10\.m2\repository\org\antlr\antlr4-runtime\4.13.0\antlr4-runtime-4.13.0.jar;C:\Users\WIN 10\.m2\repository\org\springframework\data\spring-data-jpa\3.2.4\spring-data-jpa-3.2.4.jar;C:\Users\WIN 10\.m2\repository\org\springframework\data\spring-data-commons\3.2.4\spring-data-commons-3.2.4.jar;C:\Users\WIN 10\.m2\repository\org\springframework\spring-orm\6.1.5\spring-orm-6.1.5.jar;C:\Users\WIN 10\.m2\repository\org\slf4j\slf4j-api\2.0.12\slf4j-api-2.0.12.jar;C:\Users\WIN 10\.m2\repository\org\springframework\spring-aspects\6.1.5\spring-aspects-6.1.5.jar;C:\Users\WIN 10\.m2\repository\org\springframework\boot\spring-boot-starter-security\3.2.4\spring-boot-starter-security-3.2.4.jar;C:\Users\WIN 10\.m2\repository\org\springframework\spring-aop\6.1.5\spring-aop-6.1.5.jar;C:\Users\WIN 10\.m2\repository\org\springframework\security\spring-security-config\6.2.3\spring-security-config-6.2.3.jar;C:\Users\WIN 10\.m2\repository\org\springframework\security\spring-security-web\6.2.3\spring-security-web-6.2.3.jar;C:\Users\WIN 10\.m2\repository\org\springframework\boot\spring-boot-starter-validation\3.2.4\spring-boot-starter-validation-3.2.4.jar;C:\Users\WIN 10\.m2\repository\org\apache\tomcat\embed\tomcat-embed-el\10.1.19\tomcat-embed-el-10.1.19.jar;C:\Users\WIN 10\.m2\repository\org\hibernate\validator\hibernate-validator\8.0.1.Final\hibernate-validator-8.0.1.Final.jar;C:\Users\WIN 10\.m2\repository\jakarta\validation\jakarta.validation-api\3.0.2\jakarta.validation-api-3.0.2.jar;C:\Users\WIN 10\.m2\repository\com\mysql\mysql-connector-j\8.3.0\mysql-connector-j-8.3.0.jar;C:\Users\WIN 10\.m2\repository\org\projectlombok\lombok\1.18.30\lombok-1.18.30.jar;C:\Users\WIN 10\.m2\repository\io\jsonwebtoken\jjwt-api\0.11.5\jjwt-api-0.11.5.jar;C:\Users\WIN 10\.m2\repository\io\jsonwebtoken\jjwt-impl\0.11.5\jjwt-impl-0.11.5.jar;C:\Users\WIN 10\.m2\repository\io\jsonwebtoken\jjwt-jackson\0.11.5\jjwt-jackson-0.11.5.jar;C:\Users\WIN 10\.m2\repository\com\fasterxml\jackson\core\jackson-databind\2.15.4\jackson-databind-2.15.4.jar;C:\Users\WIN 10\.m2\repository\com\fasterxml\jackson\core\jackson-annotations\2.15.4\jackson-annotations-2.15.4.jar;C:\Users\WIN 10\.m2\repository\com\fasterxml\jackson\core\jackson-core\2.15.4\jackson-core-2.15.4.jar;C:\Users\WIN 10\.m2\repository\com\itextpdf\itextpdf\5.5.13.3\itextpdf-5.5.13.3.jar;C:\Users\WIN 10\.m2\repository\org\apache\pdfbox\pdfbox\3.0.1\pdfbox-3.0.1.jar;C:\Users\WIN 10\.m2\repository\org\apache\pdfbox\pdfbox-io\3.0.1\pdfbox-io-3.0.1.jar;C:\Users\WIN 10\.m2\repository\org\apache\pdfbox\fontbox\3.0.1\fontbox-3.0.1.jar;C:\Users\WIN 10\.m2\repository\org\junit\jupiter\junit-jupiter\5.10.2\junit-jupiter-5.10.2.jar;C:\Users\WIN 10\.m2\repository\org\junit\jupiter\junit-jupiter-api\5.10.2\junit-jupiter-api-5.10.2.jar;C:\Users\WIN 10\.m2\repository\org\opentest4j\opentest4j\1.3.0\opentest4j-1.3.0.jar;C:\Users\WIN 10\.m2\repository\org\junit\platform\junit-platform-commons\1.10.2\junit-platform-commons-1.10.2.jar;C:\Users\WIN 10\.m2\repository\org\apiguardian\apiguardian-api\1.1.2\apiguardian-api-1.1.2.jar;C:\Users\WIN 10\.m2\repository\org\junit\jupiter\junit-jupiter-params\5.10.2\junit-jupiter-params-5.10.2.jar;C:\Users\WIN 10\.m2\repository\org\junit\jupiter\junit-jupiter-engine\5.10.2\junit-jupiter-engine-5.10.2.jar;C:\Users\WIN 10\.m2\repository\org\junit\platform\junit-platform-engine\1.10.2\junit-platform-engine-1.10.2.jar;C:\Users\WIN 10\.m2\repository\org\apache\poi\poi\5.2.5\poi-5.2.5.jar;C:\Users\WIN 10\.m2\repository\commons-codec\commons-codec\1.16.1\commons-codec-1.16.1.jar;C:\Users\WIN 10\.m2\repository\org\apache\commons\commons-collections4\4.4\commons-collections4-4.4.jar;C:\Users\WIN 10\.m2\repository\org\apache\commons\commons-math3\3.6.1\commons-math3-3.6.1.jar;C:\Users\WIN 10\.m2\repository\com\zaxxer\SparseBitSet\1.3\SparseBitSet-1.3.jar;C:\Users\WIN 10\.m2\repository\org\apache\logging\log4j\log4j-api\2.21.1\log4j-api-2.21.1.jar;C:\Users\WIN 10\.m2\repository\org\apache\poi\poi-ooxml\5.2.5\poi-ooxml-5.2.5.jar;C:\Users\WIN 10\.m2\repository\org\apache\poi\poi-ooxml-lite\5.2.5\poi-ooxml-lite-5.2.5.jar;C:\Users\WIN 10\.m2\repository\org\apache\xmlbeans\xmlbeans\5.2.0\xmlbeans-5.2.0.jar;C:\Users\WIN 10\.m2\repository\org\apache\commons\commons-compress\1.25.0\commons-compress-1.25.0.jar;C:\Users\WIN 10\.m2\repository\com\github\virtuald\curvesapi\1.08\curvesapi-1.08.jar;C:\Users\WIN 10\.m2\repository\commons-fileupload\commons-fileupload\1.5\commons-fileupload-1.5.jar;C:\Users\WIN 10\.m2\repository\commons-io\commons-io\2.15.1\commons-io-2.15.1.jar;C:\Users\WIN 10\.m2\repository\org\springdoc\springdoc-openapi-starter-webmvc-ui\2.3.0\springdoc-openapi-starter-webmvc-ui-2.3.0.jar;C:\Users\WIN 10\.m2\repository\org\springdoc\springdoc-openapi-starter-webmvc-api\2.3.0\springdoc-openapi-starter-webmvc-api-2.3.0.jar;C:\Users\WIN 10\.m2\repository\org\springdoc\springdoc-openapi-starter-common\2.3.0\springdoc-openapi-starter-common-2.3.0.jar;C:\Users\WIN 10\.m2\repository\io\swagger\core\v3\swagger-core-jakarta\2.2.19\swagger-core-jakarta-2.2.19.jar;C:\Users\WIN 10\.m2\repository\org\apache\commons\commons-lang3\3.13.0\commons-lang3-3.13.0.jar;C:\Users\WIN 10\.m2\repository\io\swagger\core\v3\swagger-annotations-jakarta\2.2.19\swagger-annotations-jakarta-2.2.19.jar;C:\Users\WIN 10\.m2\repository\io\swagger\core\v3\swagger-models-jakarta\2.2.19\swagger-models-jakarta-2.2.19.jar;C:\Users\WIN 10\.m2\repository\com\fasterxml\jackson\dataformat\jackson-dataformat-yaml\2.15.4\jackson-dataformat-yaml-2.15.4.jar;C:\Users\WIN 10\.m2\repository\org\webjars\swagger-ui\5.10.3\swagger-ui-5.10.3.jar;C:\Users\WIN 10\.m2\repository\org\modelmapper\modelmapper\3.2.0\modelmapper-3.2.0.jar;C:\Users\WIN 10\.m2\repository\org\springframework\boot\spring-boot-starter-quartz\3.2.4\spring-boot-starter-quartz-3.2.4.jar;C:\Users\WIN 10\.m2\repository\org\springframework\spring-context-support\6.1.5\spring-context-support-6.1.5.jar;C:\Users\WIN 10\.m2\repository\org\springframework\spring-tx\6.1.5\spring-tx-6.1.5.jar;C:\Users\WIN 10\.m2\repository\org\quartz-scheduler\quartz\2.3.2\quartz-2.3.2.jar;C:\Users\WIN 10\.m2\repository\com\mchange\mchange-commons-java\0.2.15\mchange-commons-java-0.2.15.jar;C:\Users\WIN 10\.m2\repository\org\springframework\boot\spring-boot-starter-cache\3.2.4\spring-boot-starter-cache-3.2.4.jar;C:\Users\WIN 10\.m2\repository\com\github\ben-manes\caffeine\caffeine\3.1.8\caffeine-3.1.8.jar;C:\Users\WIN 10\.m2\repository\org\checkerframework\checker-qual\3.37.0\checker-qual-3.37.0.jar;C:\Users\WIN 10\.m2\repository\com\google\errorprone\error_prone_annotations\2.21.1\error_prone_annotations-2.21.1.jar;C:\Users\WIN 10\.m2\repository\org\springframework\boot\spring-boot-starter-actuator\3.2.4\spring-boot-starter-actuator-3.2.4.jar;C:\Users\WIN 10\.m2\repository\org\springframework\boot\spring-boot-actuator-autoconfigure\3.2.4\spring-boot-actuator-autoconfigure-3.2.4.jar;C:\Users\WIN 10\.m2\repository\org\springframework\boot\spring-boot-actuator\3.2.4\spring-boot-actuator-3.2.4.jar;C:\Users\WIN 10\.m2\repository\io\micrometer\micrometer-observation\1.12.4\micrometer-observation-1.12.4.jar;C:\Users\WIN 10\.m2\repository\io\micrometer\micrometer-commons\1.12.4\micrometer-commons-1.12.4.jar;C:\Users\WIN 10\.m2\repository\io\micrometer\micrometer-jakarta9\1.12.4\micrometer-jakarta9-1.12.4.jar;C:\Users\WIN 10\.m2\repository\io\micrometer\micrometer-registry-prometheus\1.12.4\micrometer-registry-prometheus-1.12.4.jar;C:\Users\WIN 10\.m2\repository\io\micrometer\micrometer-core\1.12.4\micrometer-core-1.12.4.jar;C:\Users\WIN 10\.m2\repository\org\hdrhistogram\HdrHistogram\2.1.12\HdrHistogram-2.1.12.jar;C:\Users\WIN 10\.m2\repository\org\latencyutils\LatencyUtils\2.0.3\LatencyUtils-2.0.3.jar;C:\Users\WIN 10\.m2\repository\io\prometheus\simpleclient_common\0.16.0\simpleclient_common-0.16.0.jar;C:\Users\WIN 10\.m2\repository\io\prometheus\simpleclient\0.16.0\simpleclient-0.16.0.jar;C:\Users\WIN 10\.m2\repository\io\prometheus\simpleclient_tracer_otel\0.16.0\simpleclient_tracer_otel-0.16.0.jar;C:\Users\WIN 10\.m2\repository\io\prometheus\simpleclient_tracer_common\0.16.0\simpleclient_tracer_common-0.16.0.jar;C:\Users\WIN 10\.m2\repository\io\prometheus\simpleclient_tracer_otel_agent\0.16.0\simpleclient_tracer_otel_agent-0.16.0.jar;C:\Users\WIN 10\.m2\repository\jakarta\xml\bind\jakarta.xml.bind-api\4.0.2\jakarta.xml.bind-api-4.0.2.jar;C:\Users\WIN 10\.m2\repository\jakarta\activation\jakarta.activation-api\2.1.3\jakarta.activation-api-2.1.3.jar;C:\Users\WIN 10\.m2\repository\org\springframework\spring-core\6.1.5\spring-core-6.1.5.jar;C:\Users\WIN 10\.m2\repository\org\springframework\spring-jcl\6.1.5\spring-jcl-6.1.5.jar;C:\Users\WIN 10\.m2\repository\org\springframework\security\spring-security-core\6.2.3\spring-security-core-6.2.3.jar;C:\Users\WIN 10\.m2\repository\org\springframework\security\spring-security-crypto\6.2.3\spring-security-crypto-6.2.3.jar;C:\Users\WIN 10\.m2\repository\net\bytebuddy\byte-buddy\1.14.12\byte-buddy-1.14.12.jar
Launcher Type: SUN_STANDARD

[Global flags]
     intx CICompilerCount                          = 3                                         {product} {ergonomic}
     uint ConcGCThreads                            = 1                                         {product} {ergonomic}
     uint G1ConcRefinementThreads                  = 4                                         {product} {ergonomic}
   size_t G1HeapRegionSize                         = 1048576                                   {product} {ergonomic}
    uintx GCDrainStackTargetSize                   = 64                                        {product} {ergonomic}
   size_t InitialHeapSize                          = 134217728                                 {product} {ergonomic}
   size_t MarkStackSize                            = 4194304                                   {product} {ergonomic}
   size_t MaxHeapSize                              = 2118123520                                {product} {ergonomic}
   size_t MaxNewSize                               = 1270874112                                {product} {ergonomic}
   size_t MinHeapDeltaBytes                        = 1048576                                   {product} {ergonomic}
   size_t MinHeapSize                              = 8388608                                   {product} {ergonomic}
    uintx NonNMethodCodeHeapSize                   = 5832780                                {pd product} {ergonomic}
    uintx NonProfiledCodeHeapSize                  = 122912730                              {pd product} {ergonomic}
    uintx ProfiledCodeHeapSize                     = 122912730                              {pd product} {ergonomic}
    uintx ReservedCodeCacheSize                    = 251658240                              {pd product} {ergonomic}
     bool SegmentedCodeCache                       = true                                      {product} {ergonomic}
     bool ShowCodeDetailsInExceptionMessages       = true                                   {manageable} {command line}
   size_t SoftMaxHeapSize                          = 2118123520                             {manageable} {ergonomic}
     bool UseCompressedOops                        = true                           {product lp64_product} {ergonomic}
     bool UseG1GC                                  = true                                      {product} {ergonomic}
     bool UseLargePagesIndividualAllocation        = false                                  {pd product} {ergonomic}

Logging:
Log output configuration:
 #0: stdout all=warning uptime,level,tags foldmultilines=false
 #1: stderr all=off uptime,level,tags foldmultilines=false

Environment Variables:
PATH=C:/Users/WIN 10/.p2/pool/plugins/org.eclipse.justj.openjdk.hotspot.jre.full.win32.x86_64_21.0.8.v20250724-1412/jre/bin/server;C:/Users/WIN 10/.p2/pool/plugins/org.eclipse.justj.openjdk.hotspot.jre.full.win32.x86_64_21.0.8.v20250724-1412/jre/bin;C:\Windows\system32;C:\Windows;C:\Windows\System32\Wbem;C:\Windows\System32\WindowsPowerShell\v1.0\;C:\Windows\System32\OpenSSH\;C:\Program Files (x86)\Intel\Intel(R) Management Engine Components\DAL;C:\Program Files\Intel\Intel(R) Management Engine Components\DAL;C:\Program Files\MySQL\MySQL Server 8.0\bin;C:\Program Files\nodejs\;C:\Program Files\Git\cmd;C:\Program Files\GitHub CLI\;C:\Program Files\MySQL\MySQL Shell 8.0\bin\;C:\Users\WIN 10\AppData\Local\Microsoft\WindowsApps;C:\Users\WIN 10\AppData\Local\Programs\Microsoft VS Code\bin;C:\Users\WIN 10\AppData\Roaming\npm;C:\Users\WIN 10\Desktop;
USERNAME=Samaya
OS=Windows_NT
PROCESSOR_IDENTIFIER=Intel64 Family 6 Model 78 Stepping 3, GenuineIntel
TMP=C:\Users\WIN10~1\AppData\Local\Temp
TEMP=C:\Users\WIN10~1\AppData\Local\Temp




Periodic native trim disabled

---------------  S Y S T E M  ---------------

OS:
 Windows 10 , 64 bit Build 19041 (10.0.19041.3031)
OS uptime: 0 days 16:35 hours

CPU: total 4 (initial active 4) (2 cores per cpu, 2 threads per core) family 6 model 78 stepping 3 microcode 0xf0, cx8, cmov, fxsr, ht, mmx, 3dnowpref, sse, sse2, sse3, ssse3, sse4.1, sse4.2, popcnt, lzcnt, tsc, tscinvbit, avx, avx2, aes, erms, clmul, bmi1, bmi2, rtm, adx, fma, vzeroupper, clflush, clflushopt, rdtscp, f16c
Processor Information for processor 0
  Max Mhz: 2808, Current Mhz: 1404, Mhz Limit: 2583
Processor Information for processor 1
  Max Mhz: 2808, Current Mhz: 2607, Mhz Limit: 2583
Processor Information for processor 2
  Max Mhz: 2808, Current Mhz: 1404, Mhz Limit: 2583
Processor Information for processor 3
  Max Mhz: 2808, Current Mhz: 1404, Mhz Limit: 2583

Memory: 4k page, system-wide physical 8072M (938M free)
TotalPageFile size 10120M (AvailPageFile size 3M)
current process WorkingSet (physical memory assigned to process): 397M, peak: 397M
current process commit charge ("private bytes"): 422M, peak: 423M

vm_info: OpenJDK 64-Bit Server VM (21.0.8+9-LTS) for windows-amd64 JRE (21.0.8+9-LTS), built on 2025-07-15T00:00:00Z by "admin" with MS VC++ 17.7 (VS2022)

END.
