#
# A fatal error has been detected by the Java Runtime Environment:
#
#  EXCEPTION_ACCESS_VIOLATION (0xc0000005) at pc=0x00007ff8ebf40dd3, pid=4736, tid=14980
#
# JRE version: OpenJDK Runtime Environment Temurin-21.0.8+9 (21.0.8+9) (build 21.0.8+9-LTS)
# Java VM: OpenJDK 64-Bit Server VM Temurin-21.0.8+9 (21.0.8+9-LTS, mixed mode, sharing, tiered, compressed oops, compressed class ptrs, g1 gc, windows-amd64)
# Problematic frame:
# V  [jvm.dll+0x3e0dd3]
#
# No core dump will be written. Minidumps are not enabled by default on client versions of Windows
#
# If you would like to submit a bug report, please visit:
#   https://github.com/adoptium/adoptium-support/issues
#

---------------  S U M M A R Y ------------

Command Line: -Dfile.encoding=UTF-8 -Dstdout.encoding=UTF-8 -Dstderr.encoding=UTF-8 -XX:+ShowCodeDetailsInExceptionMessages com.hireconnect.hireconnect.HireconnectApplication

Host: Intel(R) Core(TM) i7-6600U CPU @ 2.60GHz, 4 cores, 7G,  Windows 10 , 64 bit Build 19041 (10.0.19041.3031)
Time: Sun Nov 23 16:43:42 2025 India Standard Time elapsed time: 12.151074 seconds (0d 0h 0m 12s)

---------------  T H R E A D  ---------------

Current thread (0x0000019069b0afc0):  JavaThread "HikariPool-1 housekeeper" daemon [_thread_in_vm, id=14980, stack(0x00000051bae00000,0x00000051baf00000) (1024K)]

Stack: [0x00000051bae00000,0x00000051baf00000],  sp=0x00000051baeff240,  free space=1020k
Native frames: (J=compiled Java code, j=interpreted, Vv=VM code, C=native code)
V  [jvm.dll+0x3e0dd3]
V  [jvm.dll+0x6d2362]
V  [jvm.dll+0x3e1a5b]
V  [jvm.dll+0x3e1ce7]
V  [jvm.dll+0x475425]
V  [jvm.dll+0x3f2d16]
V  [jvm.dll+0x857e6b]
