#
# There is insufficient memory for the Java Runtime Environment to continue.
# Native memory allocation (malloc) failed to allocate 1467680 bytes. Error detail: Chunk::new
# Possible reasons:
#   The system is out of physical RAM or swap space
#   This process is running with CompressedOops enabled, and the Java Heap may be blocking the growth of the native heap
# Possible solutions:
#   Reduce memory load on the system
#   Increase physical memory or swap space
#   Check if swap backing store is full
#   Decrease Java heap size (-Xmx/-Xms)
#   Decrease number of Java threads
#   Decrease Java thread stack sizes (-Xss)
#   Set larger code cache with -XX:ReservedCodeCacheSize=
#   JVM is running with Unscaled Compressed Oops mode in which the Java heap is
#     placed in the first 4GB address space. The Java Heap base address is the
#     maximum limit for the native heap growth. Please use -XX:HeapBaseMinAddress
#     to set the Java Heap base and to place the Java Heap above 4GB virtual address.
# This output file may be truncated or incomplete.
#
#  Out of Memory Error (arena.cpp:168), pid=15292, tid=13144
#
# JRE version: OpenJDK Runtime Environment Temurin-21.0.8+9 (21.0.8+9) (build 21.0.8+9-LTS)
# Java VM: OpenJDK 64-Bit Server VM Temurin-21.0.8+9 (21.0.8+9-LTS, mixed mode, sharing, tiered, compressed oops, compressed class ptrs, g1 gc, windows-amd64)
# No core dump will be written. Minidumps are not enabled by default on client versions of Windows
#

---------------  S U M M A R Y ------------

Command Line: -Dfile.encoding=UTF-8 -Dstdout.encoding=UTF-8 -Dstderr.encoding=UTF-8 -XX:+ShowCodeDetailsInExceptionMessages com.hireconnect.hireconnect.HireconnectApplication

Host: Intel(R) Core(TM) i7-6600U CPU @ 2.60GHz, 4 cores, 7G,  Windows 10 , 64 bit Build 19041 (10.0.19041.3031)
Time: Sun Nov 23 16:46:26 2025 India Standard Time elapsed time: 23.092171 seconds (0d 0h 0m 23s)

---------------  T H R E A D  ---------------

Current thread (0x000002e245841030):  JavaThread "C2 CompilerThread1" daemon [_thread_in_native, id=13144, stack(0x000000fb52d00000,0x000000fb52e00000) (1024K)]


Current CompileTask:
C2:23092 9349 % !   4       org.springframework.beans.factory.support.DefaultListableBeanFactory::doGetBeanNamesForType @ 20 (505 bytes)

Stack: [0x000000fb52d00000,0x000000fb52e00000]
Native frames: (J=compiled Java code, j=interpreted, Vv=VM code, C=native code)
V  [jvm.dll+0x6d2449]
V  [jvm.dll+0x8ae341]
V  [jvm.dll+0x8b08be]
V  [jvm.dll+0x8b0fa3]
V  [jvm.dll+0x280c96]
V  [jvm.dll+0xc581d]
V  [jvm.dll+0xc5d53]
V  [jvm.dll+0x3b919c]
V  [jvm.dll+0x1e1409]
V  [jvm.dll+0x249022]
V  [jvm.dll+0x2484af]
V  [jvm.dll+0x1c89ee]
V  [jvm.dll+0x257d4d]
V  [jvm.dll+0x2562ea]
V  [jvm.dll+0x3f2d16]
V  [jvm.dll+0x857e6b]
V  [jvm.dll+0x6d0b0d]
C  [ucrtbase.dll+0x21bb2]
C  [KERNEL32.DLL+0x17614]
C  [ntdll.dll+0x526f1]


---------------  P R O C E S S  ---------------

Threads class SMR info:
_java_thread_list=0x000002e247b46430, length=17, elements={
0x000002e26404aae0, 0x000002e27d7eae70, 0x000002e27d7ec6d0, 0x000002e27d7ef060,
0x000002e27d7f1ac0, 0x000002e27d7f2510, 0x000002e27d7f2f60, 0x000002e27d7f4cf0,
0x000002e27d862b40, 0x000002e27da242c0, 0x000002e27da336e0, 0x000002e27f2631f0,
0x000002e27f263f10, 0x000002e27f2624d0, 0x000002e27f262b60, 0x000002e27f263880,
0x000002e245841030
}

Java Threads: ( => current thread )
  0x000002e26404aae0 JavaThread "main"                              [_thread_in_native, id=13320, stack(0x000000fb51900000,0x000000fb51a00000) (1024K)]
  0x000002e27d7eae70 JavaThread "Reference Handler"          daemon [_thread_blocked, id=6220, stack(0x000000fb52200000,0x000000fb52300000) (1024K)]
  0x000002e27d7ec6d0 JavaThread "Finalizer"                  daemon [_thread_blocked, id=12972, stack(0x000000fb52300000,0x000000fb52400000) (1024K)]
  0x000002e27d7ef060 JavaThread "Signal Dispatcher"          daemon [_thread_blocked, id=9832, stack(0x000000fb52400000,0x000000fb52500000) (1024K)]
  0x000002e27d7f1ac0 JavaThread "Attach Listener"            daemon [_thread_blocked, id=10796, stack(0x000000fb52500000,0x000000fb52600000) (1024K)]
  0x000002e27d7f2510 JavaThread "Service Thread"             daemon [_thread_blocked, id=14592, stack(0x000000fb52600000,0x000000fb52700000) (1024K)]
  0x000002e27d7f2f60 JavaThread "Monitor Deflation Thread"   daemon [_thread_blocked, id=6976, stack(0x000000fb52700000,0x000000fb52800000) (1024K)]
  0x000002e27d7f4cf0 JavaThread "C2 CompilerThread0"         daemon [_thread_in_native, id=7236, stack(0x000000fb52800000,0x000000fb52900000) (1024K)]
  0x000002e27d862b40 JavaThread "C1 CompilerThread0"         daemon [_thread_blocked, id=11788, stack(0x000000fb52900000,0x000000fb52a00000) (1024K)]
  0x000002e27da242c0 JavaThread "Notification Thread"        daemon [_thread_blocked, id=13452, stack(0x000000fb52a00000,0x000000fb52b00000) (1024K)]
  0x000002e27da336e0 JavaThread "Common-Cleaner"             daemon [_thread_blocked, id=13496, stack(0x000000fb52b00000,0x000000fb52c00000) (1024K)]
  0x000002e27f2631f0 JavaThread "Catalina-utility-1"                [_thread_blocked, id=13028, stack(0x000000fb53100000,0x000000fb53200000) (1024K)]
  0x000002e27f263f10 JavaThread "Catalina-utility-2"                [_thread_blocked, id=15076, stack(0x000000fb53200000,0x000000fb53300000) (1024K)]
  0x000002e27f2624d0 JavaThread "container-0"                       [_thread_blocked, id=13560, stack(0x000000fb53300000,0x000000fb53400000) (1024K)]
  0x000002e27f262b60 JavaThread "mysql-cj-abandoned-connection-cleanup" daemon [_thread_blocked, id=9240, stack(0x000000fb53400000,0x000000fb53500000) (1024K)]
  0x000002e27f263880 JavaThread "HikariPool-1 housekeeper"   daemon [_thread_blocked, id=7148, stack(0x000000fb53600000,0x000000fb53700000) (1024K)]
=>0x000002e245841030 JavaThread "C2 CompilerThread1"         daemon [_thread_in_native, id=13144, stack(0x000000fb52d00000,0x000000fb52e00000) (1024K)]
Total: 17

Other Threads:
  0x000002e27d7ca760 VMThread "VM Thread"                           [id=14500, stack(0x000000fb52100000,0x000000fb52200000) (1024K)]
  0x000002e27d7bc770 WatcherThread "VM Periodic Task Thread"        [id=7228, stack(0x000000fb52000000,0x000000fb52100000) (1024K)]
  0x000002e26623e500 WorkerThread "GC Thread#0"                     [id=13952, stack(0x000000fb51b00000,0x000000fb51c00000) (1024K)]
  0x000002e27e2bc310 WorkerThread "GC Thread#1"                     [id=15064, stack(0x000000fb52e00000,0x000000fb52f00000) (1024K)]
  0x000002e27e2bc6b0 WorkerThread "GC Thread#2"                     [id=2512, stack(0x000000fb52f00000,0x000000fb53000000) (1024K)]
  0x000002e27e2323b0 WorkerThread "GC Thread#3"                     [id=7416, stack(0x000000fb53000000,0x000000fb53100000) (1024K)]
  0x000002e26624f970 ConcurrentGCThread "G1 Main Marker"            [id=13040, stack(0x000000fb51c00000,0x000000fb51d00000) (1024K)]
  0x000002e266250dc0 WorkerThread "G1 Conc#0"                       [id=14480, stack(0x000000fb51d00000,0x000000fb51e00000) (1024K)]
  0x000002e2662ae500 ConcurrentGCThread "G1 Refine#0"               [id=9976, stack(0x000000fb51e00000,0x000000fb51f00000) (1024K)]
  0x000002e27d67a270 ConcurrentGCThread "G1 Service"                [id=12904, stack(0x000000fb51f00000,0x000000fb52000000) (1024K)]
Total: 10

Threads with active compile tasks:
C2 CompilerThread0  23136 9449       4       org.aspectj.apache.bcel.classfile.Constant::readConstant (280 bytes)
C2 CompilerThread1  23136 9349 % !   4       org.springframework.beans.factory.support.DefaultListableBeanFactory::doGetBeanNamesForType @ 20 (505 bytes)
Total: 2

VM state: not at safepoint (normal execution)

VM Mutex/Monitor currently owned by a thread: None

Heap address: 0x0000000081c00000, size: 2020 MB, Compressed Oops mode: 32-bit

CDS archive(s) mapped at: [0x000002e200000000-0x000002e200c80000-0x000002e200c80000), size 13107200, SharedBaseAddress: 0x000002e200000000, ArchiveRelocationMode: 1.
Compressed class space mapped at: 0x000002e201000000-0x000002e241000000, reserved size: 1073741824
Narrow klass base: 0x000002e200000000, Narrow klass shift: 0, Narrow klass range: 0x100000000

GC Precious Log:
 CardTable entry size: 512
 Card Set container configuration: InlinePtr #cards 5 size 8 Array Of Cards #cards 12 size 40 Howl #buckets 4 coarsen threshold 1843 Howl Bitmap #cards 512 size 80 coarsen threshold 460 Card regions per heap region 1 cards per card region 2048
 CPUs: 4 total, 4 available
 Memory: 8072M
 Large Page Support: Disabled
 NUMA Support: Disabled
 Compressed Oops: Enabled (32-bit)
 Heap Region Size: 1M
 Heap Min Capacity: 8M
 Heap Initial Capacity: 128M
 Heap Max Capacity: 2020M
 Pre-touch: Disabled
 Parallel Workers: 4
 Concurrent Workers: 1
 Concurrent Refinement Workers: 4
 Periodic GC: Disabled

Heap:
 garbage-first heap   total 162816K, used 109369K [0x0000000081c00000, 0x0000000100000000)
  region size 1024K, 22 young (22528K), 6 survivors (6144K)
 Metaspace       used 77703K, committed 78336K, reserved 1179648K
  class space    used 10516K, committed 10816K, reserved 1048576K

Heap Regions: E=young(eden), S=young(survivor), O=old, HS=humongous(starts), HC=humongous(continues), CS=collection set, F=free, TAMS=top-at-mark-start, PB=parsable bottom
|   0|0x0000000081c00000, 0x0000000081d00000, 0x0000000081d00000|100%|HS|  |TAMS 0x0000000081c00000| PB 0x0000000081c00000| Complete 
|   1|0x0000000081d00000, 0x0000000081e00000, 0x0000000081e00000|100%| O|  |TAMS 0x0000000081d00000| PB 0x0000000081d00000| Untracked 
|   2|0x0000000081e00000, 0x0000000081f00000, 0x0000000081f00000|100%| O|  |TAMS 0x0000000081e00000| PB 0x0000000081e00000| Untracked 
|   3|0x0000000081f00000, 0x0000000082000000, 0x0000000082000000|100%| O|  |TAMS 0x0000000081f00000| PB 0x0000000081f00000| Untracked 
|   4|0x0000000082000000, 0x0000000082100000, 0x0000000082100000|100%| O|  |TAMS 0x0000000082000000| PB 0x0000000082000000| Untracked 
|   5|0x0000000082100000, 0x0000000082200000, 0x0000000082200000|100%| O|  |TAMS 0x0000000082100000| PB 0x0000000082100000| Untracked 
|   6|0x0000000082200000, 0x0000000082300000, 0x0000000082300000|100%| O|  |TAMS 0x0000000082200000| PB 0x0000000082200000| Untracked 
|   7|0x0000000082300000, 0x0000000082400000, 0x0000000082400000|100%| O|  |TAMS 0x0000000082300000| PB 0x0000000082300000| Untracked 
|   8|0x0000000082400000, 0x0000000082500000, 0x0000000082500000|100%| O|  |TAMS 0x0000000082400000| PB 0x0000000082400000| Untracked 
|   9|0x0000000082500000, 0x0000000082600000, 0x0000000082600000|100%| O|  |TAMS 0x0000000082500000| PB 0x0000000082500000| Untracked 
|  10|0x0000000082600000, 0x0000000082700000, 0x0000000082700000|100%| O|  |TAMS 0x0000000082600000| PB 0x0000000082600000| Untracked 
|  11|0x0000000082700000, 0x0000000082800000, 0x0000000082800000|100%| O|  |TAMS 0x0000000082700000| PB 0x0000000082700000| Untracked 
|  12|0x0000000082800000, 0x0000000082900000, 0x0000000082900000|100%| O|  |TAMS 0x0000000082800000| PB 0x0000000082800000| Untracked 
|  13|0x0000000082900000, 0x0000000082a00000, 0x0000000082a00000|100%| O|  |TAMS 0x0000000082900000| PB 0x0000000082900000| Untracked 
|  14|0x0000000082a00000, 0x0000000082b00000, 0x0000000082b00000|100%| O|  |TAMS 0x0000000082a00000| PB 0x0000000082a00000| Untracked 
|  15|0x0000000082b00000, 0x0000000082c00000, 0x0000000082c00000|100%| O|  |TAMS 0x0000000082b00000| PB 0x0000000082b00000| Untracked 
|  16|0x0000000082c00000, 0x0000000082d00000, 0x0000000082d00000|100%| O|  |TAMS 0x0000000082c00000| PB 0x0000000082c00000| Untracked 
|  17|0x0000000082d00000, 0x0000000082e00000, 0x0000000082e00000|100%| O|  |TAMS 0x0000000082d00000| PB 0x0000000082d00000| Untracked 
|  18|0x0000000082e00000, 0x0000000082f00000, 0x0000000082f00000|100%| O|  |TAMS 0x0000000082e00000| PB 0x0000000082e00000| Untracked 
|  19|0x0000000082f00000, 0x0000000083000000, 0x0000000083000000|100%| O|  |TAMS 0x0000000082f00000| PB 0x0000000082f00000| Untracked 
|  20|0x0000000083000000, 0x0000000083100000, 0x0000000083100000|100%| O|  |TAMS 0x0000000083000000| PB 0x0000000083000000| Untracked 
|  21|0x0000000083100000, 0x0000000083200000, 0x0000000083200000|100%| O|Cm|TAMS 0x0000000083100000| PB 0x0000000083100000| Complete 
|  22|0x0000000083200000, 0x0000000083300000, 0x0000000083300000|100%| O|  |TAMS 0x0000000083200000| PB 0x0000000083200000| Untracked 
|  23|0x0000000083300000, 0x0000000083400000, 0x0000000083400000|100%| O|  |TAMS 0x0000000083300000| PB 0x0000000083300000| Untracked 
|  24|0x0000000083400000, 0x0000000083500000, 0x0000000083500000|100%| O|  |TAMS 0x0000000083400000| PB 0x0000000083400000| Untracked 
|  25|0x0000000083500000, 0x0000000083600000, 0x0000000083600000|100%| O|  |TAMS 0x0000000083500000| PB 0x0000000083500000| Untracked 
|  26|0x0000000083600000, 0x0000000083700000, 0x0000000083700000|100%| O|  |TAMS 0x0000000083600000| PB 0x0000000083600000| Untracked 
|  27|0x0000000083700000, 0x0000000083800000, 0x0000000083800000|100%| O|  |TAMS 0x0000000083700000| PB 0x0000000083700000| Untracked 
|  28|0x0000000083800000, 0x0000000083900000, 0x0000000083900000|100%| O|  |TAMS 0x0000000083800000| PB 0x0000000083800000| Untracked 
|  29|0x0000000083900000, 0x0000000083a00000, 0x0000000083a00000|100%| O|  |TAMS 0x0000000083900000| PB 0x0000000083900000| Untracked 
|  30|0x0000000083a00000, 0x0000000083b00000, 0x0000000083b00000|100%| O|  |TAMS 0x0000000083a00000| PB 0x0000000083a00000| Untracked 
|  31|0x0000000083b00000, 0x0000000083c00000, 0x0000000083c00000|100%| O|  |TAMS 0x0000000083b00000| PB 0x0000000083b00000| Untracked 
|  32|0x0000000083c00000, 0x0000000083d00000, 0x0000000083d00000|100%| O|  |TAMS 0x0000000083c00000| PB 0x0000000083c00000| Untracked 
|  33|0x0000000083d00000, 0x0000000083e00000, 0x0000000083e00000|100%| O|  |TAMS 0x0000000083d00000| PB 0x0000000083d00000| Untracked 
|  34|0x0000000083e00000, 0x0000000083f00000, 0x0000000083f00000|100%| O|  |TAMS 0x0000000083e00000| PB 0x0000000083e00000| Untracked 
|  35|0x0000000083f00000, 0x0000000084000000, 0x0000000084000000|100%| O|Cm|TAMS 0x0000000083f00000| PB 0x0000000083f00000| Complete 
|  36|0x0000000084000000, 0x0000000084100000, 0x0000000084100000|100%| O|  |TAMS 0x0000000084000000| PB 0x0000000084000000| Untracked 
|  37|0x0000000084100000, 0x0000000084200000, 0x0000000084200000|100%| O|  |TAMS 0x0000000084100000| PB 0x0000000084100000| Untracked 
|  38|0x0000000084200000, 0x0000000084300000, 0x0000000084300000|100%| O|  |TAMS 0x0000000084200000| PB 0x0000000084200000| Untracked 
|  39|0x0000000084300000, 0x0000000084400000, 0x0000000084400000|100%| O|  |TAMS 0x0000000084300000| PB 0x0000000084300000| Untracked 
|  40|0x0000000084400000, 0x0000000084500000, 0x0000000084500000|100%| O|  |TAMS 0x0000000084400000| PB 0x0000000084400000| Untracked 
|  41|0x0000000084500000, 0x0000000084600000, 0x0000000084600000|100%| O|  |TAMS 0x0000000084500000| PB 0x0000000084500000| Untracked 
|  42|0x0000000084600000, 0x0000000084700000, 0x0000000084700000|100%| O|  |TAMS 0x0000000084600000| PB 0x0000000084600000| Untracked 
|  43|0x0000000084700000, 0x0000000084800000, 0x0000000084800000|100%| O|  |TAMS 0x0000000084700000| PB 0x0000000084700000| Untracked 
|  44|0x0000000084800000, 0x0000000084900000, 0x0000000084900000|100%| O|  |TAMS 0x0000000084800000| PB 0x0000000084800000| Untracked 
|  45|0x0000000084900000, 0x0000000084a00000, 0x0000000084a00000|100%| O|  |TAMS 0x0000000084900000| PB 0x0000000084900000| Untracked 
|  46|0x0000000084a00000, 0x0000000084b00000, 0x0000000084b00000|100%| O|  |TAMS 0x0000000084a00000| PB 0x0000000084a00000| Untracked 
|  47|0x0000000084b00000, 0x0000000084c00000, 0x0000000084c00000|100%| O|  |TAMS 0x0000000084b00000| PB 0x0000000084b00000| Untracked 
|  48|0x0000000084c00000, 0x0000000084d00000, 0x0000000084d00000|100%| O|  |TAMS 0x0000000084c00000| PB 0x0000000084c00000| Untracked 
|  49|0x0000000084d00000, 0x0000000084e00000, 0x0000000084e00000|100%| O|  |TAMS 0x0000000084d00000| PB 0x0000000084d00000| Untracked 
|  50|0x0000000084e00000, 0x0000000084f00000, 0x0000000084f00000|100%| O|  |TAMS 0x0000000084e00000| PB 0x0000000084e00000| Untracked 
|  51|0x0000000084f00000, 0x0000000085000000, 0x0000000085000000|100%| O|  |TAMS 0x0000000084f00000| PB 0x0000000084f00000| Untracked 
|  52|0x0000000085000000, 0x0000000085100000, 0x0000000085100000|100%| O|  |TAMS 0x0000000085000000| PB 0x0000000085000000| Untracked 
|  53|0x0000000085100000, 0x0000000085200000, 0x0000000085200000|100%| O|  |TAMS 0x0000000085100000| PB 0x0000000085100000| Untracked 
|  54|0x0000000085200000, 0x0000000085300000, 0x0000000085300000|100%| O|  |TAMS 0x0000000085200000| PB 0x0000000085200000| Untracked 
|  55|0x0000000085300000, 0x0000000085400000, 0x0000000085400000|100%| O|  |TAMS 0x0000000085300000| PB 0x0000000085300000| Untracked 
|  56|0x0000000085400000, 0x0000000085500000, 0x0000000085500000|100%| O|  |TAMS 0x0000000085400000| PB 0x0000000085400000| Untracked 
|  57|0x0000000085500000, 0x0000000085600000, 0x0000000085600000|100%| O|  |TAMS 0x0000000085500000| PB 0x0000000085500000| Untracked 
|  58|0x0000000085600000, 0x0000000085700000, 0x0000000085700000|100%| O|  |TAMS 0x0000000085600000| PB 0x0000000085600000| Untracked 
|  59|0x0000000085700000, 0x0000000085800000, 0x0000000085800000|100%| O|  |TAMS 0x0000000085700000| PB 0x0000000085700000| Untracked 
|  60|0x0000000085800000, 0x0000000085900000, 0x0000000085900000|100%| O|  |TAMS 0x0000000085800000| PB 0x0000000085800000| Untracked 
|  61|0x0000000085900000, 0x0000000085a00000, 0x0000000085a00000|100%| O|  |TAMS 0x0000000085900000| PB 0x0000000085900000| Untracked 
|  62|0x0000000085a00000, 0x0000000085b00000, 0x0000000085b00000|100%| O|  |TAMS 0x0000000085a00000| PB 0x0000000085a00000| Untracked 
|  63|0x0000000085b00000, 0x0000000085c00000, 0x0000000085c00000|100%| O|  |TAMS 0x0000000085b00000| PB 0x0000000085b00000| Untracked 
|  64|0x0000000085c00000, 0x0000000085d00000, 0x0000000085d00000|100%| O|  |TAMS 0x0000000085c00000| PB 0x0000000085c00000| Untracked 
|  65|0x0000000085d00000, 0x0000000085e00000, 0x0000000085e00000|100%| O|  |TAMS 0x0000000085d00000| PB 0x0000000085d00000| Untracked 
|  66|0x0000000085e00000, 0x0000000085f00000, 0x0000000085f00000|100%| O|  |TAMS 0x0000000085e00000| PB 0x0000000085e00000| Untracked 
|  67|0x0000000085f00000, 0x0000000086000000, 0x0000000086000000|100%| O|  |TAMS 0x0000000085f00000| PB 0x0000000085f00000| Untracked 
|  68|0x0000000086000000, 0x0000000086100000, 0x0000000086100000|100%| O|  |TAMS 0x0000000086000000| PB 0x0000000086000000| Untracked 
|  69|0x0000000086100000, 0x0000000086200000, 0x0000000086200000|100%| O|  |TAMS 0x0000000086100000| PB 0x0000000086100000| Untracked 
|  70|0x0000000086200000, 0x0000000086300000, 0x0000000086300000|100%| O|  |TAMS 0x0000000086200000| PB 0x0000000086200000| Untracked 
|  71|0x0000000086300000, 0x0000000086400000, 0x0000000086400000|100%| O|  |TAMS 0x0000000086300000| PB 0x0000000086300000| Untracked 
|  72|0x0000000086400000, 0x0000000086500000, 0x0000000086500000|100%| O|  |TAMS 0x0000000086400000| PB 0x0000000086400000| Untracked 
|  73|0x0000000086500000, 0x0000000086600000, 0x0000000086600000|100%| O|  |TAMS 0x0000000086500000| PB 0x0000000086500000| Untracked 
|  74|0x0000000086600000, 0x0000000086700000, 0x0000000086700000|100%| O|  |TAMS 0x0000000086600000| PB 0x0000000086600000| Untracked 
|  75|0x0000000086700000, 0x0000000086700000, 0x0000000086800000|  0%| F|  |TAMS 0x0000000086700000| PB 0x0000000086700000| Untracked 
|  76|0x0000000086800000, 0x0000000086800000, 0x0000000086900000|  0%| F|  |TAMS 0x0000000086800000| PB 0x0000000086800000| Untracked 
|  77|0x0000000086900000, 0x0000000086900000, 0x0000000086a00000|  0%| F|  |TAMS 0x0000000086900000| PB 0x0000000086900000| Untracked 
|  78|0x0000000086a00000, 0x0000000086a00000, 0x0000000086b00000|  0%| F|  |TAMS 0x0000000086a00000| PB 0x0000000086a00000| Untracked 
|  79|0x0000000086b00000, 0x0000000086b00000, 0x0000000086c00000|  0%| F|  |TAMS 0x0000000086b00000| PB 0x0000000086b00000| Untracked 
|  80|0x0000000086c00000, 0x0000000086c00000, 0x0000000086d00000|  0%| F|  |TAMS 0x0000000086c00000| PB 0x0000000086c00000| Untracked 
|  81|0x0000000086d00000, 0x0000000086d00000, 0x0000000086e00000|  0%| F|  |TAMS 0x0000000086d00000| PB 0x0000000086d00000| Untracked 
|  82|0x0000000086e00000, 0x0000000086e00000, 0x0000000086f00000|  0%| F|  |TAMS 0x0000000086e00000| PB 0x0000000086e00000| Untracked 
|  83|0x0000000086f00000, 0x0000000086f00000, 0x0000000087000000|  0%| F|  |TAMS 0x0000000086f00000| PB 0x0000000086f00000| Untracked 
|  84|0x0000000087000000, 0x0000000087000000, 0x0000000087100000|  0%| F|  |TAMS 0x0000000087000000| PB 0x0000000087000000| Untracked 
|  85|0x0000000087100000, 0x0000000087200000, 0x0000000087200000|100%| O|  |TAMS 0x0000000087100000| PB 0x0000000087100000| Untracked 
|  86|0x0000000087200000, 0x0000000087300000, 0x0000000087300000|100%| O|  |TAMS 0x0000000087200000| PB 0x0000000087200000| Untracked 
|  87|0x0000000087300000, 0x0000000087400000, 0x0000000087400000|100%| O|  |TAMS 0x0000000087300000| PB 0x0000000087300000| Untracked 
|  88|0x0000000087400000, 0x0000000087500000, 0x0000000087500000|100%| O|  |TAMS 0x0000000087400000| PB 0x0000000087400000| Untracked 
|  89|0x0000000087500000, 0x0000000087600000, 0x0000000087600000|100%| O|  |TAMS 0x0000000087500000| PB 0x0000000087500000| Untracked 
|  90|0x0000000087600000, 0x0000000087700000, 0x0000000087700000|100%| O|  |TAMS 0x0000000087600000| PB 0x0000000087600000| Untracked 
|  91|0x0000000087700000, 0x0000000087800000, 0x0000000087800000|100%| O|  |TAMS 0x0000000087700000| PB 0x0000000087700000| Untracked 
|  92|0x0000000087800000, 0x0000000087900000, 0x0000000087900000|100%| O|  |TAMS 0x0000000087800000| PB 0x0000000087800000| Untracked 
|  93|0x0000000087900000, 0x0000000087a00000, 0x0000000087a00000|100%| O|  |TAMS 0x0000000087900000| PB 0x0000000087900000| Untracked 
|  94|0x0000000087a00000, 0x0000000087b00000, 0x0000000087b00000|100%| O|  |TAMS 0x0000000087a00000| PB 0x0000000087a00000| Untracked 
|  95|0x0000000087b00000, 0x0000000087b00000, 0x0000000087c00000|  0%| F|  |TAMS 0x0000000087b00000| PB 0x0000000087b00000| Untracked 
|  96|0x0000000087c00000, 0x0000000087c00000, 0x0000000087d00000|  0%| F|  |TAMS 0x0000000087c00000| PB 0x0000000087c00000| Untracked 
|  97|0x0000000087d00000, 0x0000000087d00000, 0x0000000087e00000|  0%| F|  |TAMS 0x0000000087d00000| PB 0x0000000087d00000| Untracked 
|  98|0x0000000087e00000, 0x0000000087e00000, 0x0000000087f00000|  0%| F|  |TAMS 0x0000000087e00000| PB 0x0000000087e00000| Untracked 
|  99|0x0000000087f00000, 0x0000000087f00000, 0x0000000088000000|  0%| F|  |TAMS 0x0000000087f00000| PB 0x0000000087f00000| Untracked 
| 100|0x0000000088000000, 0x0000000088000000, 0x0000000088100000|  0%| F|  |TAMS 0x0000000088000000| PB 0x0000000088000000| Untracked 
| 101|0x0000000088100000, 0x00000000881ce5e0, 0x0000000088200000| 80%| S|CS|TAMS 0x0000000088100000| PB 0x0000000088100000| Complete 
| 102|0x0000000088200000, 0x0000000088300000, 0x0000000088300000|100%| S|CS|TAMS 0x0000000088200000| PB 0x0000000088200000| Complete 
| 103|0x0000000088300000, 0x0000000088400000, 0x0000000088400000|100%| S|CS|TAMS 0x0000000088300000| PB 0x0000000088300000| Complete 
| 104|0x0000000088400000, 0x0000000088500000, 0x0000000088500000|100%| S|CS|TAMS 0x0000000088400000| PB 0x0000000088400000| Complete 
| 105|0x0000000088500000, 0x0000000088600000, 0x0000000088600000|100%| S|CS|TAMS 0x0000000088500000| PB 0x0000000088500000| Complete 
| 106|0x0000000088600000, 0x0000000088700000, 0x0000000088700000|100%| S|CS|TAMS 0x0000000088600000| PB 0x0000000088600000| Complete 
| 107|0x0000000088700000, 0x0000000088700000, 0x0000000088800000|  0%| F|  |TAMS 0x0000000088700000| PB 0x0000000088700000| Untracked 
| 108|0x0000000088800000, 0x0000000088800000, 0x0000000088900000|  0%| F|  |TAMS 0x0000000088800000| PB 0x0000000088800000| Untracked 
| 109|0x0000000088900000, 0x0000000088900000, 0x0000000088a00000|  0%| F|  |TAMS 0x0000000088900000| PB 0x0000000088900000| Untracked 
| 110|0x0000000088a00000, 0x0000000088a00000, 0x0000000088b00000|  0%| F|  |TAMS 0x0000000088a00000| PB 0x0000000088a00000| Untracked 
| 111|0x0000000088b00000, 0x0000000088b00000, 0x0000000088c00000|  0%| F|  |TAMS 0x0000000088b00000| PB 0x0000000088b00000| Untracked 
| 112|0x0000000088c00000, 0x0000000088c00000, 0x0000000088d00000|  0%| F|  |TAMS 0x0000000088c00000| PB 0x0000000088c00000| Untracked 
| 113|0x0000000088d00000, 0x0000000088d00000, 0x0000000088e00000|  0%| F|  |TAMS 0x0000000088d00000| PB 0x0000000088d00000| Untracked 
| 114|0x0000000088e00000, 0x0000000088e00000, 0x0000000088f00000|  0%| F|  |TAMS 0x0000000088e00000| PB 0x0000000088e00000| Untracked 
| 115|0x0000000088f00000, 0x0000000088f00000, 0x0000000089000000|  0%| F|  |TAMS 0x0000000088f00000| PB 0x0000000088f00000| Untracked 
| 116|0x0000000089000000, 0x0000000089000000, 0x0000000089100000|  0%| F|  |TAMS 0x0000000089000000| PB 0x0000000089000000| Untracked 
| 117|0x0000000089100000, 0x0000000089100000, 0x0000000089200000|  0%| F|  |TAMS 0x0000000089100000| PB 0x0000000089100000| Untracked 
| 118|0x0000000089200000, 0x0000000089200000, 0x0000000089300000|  0%| F|  |TAMS 0x0000000089200000| PB 0x0000000089200000| Untracked 
| 119|0x0000000089300000, 0x0000000089300000, 0x0000000089400000|  0%| F|  |TAMS 0x0000000089300000| PB 0x0000000089300000| Untracked 
| 120|0x0000000089400000, 0x0000000089400000, 0x0000000089500000|  0%| F|  |TAMS 0x0000000089400000| PB 0x0000000089400000| Untracked 
| 121|0x0000000089500000, 0x0000000089500000, 0x0000000089600000|  0%| F|  |TAMS 0x0000000089500000| PB 0x0000000089500000| Untracked 
| 122|0x0000000089600000, 0x0000000089600000, 0x0000000089700000|  0%| F|  |TAMS 0x0000000089600000| PB 0x0000000089600000| Untracked 
| 123|0x0000000089700000, 0x0000000089700000, 0x0000000089800000|  0%| F|  |TAMS 0x0000000089700000| PB 0x0000000089700000| Untracked 
| 124|0x0000000089800000, 0x0000000089800000, 0x0000000089900000|  0%| F|  |TAMS 0x0000000089800000| PB 0x0000000089800000| Untracked 
| 125|0x0000000089900000, 0x0000000089900000, 0x0000000089a00000|  0%| F|  |TAMS 0x0000000089900000| PB 0x0000000089900000| Untracked 
| 126|0x0000000089a00000, 0x0000000089a00000, 0x0000000089b00000|  0%| F|  |TAMS 0x0000000089a00000| PB 0x0000000089a00000| Untracked 
| 127|0x0000000089b00000, 0x0000000089b00000, 0x0000000089c00000|  0%| F|  |TAMS 0x0000000089b00000| PB 0x0000000089b00000| Untracked 
| 128|0x0000000089c00000, 0x0000000089c00000, 0x0000000089d00000|  0%| F|  |TAMS 0x0000000089c00000| PB 0x0000000089c00000| Untracked 
| 129|0x0000000089d00000, 0x0000000089d00000, 0x0000000089e00000|  0%| F|  |TAMS 0x0000000089d00000| PB 0x0000000089d00000| Untracked 
| 130|0x0000000089e00000, 0x0000000089e00000, 0x0000000089f00000|  0%| F|  |TAMS 0x0000000089e00000| PB 0x0000000089e00000| Untracked 
| 131|0x0000000089f00000, 0x0000000089f00000, 0x000000008a000000|  0%| F|  |TAMS 0x0000000089f00000| PB 0x0000000089f00000| Untracked 
| 132|0x000000008a000000, 0x000000008a000000, 0x000000008a100000|  0%| F|  |TAMS 0x000000008a000000| PB 0x000000008a000000| Untracked 
| 133|0x000000008a100000, 0x000000008a100000, 0x000000008a200000|  0%| F|  |TAMS 0x000000008a100000| PB 0x000000008a100000| Untracked 
| 134|0x000000008a200000, 0x000000008a200000, 0x000000008a300000|  0%| F|  |TAMS 0x000000008a200000| PB 0x000000008a200000| Untracked 
| 135|0x000000008a300000, 0x000000008a300000, 0x000000008a400000|  0%| F|  |TAMS 0x000000008a300000| PB 0x000000008a300000| Untracked 
| 136|0x000000008a400000, 0x000000008a400000, 0x000000008a500000|  0%| F|  |TAMS 0x000000008a400000| PB 0x000000008a400000| Untracked 
| 137|0x000000008a500000, 0x000000008a500000, 0x000000008a600000|  0%| F|  |TAMS 0x000000008a500000| PB 0x000000008a500000| Untracked 
| 138|0x000000008a600000, 0x000000008a600000, 0x000000008a700000|  0%| F|  |TAMS 0x000000008a600000| PB 0x000000008a600000| Untracked 
| 139|0x000000008a700000, 0x000000008a700000, 0x000000008a800000|  0%| F|  |TAMS 0x000000008a700000| PB 0x000000008a700000| Untracked 
| 140|0x000000008a800000, 0x000000008a800000, 0x000000008a900000|  0%| F|  |TAMS 0x000000008a800000| PB 0x000000008a800000| Untracked 
| 141|0x000000008a900000, 0x000000008a900000, 0x000000008aa00000|  0%| F|  |TAMS 0x000000008a900000| PB 0x000000008a900000| Untracked 
| 142|0x000000008aa00000, 0x000000008aa80000, 0x000000008ab00000| 50%| E|  |TAMS 0x000000008aa00000| PB 0x000000008aa00000| Complete 
| 143|0x000000008ab00000, 0x000000008ac00000, 0x000000008ac00000|100%| E|CS|TAMS 0x000000008ab00000| PB 0x000000008ab00000| Complete 
| 144|0x000000008ac00000, 0x000000008ad00000, 0x000000008ad00000|100%| E|CS|TAMS 0x000000008ac00000| PB 0x000000008ac00000| Complete 
| 145|0x000000008ad00000, 0x000000008ae00000, 0x000000008ae00000|100%| E|CS|TAMS 0x000000008ad00000| PB 0x000000008ad00000| Complete 
| 146|0x000000008ae00000, 0x000000008af00000, 0x000000008af00000|100%| E|CS|TAMS 0x000000008ae00000| PB 0x000000008ae00000| Complete 
| 147|0x000000008af00000, 0x000000008b000000, 0x000000008b000000|100%| E|CS|TAMS 0x000000008af00000| PB 0x000000008af00000| Complete 
| 148|0x000000008b000000, 0x000000008b100000, 0x000000008b100000|100%| E|CS|TAMS 0x000000008b000000| PB 0x000000008b000000| Complete 
| 149|0x000000008b100000, 0x000000008b200000, 0x000000008b200000|100%| E|CS|TAMS 0x000000008b100000| PB 0x000000008b100000| Complete 
| 150|0x000000008b200000, 0x000000008b300000, 0x000000008b300000|100%| E|CS|TAMS 0x000000008b200000| PB 0x000000008b200000| Complete 
| 151|0x000000008b300000, 0x000000008b400000, 0x000000008b400000|100%| E|CS|TAMS 0x000000008b300000| PB 0x000000008b300000| Complete 
| 152|0x000000008b400000, 0x000000008b500000, 0x000000008b500000|100%| E|CS|TAMS 0x000000008b400000| PB 0x000000008b400000| Complete 
| 153|0x000000008b500000, 0x000000008b600000, 0x000000008b600000|100%| E|CS|TAMS 0x000000008b500000| PB 0x000000008b500000| Complete 
| 154|0x000000008b600000, 0x000000008b700000, 0x000000008b700000|100%| E|CS|TAMS 0x000000008b600000| PB 0x000000008b600000| Complete 
| 155|0x000000008b700000, 0x000000008b800000, 0x000000008b800000|100%| E|CS|TAMS 0x000000008b700000| PB 0x000000008b700000| Complete 
| 156|0x000000008b800000, 0x000000008b900000, 0x000000008b900000|100%| E|CS|TAMS 0x000000008b800000| PB 0x000000008b800000| Complete 
| 157|0x000000008b900000, 0x000000008ba00000, 0x000000008ba00000|100%| E|CS|TAMS 0x000000008b900000| PB 0x000000008b900000| Complete 
|2019|0x00000000fff00000, 0x0000000100000000, 0x0000000100000000|100%| O|  |TAMS 0x00000000fff00000| PB 0x00000000fff00000| Untracked 

Card table byte_map: [0x000002e278f90000,0x000002e279390000] _byte_map_base: 0x000002e278b82000

Marking Bits: (CMBitMap*) 0x000002e26623f410
 Bits: [0x000002e279390000, 0x000002e27b320000)

Polling page: 0x000002e263fc0000

Metaspace:

Usage:
  Non-class:     65.64 MB used.
      Class:     10.28 MB used.
       Both:     75.91 MB used.

Virtual space:
  Non-class space:      128.00 MB reserved,      66.00 MB ( 52%) committed,  2 nodes.
      Class space:        1.00 GB reserved,      10.62 MB (  1%) committed,  1 nodes.
             Both:        1.12 GB reserved,      76.62 MB (  7%) committed. 

Chunk freelists:
   Non-Class:  13.67 MB
       Class:  5.36 MB
        Both:  19.03 MB

MaxMetaspaceSize: unlimited
CompressedClassSpaceSize: 1.00 GB
Initial GC threshold: 21.00 MB
Current GC threshold: 124.62 MB
CDS: on
 - commit_granule_bytes: 65536.
 - commit_granule_words: 8192.
 - virtual_space_node_default_size: 8388608.
 - enlarge_chunks_in_place: 1.
 - use_allocation_guard: 0.


Internal statistics:

num_allocs_failed_limit: 20.
num_arena_births: 950.
num_arena_deaths: 0.
num_vsnodes_births: 3.
num_vsnodes_deaths: 0.
num_space_committed: 1226.
num_space_uncommitted: 0.
num_chunks_returned_to_freelist: 20.
num_chunks_taken_from_freelist: 3659.
num_chunk_merges: 20.
num_chunk_splits: 2679.
num_chunks_enlarged: 2118.
num_inconsistent_stats: 0.

CodeHeap 'non-profiled nmethods': size=120000Kb used=5329Kb max_used=5329Kb free=114670Kb
 bounds [0x000002e271660000, 0x000002e271ba0000, 0x000002e278b90000]
CodeHeap 'profiled nmethods': size=120000Kb used=14594Kb max_used=14594Kb free=105405Kb
 bounds [0x000002e269b90000, 0x000002e26a9e0000, 0x000002e2710c0000]
CodeHeap 'non-nmethods': size=5760Kb used=1701Kb max_used=1768Kb free=4058Kb
 bounds [0x000002e2710c0000, 0x000002e271330000, 0x000002e271660000]
CodeCache: size=245760Kb, used=21624Kb, max_used=21691Kb, free=224133Kb
 total_blobs=8779, nmethods=8051, adapters=631, full_count=0
Compilation: enabled, stopped_count=0, restarted_count=0

Compilation events (20 events):
Event: 23.054 Thread 0x000002e27d862b40 9456       3       org.springframework.beans.factory.annotation.AutowiredAnnotationBeanPostProcessor$$Lambda/0x000002e2013f1ec0::<init> (15 bytes)
Event: 23.054 Thread 0x000002e27d862b40 nmethod 9456 0x000002e269c02310 code [0x000002e269c024c0, 0x000002e269c026e0]
Event: 23.060 Thread 0x000002e27d862b40 9458       3       org.springframework.boot.context.properties.ConfigurationPropertiesBean::findMergedAnnotation (24 bytes)
Event: 23.061 Thread 0x000002e27d862b40 nmethod 9458 0x000002e269c01b10 code [0x000002e269c01d00, 0x000002e269c02150]
Event: 23.062 Thread 0x000002e27d862b40 9459       3       org.springframework.aop.framework.AbstractAdvisingBeanPostProcessor::isEligible (61 bytes)
Event: 23.063 Thread 0x000002e27d862b40 nmethod 9459 0x000002e26a61f910 code [0x000002e26a61fb20, 0x000002e26a620148]
Event: 23.063 Thread 0x000002e27d862b40 9460       3       java.lang.ThreadLocal$ThreadLocalMap::getEntryAfterMiss (59 bytes)
Event: 23.064 Thread 0x000002e27d862b40 nmethod 9460 0x000002e26a61ee90 code [0x000002e26a61f0a0, 0x000002e26a61f698]
Event: 23.064 Thread 0x000002e27d862b40 9461       3       java.lang.invoke.LambdaFormBuffer::insertExpression (30 bytes)
Event: 23.064 Thread 0x000002e27d862b40 nmethod 9461 0x000002e269c01710 code [0x000002e269c018c0, 0x000002e269c01a18]
Event: 23.072 Thread 0x000002e27d862b40 9463       3       org.aspectj.apache.bcel.classfile.ConstantPool::<init> (107 bytes)
Event: 23.074 Thread 0x000002e27d862b40 nmethod 9463 0x000002e26a61d410 code [0x000002e26a61d6e0, 0x000002e26a61e820]
Event: 23.074 Thread 0x000002e27d862b40 9464       3       org.aspectj.weaver.ReferenceType::isExposedToWeaver (25 bytes)
Event: 23.074 Thread 0x000002e27d862b40 nmethod 9464 0x000002e26a61ce10 code [0x000002e26a61cfe0, 0x000002e26a61d308]
Event: 23.076 Thread 0x000002e27d862b40 9465       3       org.aspectj.weaver.World::resolveToReferenceType (266 bytes)
Event: 23.079 Thread 0x000002e27d862b40 nmethod 9465 0x000002e26a9c7310 code [0x000002e26a9c77a0, 0x000002e26a9c9b80]
Event: 23.079 Thread 0x000002e27d862b40 9466       3       java.lang.invoke.LambdaForm$DMH/0x000002e20146c400::newInvokeSpecial (27 bytes)
Event: 23.080 Thread 0x000002e27d862b40 nmethod 9466 0x000002e26a61c490 code [0x000002e26a61c680, 0x000002e26a61cc18]
Event: 23.080 Thread 0x000002e27d862b40 9468       2       org.springframework.beans.factory.annotation.InitDestroyAnnotationBeanPostProcessor$$Lambda/0x000002e2013f1848::<init> (26 bytes)
Event: 23.080 Thread 0x000002e27d862b40 nmethod 9468 0x000002e26a61bf90 code [0x000002e26a61c140, 0x000002e26a61c3b0]

GC Heap History (20 events):
Event: 11.463 GC heap before
{Heap before GC invocations=15 (full 0):
 garbage-first heap   total 80896K, used 72591K [0x0000000081c00000, 0x0000000100000000)
  region size 1024K, 26 young (26624K), 3 survivors (3072K)
 Metaspace       used 23990K, committed 24384K, reserved 1114112K
  class space    used 2989K, committed 3200K, reserved 1048576K
}
Event: 11.474 GC heap after
{Heap after GC invocations=16 (full 0):
 garbage-first heap   total 161792K, used 50929K [0x0000000081c00000, 0x0000000100000000)
  region size 1024K, 3 young (3072K), 3 survivors (3072K)
 Metaspace       used 23990K, committed 24384K, reserved 1114112K
  class space    used 2989K, committed 3200K, reserved 1048576K
}
Event: 14.070 GC heap before
{Heap before GC invocations=16 (full 0):
 garbage-first heap   total 161792K, used 134897K [0x0000000081c00000, 0x0000000100000000)
  region size 1024K, 86 young (88064K), 3 survivors (3072K)
 Metaspace       used 34063K, committed 34560K, reserved 1114112K
  class space    used 4356K, committed 4608K, reserved 1048576K
}
Event: 14.087 GC heap after
{Heap after GC invocations=17 (full 0):
 garbage-first heap   total 161792K, used 57801K [0x0000000081c00000, 0x0000000100000000)
  region size 1024K, 9 young (9216K), 9 survivors (9216K)
 Metaspace       used 34063K, committed 34560K, reserved 1114112K
  class space    used 4356K, committed 4608K, reserved 1048576K
}
Event: 15.319 GC heap before
{Heap before GC invocations=17 (full 0):
 garbage-first heap   total 161792K, used 130505K [0x0000000081c00000, 0x0000000100000000)
  region size 1024K, 81 young (82944K), 9 survivors (9216K)
 Metaspace       used 39075K, committed 39616K, reserved 1114112K
  class space    used 5000K, committed 5248K, reserved 1048576K
}
Event: 15.339 GC heap after
{Heap after GC invocations=18 (full 0):
 garbage-first heap   total 161792K, used 60751K [0x0000000081c00000, 0x0000000100000000)
  region size 1024K, 4 young (4096K), 4 survivors (4096K)
 Metaspace       used 39075K, committed 39616K, reserved 1114112K
  class space    used 5000K, committed 5248K, reserved 1048576K
}
Event: 18.725 GC heap before
{Heap before GC invocations=19 (full 0):
 garbage-first heap   total 161792K, used 141647K [0x0000000081c00000, 0x0000000100000000)
  region size 1024K, 83 young (84992K), 4 survivors (4096K)
 Metaspace       used 62737K, committed 63296K, reserved 1114112K
  class space    used 8325K, committed 8576K, reserved 1048576K
}
Event: 18.742 GC heap after
{Heap after GC invocations=20 (full 0):
 garbage-first heap   total 161792K, used 66259K [0x0000000081c00000, 0x0000000100000000)
  region size 1024K, 9 young (9216K), 9 survivors (9216K)
 Metaspace       used 62737K, committed 63296K, reserved 1114112K
  class space    used 8325K, committed 8576K, reserved 1048576K
}
Event: 19.398 GC heap before
{Heap before GC invocations=20 (full 0):
 garbage-first heap   total 161792K, used 100051K [0x0000000081c00000, 0x0000000100000000)
  region size 1024K, 43 young (44032K), 9 survivors (9216K)
 Metaspace       used 65899K, committed 66496K, reserved 1114112K
  class space    used 8753K, committed 9024K, reserved 1048576K
}
Event: 19.414 GC heap after
{Heap after GC invocations=21 (full 0):
 garbage-first heap   total 161792K, used 66719K [0x0000000081c00000, 0x0000000100000000)
  region size 1024K, 2 young (2048K), 2 survivors (2048K)
 Metaspace       used 65899K, committed 66496K, reserved 1114112K
  class space    used 8753K, committed 9024K, reserved 1048576K
}
Event: 19.450 GC heap before
{Heap before GC invocations=21 (full 0):
 garbage-first heap   total 161792K, used 67743K [0x0000000081c00000, 0x0000000100000000)
  region size 1024K, 4 young (4096K), 2 survivors (2048K)
 Metaspace       used 66199K, committed 66816K, reserved 1114112K
  class space    used 8796K, committed 9088K, reserved 1048576K
}
Event: 19.454 GC heap after
{Heap after GC invocations=22 (full 0):
 garbage-first heap   total 161792K, used 66378K [0x0000000081c00000, 0x0000000100000000)
  region size 1024K, 2 young (2048K), 2 survivors (2048K)
 Metaspace       used 66199K, committed 66816K, reserved 1114112K
  class space    used 8796K, committed 9088K, reserved 1048576K
}
Event: 21.367 GC heap before
{Heap before GC invocations=23 (full 0):
 garbage-first heap   total 161792K, used 142154K [0x0000000081c00000, 0x0000000100000000)
  region size 1024K, 76 young (77824K), 2 survivors (2048K)
 Metaspace       used 74241K, committed 74944K, reserved 1114112K
  class space    used 10092K, committed 10432K, reserved 1048576K
}
Event: 21.380 GC heap after
{Heap after GC invocations=24 (full 0):
 garbage-first heap   total 161792K, used 73741K [0x0000000081c00000, 0x0000000100000000)
  region size 1024K, 9 young (9216K), 9 survivors (9216K)
 Metaspace       used 74241K, committed 74944K, reserved 1114112K
  class space    used 10092K, committed 10432K, reserved 1048576K
}
Event: 21.848 GC heap before
{Heap before GC invocations=24 (full 0):
 garbage-first heap   total 161792K, used 141325K [0x0000000081c00000, 0x0000000100000000)
  region size 1024K, 76 young (77824K), 9 survivors (9216K)
 Metaspace       used 75716K, committed 76352K, reserved 1179648K
  class space    used 10278K, committed 10560K, reserved 1048576K
}
Event: 21.861 GC heap after
{Heap after GC invocations=25 (full 0):
 garbage-first heap   total 161792K, used 72908K [0x0000000081c00000, 0x0000000100000000)
  region size 1024K, 3 young (3072K), 3 survivors (3072K)
 Metaspace       used 75716K, committed 76352K, reserved 1179648K
  class space    used 10278K, committed 10560K, reserved 1048576K
}
Event: 22.116 GC heap before
{Heap before GC invocations=25 (full 0):
 garbage-first heap   total 161792K, used 144588K [0x0000000081c00000, 0x0000000100000000)
  region size 1024K, 73 young (74752K), 3 survivors (3072K)
 Metaspace       used 75736K, committed 76352K, reserved 1179648K
  class space    used 10278K, committed 10560K, reserved 1048576K
}
Event: 22.136 GC heap after
{Heap after GC invocations=26 (full 0):
 garbage-first heap   total 162816K, used 87544K [0x0000000081c00000, 0x0000000100000000)
  region size 1024K, 10 young (10240K), 10 survivors (10240K)
 Metaspace       used 75736K, committed 76352K, reserved 1179648K
  class space    used 10278K, committed 10560K, reserved 1048576K
}
Event: 22.787 GC heap before
{Heap before GC invocations=27 (full 0):
 garbage-first heap   total 162816K, used 139768K [0x0000000081c00000, 0x0000000100000000)
  region size 1024K, 61 young (62464K), 10 survivors (10240K)
 Metaspace       used 76527K, committed 77184K, reserved 1179648K
  class space    used 10361K, committed 10688K, reserved 1048576K
}
Event: 22.811 GC heap after
{Heap after GC invocations=28 (full 0):
 garbage-first heap   total 162816K, used 94009K [0x0000000081c00000, 0x0000000100000000)
  region size 1024K, 6 young (6144K), 6 survivors (6144K)
 Metaspace       used 76527K, committed 77184K, reserved 1179648K
  class space    used 10361K, committed 10688K, reserved 1048576K
}

Dll operation events (11 events):
Event: 0.012 Loaded shared library C:\Users\WIN 10\.p2\pool\plugins\org.eclipse.justj.openjdk.hotspot.jre.full.win32.x86_64_21.0.8.v20250724-1412\jre\bin\java.dll
Event: 0.232 Loaded shared library C:\Users\WIN 10\.p2\pool\plugins\org.eclipse.justj.openjdk.hotspot.jre.full.win32.x86_64_21.0.8.v20250724-1412\jre\bin\zip.dll
Event: 0.729 Loaded shared library C:\Users\WIN 10\.p2\pool\plugins\org.eclipse.justj.openjdk.hotspot.jre.full.win32.x86_64_21.0.8.v20250724-1412\jre\bin\net.dll
Event: 0.732 Loaded shared library C:\Users\WIN 10\.p2\pool\plugins\org.eclipse.justj.openjdk.hotspot.jre.full.win32.x86_64_21.0.8.v20250724-1412\jre\bin\nio.dll
Event: 0.735 Loaded shared library C:\Users\WIN 10\.p2\pool\plugins\org.eclipse.justj.openjdk.hotspot.jre.full.win32.x86_64_21.0.8.v20250724-1412\jre\bin\zip.dll
Event: 0.939 Loaded shared library C:\Users\WIN 10\.p2\pool\plugins\org.eclipse.justj.openjdk.hotspot.jre.full.win32.x86_64_21.0.8.v20250724-1412\jre\bin\jimage.dll
Event: 5.536 Loaded shared library C:\Users\WIN 10\.p2\pool\plugins\org.eclipse.justj.openjdk.hotspot.jre.full.win32.x86_64_21.0.8.v20250724-1412\jre\bin\sunmscapi.dll
Event: 14.397 Loaded shared library C:\Users\WIN 10\.p2\pool\plugins\org.eclipse.justj.openjdk.hotspot.jre.full.win32.x86_64_21.0.8.v20250724-1412\jre\bin\management.dll
Event: 14.402 Loaded shared library C:\Users\WIN 10\.p2\pool\plugins\org.eclipse.justj.openjdk.hotspot.jre.full.win32.x86_64_21.0.8.v20250724-1412\jre\bin\management_ext.dll
Event: 15.970 Loaded shared library C:\Users\WIN 10\.p2\pool\plugins\org.eclipse.justj.openjdk.hotspot.jre.full.win32.x86_64_21.0.8.v20250724-1412\jre\bin\verify.dll
Event: 16.447 Loaded shared library C:\Users\WIN 10\.p2\pool\plugins\org.eclipse.justj.openjdk.hotspot.jre.full.win32.x86_64_21.0.8.v20250724-1412\jre\bin\extnet.dll

Deoptimization events (20 events):
Event: 22.953 Thread 0x000002e26404aae0 DEOPT PACKING pc=0x000002e271ab7be4 sp=0x000000fb519f7860
Event: 22.953 Thread 0x000002e26404aae0 DEOPT UNPACKING pc=0x000002e2711146a2 sp=0x000000fb519f7778 mode 2
Event: 22.953 Thread 0x000002e26404aae0 Uncommon trap: trap_request=0xffffff45 fr.pc=0x000002e271abd594 relative=0x0000000000000a34
Event: 22.953 Thread 0x000002e26404aae0 Uncommon trap: reason=unstable_if action=reinterpret pc=0x000002e271abd594 method=jdk.internal.org.objectweb.asm.Frame.push(Ljdk/internal/org/objectweb/asm/SymbolTable;Ljava/lang/String;)V @ 49 c2
Event: 22.953 Thread 0x000002e26404aae0 DEOPT PACKING pc=0x000002e271abd594 sp=0x000000fb519f7840
Event: 22.953 Thread 0x000002e26404aae0 DEOPT UNPACKING pc=0x000002e2711146a2 sp=0x000000fb519f77f0 mode 2
Event: 22.968 Thread 0x000002e26404aae0 Uncommon trap: trap_request=0xffffff45 fr.pc=0x000002e2719a910c relative=0x0000000000005d2c
Event: 22.968 Thread 0x000002e26404aae0 Uncommon trap: reason=unstable_if action=reinterpret pc=0x000002e2719a910c method=org.springframework.boot.context.properties.source.ConfigurationPropertyName$ElementsParser.isAlpha(C)Z @ 9 c2
Event: 22.968 Thread 0x000002e26404aae0 DEOPT PACKING pc=0x000002e2719a910c sp=0x000000fb519f91f0
Event: 22.968 Thread 0x000002e26404aae0 DEOPT UNPACKING pc=0x000002e2711146a2 sp=0x000000fb519f90d8 mode 2
Event: 22.968 Thread 0x000002e26404aae0 Uncommon trap: trap_request=0xffffff45 fr.pc=0x000002e27174bf74 relative=0x0000000000000294
Event: 22.968 Thread 0x000002e26404aae0 Uncommon trap: reason=unstable_if action=reinterpret pc=0x000002e27174bf74 method=org.springframework.boot.context.properties.source.ConfigurationPropertyName$ElementsParser.isAlpha(C)Z @ 9 c2
Event: 22.968 Thread 0x000002e26404aae0 DEOPT PACKING pc=0x000002e27174bf74 sp=0x000000fb519f91f0
Event: 22.968 Thread 0x000002e26404aae0 DEOPT UNPACKING pc=0x000002e2711146a2 sp=0x000000fb519f90d0 mode 2
Event: 22.968 Thread 0x000002e26404aae0 Uncommon trap: trap_request=0xffffff45 fr.pc=0x000002e2716f748c relative=0x000000000000006c
Event: 22.968 Thread 0x000002e26404aae0 Uncommon trap: reason=unstable_if action=reinterpret pc=0x000002e2716f748c method=org.springframework.boot.context.properties.source.ConfigurationPropertyName$ElementsParser.isAlpha(C)Z @ 9 c2
Event: 22.968 Thread 0x000002e26404aae0 DEOPT PACKING pc=0x000002e2716f748c sp=0x000000fb519f8fa0
Event: 22.968 Thread 0x000002e26404aae0 DEOPT UNPACKING pc=0x000002e2711146a2 sp=0x000000fb519f8ed8 mode 2
Event: 23.072 Thread 0x000002e26404aae0 DEOPT PACKING pc=0x000002e26a502e5c sp=0x000000fb519fab40
Event: 23.072 Thread 0x000002e26404aae0 DEOPT UNPACKING pc=0x000002e271114e42 sp=0x000000fb519fa0c8 mode 0

Classes loaded (20 events):
Event: 20.494 Loading class java/lang/invoke/WrongMethodTypeException
Event: 20.495 Loading class java/lang/invoke/WrongMethodTypeException done
Event: 20.508 Loading class java/lang/Character$UnicodeBlock
Event: 20.510 Loading class java/lang/Character$Subset
Event: 20.510 Loading class java/lang/Character$Subset done
Event: 20.513 Loading class java/lang/Character$UnicodeBlock done
Event: 20.600 Loading class java/util/regex/Pattern$Bound
Event: 20.600 Loading class java/util/regex/Pattern$Bound done
Event: 20.602 Loading class java/util/regex/Pattern$Behind
Event: 20.603 Loading class java/util/regex/Pattern$Behind done
Event: 20.694 Loading class java/util/EmptyStackException
Event: 20.694 Loading class java/util/EmptyStackException done
Event: 20.740 Loading class java/io/InvalidClassException
Event: 20.740 Loading class java/io/InvalidClassException done
Event: 22.770 Loading class sun/reflect/generics/repository/FieldRepository
Event: 22.770 Loading class sun/reflect/generics/repository/FieldRepository done
Event: 22.920 Loading class java/util/Collections$SynchronizedRandomAccessList
Event: 22.920 Loading class java/util/Collections$SynchronizedList
Event: 22.920 Loading class java/util/Collections$SynchronizedList done
Event: 22.920 Loading class java/util/Collections$SynchronizedRandomAccessList done

Classes unloaded (0 events):
No events

Classes redefined (0 events):
No events

Internal exceptions (20 events):
Event: 19.278 Thread 0x000002e26404aae0 Exception <a 'java/lang/NoSuchMethodError'{0x0000000089d9b6c8}: 'java.lang.Object java.lang.invoke.DirectMethodHandle$Holder.newInvokeSpecial(java.lang.Object, java.lang.Object, int)'> (0x0000000089d9b6c8) 
thrown [s\src\hotspot\share\interpreter\linkResolver.cpp, line 773]
Event: 19.309 Thread 0x000002e26404aae0 Exception <a 'java/lang/NoSuchMethodError'{0x0000000089cde890}: 'int java.lang.invoke.DirectMethodHandle$Holder.invokeStatic(java.lang.Object, int, java.lang.Object)'> (0x0000000089cde890) 
thrown [s\src\hotspot\share\interpreter\linkResolver.cpp, line 773]
Event: 19.312 Thread 0x000002e26404aae0 Exception <a 'java/lang/NoSuchMethodError'{0x0000000089cfba60}: 'java.lang.Object java.lang.invoke.DirectMethodHandle$Holder.newInvokeSpecial(java.lang.Object, java.lang.Object, java.lang.Object, java.lang.Object, java.lang.Object, int, java.lang.Object)'> (0x0000000089cfba60) 
thrown [s\src\hotspot\share\interpreter\linkResolver.cpp, line 773]
Event: 19.316 Thread 0x000002e26404aae0 Exception <a 'java/lang/NoSuchMethodError'{0x0000000089b2d398}: 'java.lang.Object java.lang.invoke.DirectMethodHandle$Holder.newInvokeSpecial(java.lang.Object, java.lang.Object, java.lang.Object, java.lang.Object, java.lang.Object, java.lang.Object, java.lang.Object, java.lang.Object, java.lang.Object, java.lang.Object, java.lang.Object, java.lang.Object)'> (0x0000000089b2d398) 
thrown [s\src\hotspot\share\interpreter\linkResolver.cpp, line 773]
Event: 19.317 Thread 0x000002e26404aae0 Exception <a 'java/lang/NoSuchMethodError'{0x0000000089b31c50}: 'java.lang.Object java.lang.invoke.DirectMethodHandle$Holder.invokeSpecial(java.lang.Object, java.lang.Object, java.lang.Object, java.lang.Object, java.lang.Object, java.lang.Object, java.lang.Object, java.lang.Object, java.lang.Object, java.lang.Object, java.lang.Object, java.lang.Object, java.lang.Object)'> (0x0000000089b31c50) 
thrown [s\src\hotspot\share\interpreter\linkResolver.cpp, line 773]
Event: 19.317 Thread 0x000002e26404aae0 Exception <a 'java/lang/NoSuchMethodError'{0x0000000089b36138}: 'java.lang.Object java.lang.invoke.Invokers$Holder.linkToTargetMethod(java.lang.Object, java.lang.Object, java.lang.Object, java.lang.Object, java.lang.Object, java.lang.Object, java.lang.Object, java.lang.Object, java.lang.Object, java.lang.Object, java.lang.Object, java.lang.Object)'> (0x0000000089b36138) 
thrown [s\src\hotspot\share\interpreter\linkResolver.cpp, line 773]
Event: 19.377 Thread 0x000002e26404aae0 Exception <a 'java/lang/NoSuchMethodError'{0x0000000089986160}: 'java.lang.Object java.lang.invoke.DirectMethodHandle$Holder.newInvokeSpecial(java.lang.Object, java.lang.Object, java.lang.Object, java.lang.Object, java.lang.Object, java.lang.Object, java.lang.Object, int)'> (0x0000000089986160) 
thrown [s\src\hotspot\share\interpreter\linkResolver.cpp, line 773]
Event: 19.377 Thread 0x000002e26404aae0 Exception <a 'java/lang/NoSuchMethodError'{0x000000008998a700}: 'java.lang.Object java.lang.invoke.DirectMethodHandle$Holder.invokeSpecial(java.lang.Object, java.lang.Object, java.lang.Object, java.lang.Object, java.lang.Object, java.lang.Object, java.lang.Object, java.lang.Object, int)'> (0x000000008998a700) 
thrown [s\src\hotspot\share\interpreter\linkResolver.cpp, line 773]
Event: 19.377 Thread 0x000002e26404aae0 Exception <a 'java/lang/NoSuchMethodError'{0x000000008998e728}: 'java.lang.Object java.lang.invoke.Invokers$Holder.linkToTargetMethod(java.lang.Object, java.lang.Object, java.lang.Object, java.lang.Object, java.lang.Object, java.lang.Object, int, java.lang.Object)'> (0x000000008998e728) 
thrown [s\src\hotspot\share\interpreter\linkResolver.cpp, line 773]
Event: 19.428 Thread 0x000002e26404aae0 Exception <a 'java/lang/NoSuchMethodError'{0x000000008b955028}: 'void java.lang.invoke.DirectMethodHandle$Holder.invokeInterface(java.lang.Object, java.lang.Object)'> (0x000000008b955028) 
thrown [s\src\hotspot\share\interpreter\linkResolver.cpp, line 773]
Event: 19.656 Thread 0x000002e26404aae0 Exception <a 'java/lang/NoSuchMethodError'{0x000000008b4a7c38}: 'void java.lang.invoke.Invokers$Holder.invokeExact_MT(java.lang.Object, java.lang.Object, java.lang.Object, java.lang.Object)'> (0x000000008b4a7c38) 
thrown [s\src\hotspot\share\interpreter\linkResolver.cpp, line 773]
Event: 19.870 Thread 0x000002e26404aae0 Implicit null exception at 0x000002e271b2d891 to 0x000002e271b2db10
Event: 19.969 Thread 0x000002e26404aae0 Exception <a 'java/lang/IncompatibleClassChangeError'{0x000000008aa419b0}: Found class java.lang.Object, but interface was expected> (0x000000008aa419b0) 
thrown [s\src\hotspot\share\interpreter\linkResolver.cpp, line 840]
Event: 19.999 Thread 0x000002e26404aae0 Implicit null exception at 0x000002e271a70f64 to 0x000002e271a73cb4
Event: 20.016 Thread 0x000002e26404aae0 Exception <a 'java/lang/IncompatibleClassChangeError'{0x000000008a8f6320}: Found class java.lang.Object, but interface was expected> (0x000000008a8f6320) 
thrown [s\src\hotspot\share\interpreter\linkResolver.cpp, line 840]
Event: 20.091 Thread 0x000002e26404aae0 Exception <a 'java/lang/IncompatibleClassChangeError'{0x000000008a546048}: Found class java.lang.Object, but interface was expected> (0x000000008a546048) 
thrown [s\src\hotspot\share\interpreter\linkResolver.cpp, line 840]
Event: 20.332 Thread 0x000002e26404aae0 Exception <a 'java/lang/IncompatibleClassChangeError'{0x0000000089eeaa00}: Found class java.lang.Object, but interface was expected> (0x0000000089eeaa00) 
thrown [s\src\hotspot\share\interpreter\linkResolver.cpp, line 840]
Event: 20.542 Thread 0x000002e26404aae0 Exception <a 'java/lang/IncompatibleClassChangeError'{0x000000008952df40}: Found class java.lang.Object, but interface was expected> (0x000000008952df40) 
thrown [s\src\hotspot\share\interpreter\linkResolver.cpp, line 840]
Event: 22.826 Thread 0x000002e26404aae0 Exception <a 'java/lang/NoSuchMethodError'{0x000000008b9b8290}: 'java.lang.Object java.lang.invoke.DirectMethodHandle$Holder.newInvokeSpecial(java.lang.Object, java.lang.Object, java.lang.Object, java.lang.Object, java.lang.Object, java.lang.Object, java.lang.Object, java.lang.Object)'> (0x000000008b9b8290) 
thrown [s\src\hotspot\share\interpreter\linkResolver.cpp, line 773]
Event: 23.048 Thread 0x000002e26404aae0 Exception <a 'java/lang/NoSuchMethodError'{0x000000008ae3dd60}: 'java.lang.Object java.lang.invoke.DirectMethodHandle$Holder.invokeVirtual(java.lang.Object, java.lang.Object, java.lang.Object, java.lang.Object, java.lang.Object, java.lang.Object, java.lang.Object)'> (0x000000008ae3dd60) 
thrown [s\src\hotspot\share\interpreter\linkResolver.cpp, line 773]

ZGC Phase Switch (0 events):
No events

VM Operations (20 events):
Event: 20.985 Executing VM operation: ICBufferFull
Event: 20.986 Executing VM operation: ICBufferFull done
Event: 21.367 Executing VM operation: G1CollectForAllocation (G1 Evacuation Pause)
Event: 21.380 Executing VM operation: G1CollectForAllocation (G1 Evacuation Pause) done
Event: 21.462 Executing VM operation: HandshakeAllThreads (Deoptimize)
Event: 21.462 Executing VM operation: HandshakeAllThreads (Deoptimize) done
Event: 21.470 Executing VM operation: HandshakeAllThreads (Deoptimize)
Event: 21.470 Executing VM operation: HandshakeAllThreads (Deoptimize) done
Event: 21.499 Executing VM operation: HandshakeAllThreads (Deoptimize)
Event: 21.499 Executing VM operation: HandshakeAllThreads (Deoptimize) done
Event: 21.847 Executing VM operation: G1CollectForAllocation (G1 Evacuation Pause)
Event: 21.861 Executing VM operation: G1CollectForAllocation (G1 Evacuation Pause) done
Event: 22.116 Executing VM operation: G1CollectForAllocation (G1 Evacuation Pause)
Event: 22.136 Executing VM operation: G1CollectForAllocation (G1 Evacuation Pause) done
Event: 22.366 Executing VM operation: G1PauseRemark
Event: 22.374 Executing VM operation: G1PauseRemark done
Event: 22.477 Executing VM operation: G1PauseCleanup
Event: 22.477 Executing VM operation: G1PauseCleanup done
Event: 22.787 Executing VM operation: G1CollectForAllocation (G1 Evacuation Pause)
Event: 22.811 Executing VM operation: G1CollectForAllocation (G1 Evacuation Pause) done

Memory protections (0 events):
No events

Nmethod flushes (20 events):
Event: 22.373 Thread 0x000002e27d7ca760 flushing  nmethod 0x000002e26a284110
Event: 22.373 Thread 0x000002e27d7ca760 flushing  nmethod 0x000002e26a290610
Event: 22.373 Thread 0x000002e27d7ca760 flushing  nmethod 0x000002e26a2f8210
Event: 22.373 Thread 0x000002e27d7ca760 flushing  nmethod 0x000002e26a4efc10
Event: 22.373 Thread 0x000002e27d7ca760 flushing  nmethod 0x000002e26a4f1110
Event: 22.373 Thread 0x000002e27d7ca760 flushing  nmethod 0x000002e26a4f1e10
Event: 22.373 Thread 0x000002e27d7ca760 flushing  nmethod 0x000002e26a50c010
Event: 22.373 Thread 0x000002e27d7ca760 flushing  nmethod 0x000002e26a596f90
Event: 22.373 Thread 0x000002e27d7ca760 flushing  nmethod 0x000002e26a5c2690
Event: 22.373 Thread 0x000002e27d7ca760 flushing  nmethod 0x000002e26a5e8890
Event: 22.373 Thread 0x000002e27d7ca760 flushing  nmethod 0x000002e26a64f990
Event: 22.373 Thread 0x000002e27d7ca760 flushing  nmethod 0x000002e26a657190
Event: 22.373 Thread 0x000002e27d7ca760 flushing  nmethod 0x000002e26a65d610
Event: 22.373 Thread 0x000002e27d7ca760 flushing  nmethod 0x000002e26a660d90
Event: 22.373 Thread 0x000002e27d7ca760 flushing  nmethod 0x000002e26a70df10
Event: 22.373 Thread 0x000002e27d7ca760 flushing  nmethod 0x000002e26a710410
Event: 22.373 Thread 0x000002e27d7ca760 flushing  nmethod 0x000002e26a711d90
Event: 22.373 Thread 0x000002e27d7ca760 flushing  nmethod 0x000002e26a713710
Event: 22.373 Thread 0x000002e27d7ca760 flushing  nmethod 0x000002e26a714290
Event: 22.373 Thread 0x000002e27d7ca760 flushing  nmethod 0x000002e26a730010

Events (20 events):
Event: 0.716 Thread 0x000002e26404aae0 Thread added: 0x000002e27da242c0
Event: 0.722 Thread 0x000002e26404aae0 Thread added: 0x000002e27da336e0
Event: 0.777 Thread 0x000002e27d862b40 Thread added: 0x000002e27dab00d0
Event: 2.017 Thread 0x000002e26404aae0 Thread added: 0x000002e27e97ecc0
Event: 2.795 Thread 0x000002e27dab00d0 Thread exited: 0x000002e27dab00d0
Event: 4.521 Thread 0x000002e27d862b40 Thread added: 0x000002e27ed74360
Event: 5.244 Thread 0x000002e26404aae0 Thread added: 0x000002e2450bb580
Event: 5.450 Thread 0x000002e2450bb580 Thread exited: 0x000002e2450bb580
Event: 5.573 Thread 0x000002e27e97ecc0 Thread exited: 0x000002e27e97ecc0
Event: 14.972 Thread 0x000002e26404aae0 Thread added: 0x000002e27f2631f0
Event: 14.974 Thread 0x000002e27f2631f0 Thread added: 0x000002e27f263f10
Event: 14.980 Thread 0x000002e26404aae0 Thread added: 0x000002e27f2624d0
Event: 15.024 Thread 0x000002e26404aae0 Thread added: 0x000002e27f262b60
Event: 16.932 Thread 0x000002e26404aae0 Thread added: 0x000002e27f263880
Event: 17.058 Thread 0x000002e27f263880 Thread added: 0x000002e27dc42c70
Event: 18.411 Thread 0x000002e27ed74360 Thread exited: 0x000002e27ed74360
Event: 18.453 Thread 0x000002e27d7f4cf0 Thread added: 0x000002e245841030
Event: 19.591 Thread 0x000002e245841030 Thread exited: 0x000002e245841030
Event: 19.637 Thread 0x000002e27d862b40 Thread added: 0x000002e245841030
Event: 22.666 Thread 0x000002e27dc42c70 Thread exited: 0x000002e27dc42c70


Dynamic libraries:
0x00007ff664010000 - 0x00007ff66401e000 	C:\Users\WIN 10\.p2\pool\plugins\org.eclipse.justj.openjdk.hotspot.jre.full.win32.x86_64_21.0.8.v20250724-1412\jre\bin\javaw.exe
0x00007ff982610000 - 0x00007ff982808000 	C:\Windows\SYSTEM32\ntdll.dll
0x00007ff981990000 - 0x00007ff981a4f000 	C:\Windows\System32\KERNEL32.DLL
0x00007ff97fdb0000 - 0x00007ff9800a6000 	C:\Windows\System32\KERNELBASE.dll
0x00007ff980540000 - 0x00007ff980640000 	C:\Windows\System32\ucrtbase.dll
0x00007ff955380000 - 0x00007ff955398000 	C:\Users\WIN 10\.p2\pool\plugins\org.eclipse.justj.openjdk.hotspot.jre.full.win32.x86_64_21.0.8.v20250724-1412\jre\bin\jli.dll
0x00007ff9806f0000 - 0x00007ff98088d000 	C:\Windows\System32\USER32.dll
0x00007ff980640000 - 0x00007ff980662000 	C:\Windows\System32\win32u.dll
0x00007ff981b00000 - 0x00007ff981b2c000 	C:\Windows\System32\GDI32.dll
0x00007ff9802d0000 - 0x00007ff9803e5000 	C:\Windows\System32\gdi32full.dll
0x00007ff9804a0000 - 0x00007ff98053d000 	C:\Windows\System32\msvcp_win.dll
0x00007ff953b40000 - 0x00007ff953b5e000 	C:\Users\WIN 10\.p2\pool\plugins\org.eclipse.justj.openjdk.hotspot.jre.full.win32.x86_64_21.0.8.v20250724-1412\jre\bin\VCRUNTIME140.dll
0x00007ff964f50000 - 0x00007ff9651ea000 	C:\Windows\WinSxS\amd64_microsoft.windows.common-controls_6595b64144ccf1df_6.0.19041.1110_none_60b5254171f9507e\COMCTL32.dll
0x00007ff981fe0000 - 0x00007ff98207e000 	C:\Windows\System32\msvcrt.dll
0x00007ff9809d0000 - 0x00007ff980a00000 	C:\Windows\System32\IMM32.DLL
0x00007ff96a7e0000 - 0x00007ff96a7ec000 	C:\Users\WIN 10\.p2\pool\plugins\org.eclipse.justj.openjdk.hotspot.jre.full.win32.x86_64_21.0.8.v20250724-1412\jre\bin\vcruntime140_1.dll
0x00007ff94c500000 - 0x00007ff94c58d000 	C:\Users\WIN 10\.p2\pool\plugins\org.eclipse.justj.openjdk.hotspot.jre.full.win32.x86_64_21.0.8.v20250724-1412\jre\bin\msvcp140.dll
0x00007ff9087d0000 - 0x00007ff909567000 	C:\Users\WIN 10\.p2\pool\plugins\org.eclipse.justj.openjdk.hotspot.jre.full.win32.x86_64_21.0.8.v20250724-1412\jre\bin\server\jvm.dll
0x00007ff982250000 - 0x00007ff9822ff000 	C:\Windows\System32\ADVAPI32.dll
0x00007ff981120000 - 0x00007ff9811bc000 	C:\Windows\System32\sechost.dll
0x00007ff9823d0000 - 0x00007ff9824f6000 	C:\Windows\System32\RPCRT4.dll
0x00007ff982300000 - 0x00007ff98236b000 	C:\Windows\System32\WS2_32.dll
0x00007ff97fb60000 - 0x00007ff97fbab000 	C:\Windows\SYSTEM32\POWRPROF.dll
0x00007ff965200000 - 0x00007ff965227000 	C:\Windows\SYSTEM32\WINMM.dll
0x00007ff973980000 - 0x00007ff97398a000 	C:\Windows\SYSTEM32\VERSION.dll
0x00007ff97fb40000 - 0x00007ff97fb52000 	C:\Windows\SYSTEM32\UMPDC.dll
0x00007ff97e560000 - 0x00007ff97e572000 	C:\Windows\SYSTEM32\kernel.appcore.dll
0x00007ff977d10000 - 0x00007ff977d1a000 	C:\Users\WIN 10\.p2\pool\plugins\org.eclipse.justj.openjdk.hotspot.jre.full.win32.x86_64_21.0.8.v20250724-1412\jre\bin\jimage.dll
0x00007ff97b200000 - 0x00007ff97b3e4000 	C:\Windows\SYSTEM32\DBGHELP.DLL
0x00007ff962a10000 - 0x00007ff962a44000 	C:\Windows\SYSTEM32\dbgcore.DLL
0x00007ff97fd20000 - 0x00007ff97fda2000 	C:\Windows\System32\bcryptPrimitives.dll
0x00007ff96ec90000 - 0x00007ff96ecaf000 	C:\Users\WIN 10\.p2\pool\plugins\org.eclipse.justj.openjdk.hotspot.jre.full.win32.x86_64_21.0.8.v20250724-1412\jre\bin\java.dll
0x00007ff9811d0000 - 0x00007ff981914000 	C:\Windows\System32\SHELL32.dll
0x00007ff97a990000 - 0x00007ff97b123000 	C:\Windows\SYSTEM32\windows.storage.dll
0x00007ff981bf0000 - 0x00007ff981f44000 	C:\Windows\System32\combase.dll
0x00007ff97f660000 - 0x00007ff97f68e000 	C:\Windows\SYSTEM32\Wldp.dll
0x00007ff981a50000 - 0x00007ff981afd000 	C:\Windows\System32\SHCORE.dll
0x00007ff982370000 - 0x00007ff9823c5000 	C:\Windows\System32\shlwapi.dll
0x00007ff97fc30000 - 0x00007ff97fc4f000 	C:\Windows\SYSTEM32\profapi.dll
0x00007ff96ba10000 - 0x00007ff96ba28000 	C:\Users\WIN 10\.p2\pool\plugins\org.eclipse.justj.openjdk.hotspot.jre.full.win32.x86_64_21.0.8.v20250724-1412\jre\bin\zip.dll
0x00007ff977cd0000 - 0x00007ff977ce0000 	C:\Users\WIN 10\.p2\pool\plugins\org.eclipse.justj.openjdk.hotspot.jre.full.win32.x86_64_21.0.8.v20250724-1412\jre\bin\net.dll
0x00007ff96d6d0000 - 0x00007ff96d7da000 	C:\Windows\SYSTEM32\WINHTTP.dll
0x00007ff97f3c0000 - 0x00007ff97f42a000 	C:\Windows\system32\mswsock.dll
0x00007ff96b960000 - 0x00007ff96b976000 	C:\Users\WIN 10\.p2\pool\plugins\org.eclipse.justj.openjdk.hotspot.jre.full.win32.x86_64_21.0.8.v20250724-1412\jre\bin\nio.dll
0x00007ff96ba00000 - 0x00007ff96ba0e000 	C:\Users\WIN 10\.p2\pool\plugins\org.eclipse.justj.openjdk.hotspot.jre.full.win32.x86_64_21.0.8.v20250724-1412\jre\bin\sunmscapi.dll
0x00007ff980100000 - 0x00007ff98025e000 	C:\Windows\System32\CRYPT32.dll
0x00007ff97f740000 - 0x00007ff97f768000 	C:\Windows\SYSTEM32\ncrypt.dll
0x00007ff97f700000 - 0x00007ff97f73b000 	C:\Windows\SYSTEM32\NTASN1.dll
0x00007ff97f5b0000 - 0x00007ff97f5c8000 	C:\Windows\SYSTEM32\CRYPTSP.dll
0x00007ff97ece0000 - 0x00007ff97ed14000 	C:\Windows\system32\rsaenh.dll
0x00007ff97fcf0000 - 0x00007ff97fd17000 	C:\Windows\System32\bcrypt.dll
0x00007ff97fbb0000 - 0x00007ff97fbde000 	C:\Windows\SYSTEM32\USERENV.dll
0x00007ff97f5d0000 - 0x00007ff97f5dc000 	C:\Windows\SYSTEM32\CRYPTBASE.dll
0x00007ff97f0b0000 - 0x00007ff97f0ec000 	C:\Windows\SYSTEM32\IPHLPAPI.DLL
0x00007ff981be0000 - 0x00007ff981be8000 	C:\Windows\System32\NSI.dll
0x00007ff962a50000 - 0x00007ff962a5a000 	C:\Users\WIN 10\.p2\pool\plugins\org.eclipse.justj.openjdk.hotspot.jre.full.win32.x86_64_21.0.8.v20250724-1412\jre\bin\management.dll
0x00007ff961dd0000 - 0x00007ff961ddb000 	C:\Users\WIN 10\.p2\pool\plugins\org.eclipse.justj.openjdk.hotspot.jre.full.win32.x86_64_21.0.8.v20250724-1412\jre\bin\management_ext.dll
0x00007ff981920000 - 0x00007ff981928000 	C:\Windows\System32\PSAPI.DLL
0x00007ff976280000 - 0x00007ff976290000 	C:\Users\WIN 10\.p2\pool\plugins\org.eclipse.justj.openjdk.hotspot.jre.full.win32.x86_64_21.0.8.v20250724-1412\jre\bin\verify.dll
0x00007ff97f0f0000 - 0x00007ff97f1ba000 	C:\Windows\SYSTEM32\DNSAPI.dll
0x00007ff973bd0000 - 0x00007ff973bda000 	C:\Windows\System32\rasadhlp.dll
0x00007ff96a580000 - 0x00007ff96a602000 	C:\Windows\System32\fwpuclnt.dll
0x00007ff96ba80000 - 0x00007ff96ba89000 	C:\Users\WIN 10\.p2\pool\plugins\org.eclipse.justj.openjdk.hotspot.jre.full.win32.x86_64_21.0.8.v20250724-1412\jre\bin\extnet.dll

JVMTI agents: none

dbghelp: loaded successfully - version: 4.0.5 - missing functions: none
symbol engine: initialized successfully - sym options: 0x614 - pdb path: .;C:\Users\WIN 10\.p2\pool\plugins\org.eclipse.justj.openjdk.hotspot.jre.full.win32.x86_64_21.0.8.v20250724-1412\jre\bin;C:\Windows\SYSTEM32;C:\Windows\WinSxS\amd64_microsoft.windows.common-controls_6595b64144ccf1df_6.0.19041.1110_none_60b5254171f9507e;C:\Users\WIN 10\.p2\pool\plugins\org.eclipse.justj.openjdk.hotspot.jre.full.win32.x86_64_21.0.8.v20250724-1412\jre\bin\server

VM Arguments:
jvm_args: -Dfile.encoding=UTF-8 -Dstdout.encoding=UTF-8 -Dstderr.encoding=UTF-8 -XX:+ShowCodeDetailsInExceptionMessages 
java_command: com.hireconnect.hireconnect.HireconnectApplication
java_class_path (initial): C:\Users\WIN 10\Downloads\hireconnect\hireconnect\target\classes;C:\Users\WIN 10\.m2\repository\org\springframework\boot\spring-boot-starter-web\3.2.4\spring-boot-starter-web-3.2.4.jar;C:\Users\WIN 10\.m2\repository\org\springframework\boot\spring-boot-starter\3.2.4\spring-boot-starter-3.2.4.jar;C:\Users\WIN 10\.m2\repository\org\springframework\boot\spring-boot\3.2.4\spring-boot-3.2.4.jar;C:\Users\WIN 10\.m2\repository\org\springframework\boot\spring-boot-autoconfigure\3.2.4\spring-boot-autoconfigure-3.2.4.jar;C:\Users\WIN 10\.m2\repository\org\springframework\boot\spring-boot-starter-logging\3.2.4\spring-boot-starter-logging-3.2.4.jar;C:\Users\WIN 10\.m2\repository\ch\qos\logback\logback-classic\1.4.14\logback-classic-1.4.14.jar;C:\Users\WIN 10\.m2\repository\ch\qos\logback\logback-core\1.4.14\logback-core-1.4.14.jar;C:\Users\WIN 10\.m2\repository\org\apache\logging\log4j\log4j-to-slf4j\2.21.1\log4j-to-slf4j-2.21.1.jar;C:\Users\WIN 10\.m2\repository\org\slf4j\jul-to-slf4j\2.0.12\jul-to-slf4j-2.0.12.jar;C:\Users\WIN 10\.m2\repository\jakarta\annotation\jakarta.annotation-api\2.1.1\jakarta.annotation-api-2.1.1.jar;C:\Users\WIN 10\.m2\repository\org\yaml\snakeyaml\2.2\snakeyaml-2.2.jar;C:\Users\WIN 10\.m2\repository\org\springframework\boot\spring-boot-starter-json\3.2.4\spring-boot-starter-json-3.2.4.jar;C:\Users\WIN 10\.m2\repository\com\fasterxml\jackson\datatype\jackson-datatype-jdk8\2.15.4\jackson-datatype-jdk8-2.15.4.jar;C:\Users\WIN 10\.m2\repository\com\fasterxml\jackson\datatype\jackson-datatype-jsr310\2.15.4\jackson-datatype-jsr310-2.15.4.jar;C:\Users\WIN 10\.m2\repository\com\fasterxml\jackson\module\jackson-module-parameter-names\2.15.4\jackson-module-parameter-names-2.15.4.jar;C:\Users\WIN 10\.m2\repository\org\springframework\boot\spring-boot-starter-tomcat\3.2.4\spring-boot-starter-tomcat-3.2.4.jar;C:\Users\WIN 10\.m2\repository\org\apache\tomcat\embed\tomcat-embed-core\10.1.19\tomcat-embed-core-10.1.19.jar;C:\Users\WIN 10\.m2\repository\org\apache\tomcat\embed\tomcat-embed-websocket\10.1.19\tomcat-embed-websocket-10.1.19.jar;C:\Users\WIN 10\.m2\repository\org\springframework\spring-web\6.1.5\spring-web-6.1.5.jar;C:\Users\WIN 10\.m2\repository\org\springframework\spring-beans\6.1.5\spring-beans-6.1.5.jar;C:\Users\WIN 10\.m2\repository\org\springframework\spring-webmvc\6.1.5\spring-webmvc-6.1.5.jar;C:\Users\WIN 10\.m2\repository\org\springframework\spring-context\6.1.5\spring-context-6.1.5.jar;C:\Users\WIN 10\.m2\repository\org\springframework\spring-expression\6.1.5\spring-expression-6.1.5.jar;C:\Users\WIN 10\.m2\repository\org\springframework\boot\spring-boot-starter-data-jpa\3.2.4\spring-boot-starter-data-jpa-3.2.4.jar;C:\Users\WIN 10\.m2\repository\org\springframework\boot\spring-boot-starter-aop\3.2.4\spring-boot-starter-aop-3.2.4.jar;C:\Users\WIN 10\.m2\repository\org\aspectj\aspectjweaver\1.9.21\aspectjweaver-1.9.21.jar;C:\Users\WIN 10\.m2\repository\org\springframework\boot\spring-boot-starter-jdbc\3.2.4\spring-boot-starter-jdbc-3.2.4.jar;C:\Users\WIN 10\.m2\repository\com\zaxxer\HikariCP\5.0.1\HikariCP-5.0.1.jar;C:\Users\WIN 10\.m2\repository\org\springframework\spring-jdbc\6.1.5\spring-jdbc-6.1.5.jar;C:\Users\WIN 10\.m2\repository\org\hibernate\orm\hibernate-core\6.4.4.Final\hibernate-core-6.4.4.Final.jar;C:\Users\WIN 10\.m2\repository\jakarta\persistence\jakarta.persistence-api\3.1.0\jakarta.persistence-api-3.1.0.jar;C:\Users\WIN 10\.m2\repository\jakarta\transaction\jakarta.transaction-api\2.0.1\jakarta.transaction-api-2.0.1.jar;C:\Users\WIN 10\.m2\repository\org\jboss\logging\jboss-logging\3.5.3.Final\jboss-logging-3.5.3.Final.jar;C:\Users\WIN 10\.m2\repository\org\hibernate\common\hibernate-commons-annotations\6.0.6.Final\hibernate-commons-annotations-6.0.6.Final.jar;C:\Users\WIN 10\.m2\repository\io\smallrye\jandex\3.1.2\jandex-3.1.2.jar;C:\Users\WIN 10\.m2\repository\com\fasterxml\classmate\1.6.0\classmate-1.6.0.jar;C:\Users\WIN 10\.m2\repository\org\glassfish\jaxb\jaxb-runtime\4.0.5\jaxb-runtime-4.0.5.jar;C:\Users\WIN 10\.m2\repository\org\glassfish\jaxb\jaxb-core\4.0.5\jaxb-core-4.0.5.jar;C:\Users\WIN 10\.m2\repository\org\eclipse\angus\angus-activation\2.0.2\angus-activation-2.0.2.jar;C:\Users\WIN 10\.m2\repository\org\glassfish\jaxb\txw2\4.0.5\txw2-4.0.5.jar;C:\Users\WIN 10\.m2\repository\com\sun\istack\istack-commons-runtime\4.1.2\istack-commons-runtime-4.1.2.jar;C:\Users\WIN 10\.m2\repository\jakarta\inject\jakarta.inject-api\2.0.1\jakarta.inject-api-2.0.1.jar;C:\Users\WIN 10\.m2\repository\org\antlr\antlr4-runtime\4.13.0\antlr4-runtime-4.13.0.jar;C:\Users\WIN 10\.m2\repository\org\springframework\data\spring-data-jpa\3.2.4\spring-data-jpa-3.2.4.jar;C:\Users\WIN 10\.m2\repository\org\springframework\data\spring-data-commons\3.2.4\spring-data-commons-3.2.4.jar;C:\Users\WIN 10\.m2\repository\org\springframework\spring-orm\6.1.5\spring-orm-6.1.5.jar;C:\Users\WIN 10\.m2\repository\org\slf4j\slf4j-api\2.0.12\slf4j-api-2.0.12.jar;C:\Users\WIN 10\.m2\repository\org\springframework\spring-aspects\6.1.5\spring-aspects-6.1.5.jar;C:\Users\WIN 10\.m2\repository\org\springframework\boot\spring-boot-starter-security\3.2.4\spring-boot-starter-security-3.2.4.jar;C:\Users\WIN 10\.m2\repository\org\springframework\spring-aop\6.1.5\spring-aop-6.1.5.jar;C:\Users\WIN 10\.m2\repository\org\springframework\security\spring-security-config\6.2.3\spring-security-config-6.2.3.jar;C:\Users\WIN 10\.m2\repository\org\springframework\security\spring-security-web\6.2.3\spring-security-web-6.2.3.jar;C:\Users\WIN 10\.m2\repository\org\springframework\boot\spring-boot-starter-validation\3.2.4\spring-boot-starter-validation-3.2.4.jar;C:\Users\WIN 10\.m2\repository\org\apache\tomcat\embed\tomcat-embed-el\10.1.19\tomcat-embed-el-10.1.19.jar;C:\Users\WIN 10\.m2\repository\org\hibernate\validator\hibernate-validator\8.0.1.Final\hibernate-validator-8.0.1.Final.jar;C:\Users\WIN 10\.m2\repository\jakarta\validation\jakarta.validation-api\3.0.2\jakarta.validation-api-3.0.2.jar;C:\Users\WIN 10\.m2\repository\com\mysql\mysql-connector-j\8.3.0\mysql-connector-j-8.3.0.jar;C:\Users\WIN 10\.m2\repository\org\projectlombok\lombok\1.18.30\lombok-1.18.30.jar;C:\Users\WIN 10\.m2\repository\io\jsonwebtoken\jjwt-api\0.11.5\jjwt-api-0.11.5.jar;C:\Users\WIN 10\.m2\repository\io\jsonwebtoken\jjwt-impl\0.11.5\jjwt-impl-0.11.5.jar;C:\Users\WIN 10\.m2\repository\io\jsonwebtoken\jjwt-jackson\0.11.5\jjwt-jackson-0.11.5.jar;C:\Users\WIN 10\.m2\repository\com\fasterxml\jackson\core\jackson-databind\2.15.4\jackson-databind-2.15.4.jar;C:\Users\WIN 10\.m2\repository\com\fasterxml\jackson\core\jackson-annotations\2.15.4\jackson-annotations-2.15.4.jar;C:\Users\WIN 10\.m2\repository\com\fasterxml\jackson\core\jackson-core\2.15.4\jackson-core-2.15.4.jar;C:\Users\WIN 10\.m2\repository\com\itextpdf\itextpdf\5.5.13.3\itextpdf-5.5.13.3.jar;C:\Users\WIN 10\.m2\repository\org\apache\pdfbox\pdfbox\3.0.1\pdfbox-3.0.1.jar;C:\Users\WIN 10\.m2\repository\org\apache\pdfbox\pdfbox-io\3.0.1\pdfbox-io-3.0.1.jar;C:\Users\WIN 10\.m2\repository\org\apache\pdfbox\fontbox\3.0.1\fontbox-3.0.1.jar;C:\Users\WIN 10\.m2\repository\org\junit\jupiter\junit-jupiter\5.10.2\junit-jupiter-5.10.2.jar;C:\Users\WIN 10\.m2\repository\org\junit\jupiter\junit-jupiter-api\5.10.2\junit-jupiter-api-5.10.2.jar;C:\Users\WIN 10\.m2\repository\org\opentest4j\opentest4j\1.3.0\opentest4j-1.3.0.jar;C:\Users\WIN 10\.m2\repository\org\junit\platform\junit-platform-commons\1.10.2\junit-platform-commons-1.10.2.jar;C:\Users\WIN 10\.m2\repository\org\apiguardian\apiguardian-api\1.1.2\apiguardian-api-1.1.2.jar;C:\Users\WIN 10\.m2\repository\org\junit\jupiter\junit-jupiter-params\5.10.2\junit-jupiter-params-5.10.2.jar;C:\Users\WIN 10\.m2\repository\org\junit\jupiter\junit-jupiter-engine\5.10.2\junit-jupiter-engine-5.10.2.jar;C:\Users\WIN 10\.m2\repository\org\junit\platform\junit-platform-engine\1.10.2\junit-platform-engine-1.10.2.jar;C:\Users\WIN 10\.m2\repository\org\apache\poi\poi\5.2.5\poi-5.2.5.jar;C:\Users\WIN 10\.m2\repository\commons-codec\commons-codec\1.16.1\commons-codec-1.16.1.jar;C:\Users\WIN 10\.m2\repository\org\apache\commons\commons-collections4\4.4\commons-collections4-4.4.jar;C:\Users\WIN 10\.m2\repository\org\apache\commons\commons-math3\3.6.1\commons-math3-3.6.1.jar;C:\Users\WIN 10\.m2\repository\com\zaxxer\SparseBitSet\1.3\SparseBitSet-1.3.jar;C:\Users\WIN 10\.m2\repository\org\apache\logging\log4j\log4j-api\2.21.1\log4j-api-2.21.1.jar;C:\Users\WIN 10\.m2\repository\org\apache\poi\poi-ooxml\5.2.5\poi-ooxml-5.2.5.jar;C:\Users\WIN 10\.m2\repository\org\apache\poi\poi-ooxml-lite\5.2.5\poi-ooxml-lite-5.2.5.jar;C:\Users\WIN 10\.m2\repository\org\apache\xmlbeans\xmlbeans\5.2.0\xmlbeans-5.2.0.jar;C:\Users\WIN 10\.m2\repository\org\apache\commons\commons-compress\1.25.0\commons-compress-1.25.0.jar;C:\Users\WIN 10\.m2\repository\com\github\virtuald\curvesapi\1.08\curvesapi-1.08.jar;C:\Users\WIN 10\.m2\repository\commons-fileupload\commons-fileupload\1.5\commons-fileupload-1.5.jar;C:\Users\WIN 10\.m2\repository\commons-io\commons-io\2.15.1\commons-io-2.15.1.jar;C:\Users\WIN 10\.m2\repository\org\springdoc\springdoc-openapi-starter-webmvc-ui\2.3.0\springdoc-openapi-starter-webmvc-ui-2.3.0.jar;C:\Users\WIN 10\.m2\repository\org\springdoc\springdoc-openapi-starter-webmvc-api\2.3.0\springdoc-openapi-starter-webmvc-api-2.3.0.jar;C:\Users\WIN 10\.m2\repository\org\springdoc\springdoc-openapi-starter-common\2.3.0\springdoc-openapi-starter-common-2.3.0.jar;C:\Users\WIN 10\.m2\repository\io\swagger\core\v3\swagger-core-jakarta\2.2.19\swagger-core-jakarta-2.2.19.jar;C:\Users\WIN 10\.m2\repository\org\apache\commons\commons-lang3\3.13.0\commons-lang3-3.13.0.jar;C:\Users\WIN 10\.m2\repository\io\swagger\core\v3\swagger-annotations-jakarta\2.2.19\swagger-annotations-jakarta-2.2.19.jar;C:\Users\WIN 10\.m2\repository\io\swagger\core\v3\swagger-models-jakarta\2.2.19\swagger-models-jakarta-2.2.19.jar;C:\Users\WIN 10\.m2\repository\com\fasterxml\jackson\dataformat\jackson-dataformat-yaml\2.15.4\jackson-dataformat-yaml-2.15.4.jar;C:\Users\WIN 10\.m2\repository\org\webjars\swagger-ui\5.10.3\swagger-ui-5.10.3.jar;C:\Users\WIN 10\.m2\repository\org\modelmapper\modelmapper\3.2.0\modelmapper-3.2.0.jar;C:\Users\WIN 10\.m2\repository\org\springframework\boot\spring-boot-starter-quartz\3.2.4\spring-boot-starter-quartz-3.2.4.jar;C:\Users\WIN 10\.m2\repository\org\springframework\spring-context-support\6.1.5\spring-context-support-6.1.5.jar;C:\Users\WIN 10\.m2\repository\org\springframework\spring-tx\6.1.5\spring-tx-6.1.5.jar;C:\Users\WIN 10\.m2\repository\org\quartz-scheduler\quartz\2.3.2\quartz-2.3.2.jar;C:\Users\WIN 10\.m2\repository\com\mchange\mchange-commons-java\0.2.15\mchange-commons-java-0.2.15.jar;C:\Users\WIN 10\.m2\repository\org\springframework\boot\spring-boot-starter-cache\3.2.4\spring-boot-starter-cache-3.2.4.jar;C:\Users\WIN 10\.m2\repository\com\github\ben-manes\caffeine\caffeine\3.1.8\caffeine-3.1.8.jar;C:\Users\WIN 10\.m2\repository\org\checkerframework\checker-qual\3.37.0\checker-qual-3.37.0.jar;C:\Users\WIN 10\.m2\repository\com\google\errorprone\error_prone_annotations\2.21.1\error_prone_annotations-2.21.1.jar;C:\Users\WIN 10\.m2\repository\org\springframework\boot\spring-boot-starter-actuator\3.2.4\spring-boot-starter-actuator-3.2.4.jar;C:\Users\WIN 10\.m2\repository\org\springframework\boot\spring-boot-actuator-autoconfigure\3.2.4\spring-boot-actuator-autoconfigure-3.2.4.jar;C:\Users\WIN 10\.m2\repository\org\springframework\boot\spring-boot-actuator\3.2.4\spring-boot-actuator-3.2.4.jar;C:\Users\WIN 10\.m2\repository\io\micrometer\micrometer-observation\1.12.4\micrometer-observation-1.12.4.jar;C:\Users\WIN 10\.m2\repository\io\micrometer\micrometer-commons\1.12.4\micrometer-commons-1.12.4.jar;C:\Users\WIN 10\.m2\repository\io\micrometer\micrometer-jakarta9\1.12.4\micrometer-jakarta9-1.12.4.jar;C:\Users\WIN 10\.m2\repository\io\micrometer\micrometer-registry-prometheus\1.12.4\micrometer-registry-prometheus-1.12.4.jar;C:\Users\WIN 10\.m2\repository\io\micrometer\micrometer-core\1.12.4\micrometer-core-1.12.4.jar;C:\Users\WIN 10\.m2\repository\org\hdrhistogram\HdrHistogram\2.1.12\HdrHistogram-2.1.12.jar;C:\Users\WIN 10\.m2\repository\org\latencyutils\LatencyUtils\2.0.3\LatencyUtils-2.0.3.jar;C:\Users\WIN 10\.m2\repository\io\prometheus\simpleclient_common\0.16.0\simpleclient_common-0.16.0.jar;C:\Users\WIN 10\.m2\repository\io\prometheus\simpleclient\0.16.0\simpleclient-0.16.0.jar;C:\Users\WIN 10\.m2\repository\io\prometheus\simpleclient_tracer_otel\0.16.0\simpleclient_tracer_otel-0.16.0.jar;C:\Users\WIN 10\.m2\repository\io\prometheus\simpleclient_tracer_common\0.16.0\simpleclient_tracer_common-0.16.0.jar;C:\Users\WIN 10\.m2\repository\io\prometheus\simpleclient_tracer_otel_agent\0.16.0\simpleclient_tracer_otel_agent-0.16.0.jar;C:\Users\WIN 10\.m2\repository\jakarta\xml\bind\jakarta.xml.bind-api\4.0.2\jakarta.xml.bind-api-4.0.2.jar;C:\Users\WIN 10\.m2\repository\jakarta\activation\jakarta.activation-api\2.1.3\jakarta.activation-api-2.1.3.jar;C:\Users\WIN 10\.m2\repository\org\springframework\spring-core\6.1.5\spring-core-6.1.5.jar;C:\Users\WIN 10\.m2\repository\org\springframework\spring-jcl\6.1.5\spring-jcl-6.1.5.jar;C:\Users\WIN 10\.m2\repository\org\springframework\security\spring-security-core\6.2.3\spring-security-core-6.2.3.jar;C:\Users\WIN 10\.m2\repository\org\springframework\security\spring-security-crypto\6.2.3\spring-security-crypto-6.2.3.jar;C:\Users\WIN 10\.m2\repository\net\bytebuddy\byte-buddy\1.14.12\byte-buddy-1.14.12.jar
Launcher Type: SUN_STANDARD

[Global flags]
     intx CICompilerCount                          = 3                                         {product} {ergonomic}
     uint ConcGCThreads                            = 1                                         {product} {ergonomic}
     uint G1ConcRefinementThreads                  = 4                                         {product} {ergonomic}
   size_t G1HeapRegionSize                         = 1048576                                   {product} {ergonomic}
    uintx GCDrainStackTargetSize                   = 64                                        {product} {ergonomic}
   size_t InitialHeapSize                          = 134217728                                 {product} {ergonomic}
   size_t MarkStackSize                            = 4194304                                   {product} {ergonomic}
   size_t MaxHeapSize                              = 2118123520                                {product} {ergonomic}
   size_t MaxNewSize                               = 1270874112                                {product} {ergonomic}
   size_t MinHeapDeltaBytes                        = 1048576                                   {product} {ergonomic}
   size_t MinHeapSize                              = 8388608                                   {product} {ergonomic}
    uintx NonNMethodCodeHeapSize                   = 5832780                                {pd product} {ergonomic}
    uintx NonProfiledCodeHeapSize                  = 122912730                              {pd product} {ergonomic}
    uintx ProfiledCodeHeapSize                     = 122912730                              {pd product} {ergonomic}
    uintx ReservedCodeCacheSize                    = 251658240                              {pd product} {ergonomic}
     bool SegmentedCodeCache                       = true                                      {product} {ergonomic}
     bool ShowCodeDetailsInExceptionMessages       = true                                   {manageable} {command line}
   size_t SoftMaxHeapSize                          = 2118123520                             {manageable} {ergonomic}
     bool UseCompressedOops                        = true                           {product lp64_product} {ergonomic}
     bool UseG1GC                                  = true                                      {product} {ergonomic}
     bool UseLargePagesIndividualAllocation        = false                                  {pd product} {ergonomic}

Logging:
Log output configuration:
 #0: stdout all=warning uptime,level,tags foldmultilines=false
 #1: stderr all=off uptime,level,tags foldmultilines=false

Environment Variables:
PATH=C:/Users/WIN 10/.p2/pool/plugins/org.eclipse.justj.openjdk.hotspot.jre.full.win32.x86_64_21.0.8.v20250724-1412/jre/bin/server;C:/Users/WIN 10/.p2/pool/plugins/org.eclipse.justj.openjdk.hotspot.jre.full.win32.x86_64_21.0.8.v20250724-1412/jre/bin;C:\Windows\system32;C:\Windows;C:\Windows\System32\Wbem;C:\Windows\System32\WindowsPowerShell\v1.0\;C:\Windows\System32\OpenSSH\;C:\Program Files (x86)\Intel\Intel(R) Management Engine Components\DAL;C:\Program Files\Intel\Intel(R) Management Engine Components\DAL;C:\Program Files\MySQL\MySQL Server 8.0\bin;C:\Program Files\nodejs\;C:\Program Files\Git\cmd;C:\Program Files\GitHub CLI\;C:\Program Files\MySQL\MySQL Shell 8.0\bin\;C:\Users\WIN 10\AppData\Local\Microsoft\WindowsApps;C:\Users\WIN 10\AppData\Local\Programs\Microsoft VS Code\bin;C:\Users\WIN 10\AppData\Roaming\npm;C:\Users\WIN 10\Desktop;
USERNAME=Samaya
OS=Windows_NT
PROCESSOR_IDENTIFIER=Intel64 Family 6 Model 78 Stepping 3, GenuineIntel
TMP=C:\Users\WIN10~1\AppData\Local\Temp
TEMP=C:\Users\WIN10~1\AppData\Local\Temp




Periodic native trim disabled

---------------  S Y S T E M  ---------------

OS:
 Windows 10 , 64 bit Build 19041 (10.0.19041.3031)
OS uptime: 0 days 16:34 hours

CPU: total 4 (initial active 4) (2 cores per cpu, 2 threads per core) family 6 model 78 stepping 3 microcode 0xf0, cx8, cmov, fxsr, ht, mmx, 3dnowpref, sse, sse2, sse3, ssse3, sse4.1, sse4.2, popcnt, lzcnt, tsc, tscinvbit, avx, avx2, aes, erms, clmul, bmi1, bmi2, rtm, adx, fma, vzeroupper, clflush, clflushopt, rdtscp, f16c
Processor Information for processor 0
  Max Mhz: 2808, Current Mhz: 2607, Mhz Limit: 2583
Processor Information for processor 1
  Max Mhz: 2808, Current Mhz: 2607, Mhz Limit: 2583
Processor Information for processor 2
  Max Mhz: 2808, Current Mhz: 1404, Mhz Limit: 2583
Processor Information for processor 3
  Max Mhz: 2808, Current Mhz: 2607, Mhz Limit: 2583

Memory: 4k page, system-wide physical 8072M (947M free)
TotalPageFile size 10120M (AvailPageFile size 2M)
current process WorkingSet (physical memory assigned to process): 378M, peak: 379M
current process commit charge ("private bytes"): 404M, peak: 405M

vm_info: OpenJDK 64-Bit Server VM (21.0.8+9-LTS) for windows-amd64 JRE (21.0.8+9-LTS), built on 2025-07-15T00:00:00Z by "admin" with MS VC++ 17.7 (VS2022)

END.
