#
# There is insufficient memory for the Java Runtime Environment to continue.
# Native memory allocation (malloc) failed to allocate 1064288 bytes. Error detail: Chunk::new
# Possible reasons:
#   The system is out of physical RAM or swap space
#   This process is running with CompressedOops enabled, and the Java Heap may be blocking the growth of the native heap
# Possible solutions:
#   Reduce memory load on the system
#   Increase physical memory or swap space
#   Check if swap backing store is full
#   Decrease Java heap size (-Xmx/-Xms)
#   Decrease number of Java threads
#   Decrease Java thread stack sizes (-Xss)
#   Set larger code cache with -XX:ReservedCodeCacheSize=
#   JVM is running with Unscaled Compressed Oops mode in which the Java heap is
#     placed in the first 4GB address space. The Java Heap base address is the
#     maximum limit for the native heap growth. Please use -XX:HeapBaseMinAddress
#     to set the Java Heap base and to place the Java Heap above 4GB virtual address.
# This output file may be truncated or incomplete.
#
#  Out of Memory Error (arena.cpp:168), pid=7016, tid=1680
#
# JRE version: OpenJDK Runtime Environment Temurin-21.0.8+9 (21.0.8+9) (build 21.0.8+9-LTS)
# Java VM: OpenJDK 64-Bit Server VM Temurin-21.0.8+9 (21.0.8+9-LTS, mixed mode, sharing, tiered, compressed oops, compressed class ptrs, g1 gc, windows-amd64)
# No core dump will be written. Minidumps are not enabled by default on client versions of Windows
#

---------------  S U M M A R Y ------------

Command Line: -Dfile.encoding=UTF-8 -Dstdout.encoding=UTF-8 -Dstderr.encoding=UTF-8 -XX:+ShowCodeDetailsInExceptionMessages com.hireconnect.hireconnect.HireconnectApplication

Host: Intel(R) Core(TM) i7-6600U CPU @ 2.60GHz, 4 cores, 7G,  Windows 10 , 64 bit Build 19041 (10.0.19041.3031)
Time: Sun Nov 23 16:44:54 2025 India Standard Time elapsed time: 16.138472 seconds (0d 0h 0m 16s)

---------------  T H R E A D  ---------------

Current thread (0x0000019762babb40):  JavaThread "C2 CompilerThread0" daemon [_thread_in_native, id=1680, stack(0x00000064c4100000,0x00000064c4200000) (1024K)]


Current CompileTask:
C2:16138 7887       4       org.springframework.core.BridgeMethodResolver::resolveBridgeMethod (165 bytes)

Stack: [0x00000064c4100000,0x00000064c4200000]
Native frames: (J=compiled Java code, j=interpreted, Vv=VM code, C=native code)
V  [jvm.dll+0x6d2449]
V  [jvm.dll+0x8ae341]
V  [jvm.dll+0x8b08be]
V  [jvm.dll+0x8b0fa3]
V  [jvm.dll+0x280c96]
V  [jvm.dll+0xc581d]
V  [jvm.dll+0xc5d53]
V  [jvm.dll+0x3b919c]
V  [jvm.dll+0x385315]
V  [jvm.dll+0x38477a]
V  [jvm.dll+0x248ed0]
V  [jvm.dll+0x2484af]
V  [jvm.dll+0x1c89ee]
V  [jvm.dll+0x257d4d]
V  [jvm.dll+0x2562ea]
V  [jvm.dll+0x3f2d16]
V  [jvm.dll+0x857e6b]
V  [jvm.dll+0x6d0b0d]
C  [ucrtbase.dll+0x21bb2]
C  [KERNEL32.DLL+0x17614]
C  [ntdll.dll+0x526f1]


---------------  P R O C E S S  ---------------

Threads class SMR info:
_java_thread_list=0x000001976a7a0bf0, length=18, elements={
0x00000197492ec6d0, 0x0000019762b9c570, 0x0000019762b9dcd0, 0x0000019762ba13f0,
0x0000019762ba39d0, 0x0000019762ba2620, 0x0000019762ba2cb0, 0x0000019762babb40,
0x0000019762bc33a0, 0x0000019762ba3340, 0x0000019762ba4060, 0x0000019768f20140,
0x0000019768f242e0, 0x0000019768f207d0, 0x0000019768f20e60, 0x0000019768f1ed90,
0x0000019768f22f30, 0x0000019762bc2600
}

Java Threads: ( => current thread )
  0x00000197492ec6d0 JavaThread "main"                              [_thread_in_Java, id=13576, stack(0x00000064c3300000,0x00000064c3400000) (1024K)]
  0x0000019762b9c570 JavaThread "Reference Handler"          daemon [_thread_blocked, id=15312, stack(0x00000064c3b00000,0x00000064c3c00000) (1024K)]
  0x0000019762b9dcd0 JavaThread "Finalizer"                  daemon [_thread_blocked, id=4568, stack(0x00000064c3c00000,0x00000064c3d00000) (1024K)]
  0x0000019762ba13f0 JavaThread "Signal Dispatcher"          daemon [_thread_blocked, id=13808, stack(0x00000064c3d00000,0x00000064c3e00000) (1024K)]
  0x0000019762ba39d0 JavaThread "Attach Listener"            daemon [_thread_blocked, id=4016, stack(0x00000064c3e00000,0x00000064c3f00000) (1024K)]
  0x0000019762ba2620 JavaThread "Service Thread"             daemon [_thread_blocked, id=2208, stack(0x00000064c3f00000,0x00000064c4000000) (1024K)]
  0x0000019762ba2cb0 JavaThread "Monitor Deflation Thread"   daemon [_thread_blocked, id=13596, stack(0x00000064c4000000,0x00000064c4100000) (1024K)]
=>0x0000019762babb40 JavaThread "C2 CompilerThread0"         daemon [_thread_in_native, id=1680, stack(0x00000064c4100000,0x00000064c4200000) (1024K)]
  0x0000019762bc33a0 JavaThread "C1 CompilerThread0"         daemon [_thread_blocked, id=13224, stack(0x00000064c4200000,0x00000064c4300000) (1024K)]
  0x0000019762ba3340 JavaThread "Notification Thread"        daemon [_thread_blocked, id=15160, stack(0x00000064c4300000,0x00000064c4400000) (1024K)]
  0x0000019762ba4060 JavaThread "Common-Cleaner"             daemon [_thread_blocked, id=7540, stack(0x00000064c4400000,0x00000064c4500000) (1024K)]
  0x0000019768f20140 JavaThread "Catalina-utility-1"                [_thread_blocked, id=11928, stack(0x00000064c4900000,0x00000064c4a00000) (1024K)]
  0x0000019768f242e0 JavaThread "Catalina-utility-2"                [_thread_blocked, id=13996, stack(0x00000064c4b00000,0x00000064c4c00000) (1024K)]
  0x0000019768f207d0 JavaThread "container-0"                       [_thread_blocked, id=11568, stack(0x00000064c4c00000,0x00000064c4d00000) (1024K)]
  0x0000019768f20e60 JavaThread "mysql-cj-abandoned-connection-cleanup" daemon [_thread_blocked, id=2788, stack(0x00000064c4d00000,0x00000064c4e00000) (1024K)]
  0x0000019768f1ed90 JavaThread "HikariPool-1 housekeeper"   daemon [_thread_blocked, id=3196, stack(0x00000064c4f00000,0x00000064c5000000) (1024K)]
  0x0000019768f22f30 JavaThread "HikariPool-1 connection adder" daemon [_thread_blocked, id=6756, stack(0x00000064c5000000,0x00000064c5100000) (1024K)]
  0x0000019762bc2600 JavaThread "C2 CompilerThread1"         daemon [_thread_in_vm, id=2996, stack(0x00000064c4800000,0x00000064c4900000) (1024K)]
Total: 18

Other Threads:
  0x0000019762b7bbe0 VMThread "VM Thread"                           [id=560, stack(0x00000064c3a00000,0x00000064c3b00000) (1024K)]
  0x0000019762b6dbf0 WatcherThread "VM Periodic Task Thread"        [id=13460, stack(0x00000064c3900000,0x00000064c3a00000) (1024K)]
  0x000001974b5ef420 WorkerThread "GC Thread#0"                     [id=14884, stack(0x00000064c3400000,0x00000064c3500000) (1024K)]
  0x00000197674c3280 WorkerThread "GC Thread#1"                     [id=15248, stack(0x00000064c4500000,0x00000064c4600000) (1024K)]
  0x00000197674c3620 WorkerThread "GC Thread#2"                     [id=14084, stack(0x00000064c4600000,0x00000064c4700000) (1024K)]
  0x00000197674da700 WorkerThread "GC Thread#3"                     [id=13528, stack(0x00000064c4700000,0x00000064c4800000) (1024K)]
  0x000001974b600890 ConcurrentGCThread "G1 Main Marker"            [id=3300, stack(0x00000064c3500000,0x00000064c3600000) (1024K)]
  0x000001974b601ce0 WorkerThread "G1 Conc#0"                       [id=13564, stack(0x00000064c3600000,0x00000064c3700000) (1024K)]
  0x0000019762a2b110 ConcurrentGCThread "G1 Refine#0"               [id=14268, stack(0x00000064c3700000,0x00000064c3800000) (1024K)]
  0x0000019762a2ba90 ConcurrentGCThread "G1 Service"                [id=9568, stack(0x00000064c3800000,0x00000064c3900000) (1024K)]
Total: 10

Threads with active compile tasks:
C2 CompilerThread0  16191 7887       4       org.springframework.core.BridgeMethodResolver::resolveBridgeMethod (165 bytes)
C1 CompilerThread0  16191 7925       3       org.springframework.cglib.core.Signature::<init> (38 bytes)
C2 CompilerThread1  16191 7904       4       org.aspectj.apache.bcel.classfile.Attribute::readAttribute (568 bytes)
Total: 3

VM state: not at safepoint (normal execution)

VM Mutex/Monitor currently owned by a thread:  ([mutex/lock_event])
[0x00007ff8ec813fd8] MethodCompileQueue_lock - owner thread: 0x0000000000000000

Heap address: 0x0000000081c00000, size: 2020 MB, Compressed Oops mode: 32-bit

CDS archive(s) mapped at: [0x0000019700000000-0x0000019700c80000-0x0000019700c80000), size 13107200, SharedBaseAddress: 0x0000019700000000, ArchiveRelocationMode: 1.
Compressed class space mapped at: 0x0000019701000000-0x0000019741000000, reserved size: 1073741824
Narrow klass base: 0x0000019700000000, Narrow klass shift: 0, Narrow klass range: 0x100000000

GC Precious Log:
 CardTable entry size: 512
 Card Set container configuration: InlinePtr #cards 5 size 8 Array Of Cards #cards 12 size 40 Howl #buckets 4 coarsen threshold 1843 Howl Bitmap #cards 512 size 80 coarsen threshold 460 Card regions per heap region 1 cards per card region 2048
 CPUs: 4 total, 4 available
 Memory: 8072M
 Large Page Support: Disabled
 NUMA Support: Disabled
 Compressed Oops: Enabled (32-bit)
 Heap Region Size: 1M
 Heap Min Capacity: 8M
 Heap Initial Capacity: 128M
 Heap Max Capacity: 2020M
 Pre-touch: Disabled
 Parallel Workers: 4
 Concurrent Workers: 1
 Concurrent Refinement Workers: 4
 Periodic GC: Disabled

Heap:
 garbage-first heap   total 128000K, used 73698K [0x0000000081c00000, 0x0000000100000000)
  region size 1024K, 9 young (9216K), 4 survivors (4096K)
 Metaspace       used 66917K, committed 67584K, reserved 1114112K
  class space    used 8925K, committed 9216K, reserved 1048576K

Heap Regions: E=young(eden), S=young(survivor), O=old, HS=humongous(starts), HC=humongous(continues), CS=collection set, F=free, TAMS=top-at-mark-start, PB=parsable bottom
|   0|0x0000000081c00000, 0x0000000081d00000, 0x0000000081d00000|100%|HS|  |TAMS 0x0000000081c00000| PB 0x0000000081c00000| Complete 
|   1|0x0000000081d00000, 0x0000000081e00000, 0x0000000081e00000|100%| O|  |TAMS 0x0000000081d00000| PB 0x0000000081d00000| Untracked 
|   2|0x0000000081e00000, 0x0000000081f00000, 0x0000000081f00000|100%| O|  |TAMS 0x0000000081e00000| PB 0x0000000081e00000| Untracked 
|   3|0x0000000081f00000, 0x0000000082000000, 0x0000000082000000|100%| O|  |TAMS 0x0000000081f00000| PB 0x0000000081f00000| Untracked 
|   4|0x0000000082000000, 0x0000000082100000, 0x0000000082100000|100%| O|  |TAMS 0x0000000082000000| PB 0x0000000082000000| Untracked 
|   5|0x0000000082100000, 0x0000000082200000, 0x0000000082200000|100%| O|  |TAMS 0x0000000082100000| PB 0x0000000082100000| Untracked 
|   6|0x0000000082200000, 0x0000000082300000, 0x0000000082300000|100%| O|  |TAMS 0x0000000082200000| PB 0x0000000082200000| Untracked 
|   7|0x0000000082300000, 0x0000000082400000, 0x0000000082400000|100%| O|  |TAMS 0x0000000082300000| PB 0x0000000082300000| Untracked 
|   8|0x0000000082400000, 0x0000000082500000, 0x0000000082500000|100%| O|  |TAMS 0x0000000082400000| PB 0x0000000082400000| Untracked 
|   9|0x0000000082500000, 0x0000000082600000, 0x0000000082600000|100%| O|  |TAMS 0x0000000082500000| PB 0x0000000082500000| Untracked 
|  10|0x0000000082600000, 0x0000000082700000, 0x0000000082700000|100%| O|  |TAMS 0x0000000082600000| PB 0x0000000082600000| Untracked 
|  11|0x0000000082700000, 0x0000000082800000, 0x0000000082800000|100%| O|  |TAMS 0x0000000082700000| PB 0x0000000082700000| Untracked 
|  12|0x0000000082800000, 0x0000000082900000, 0x0000000082900000|100%| O|  |TAMS 0x0000000082800000| PB 0x0000000082800000| Untracked 
|  13|0x0000000082900000, 0x0000000082a00000, 0x0000000082a00000|100%| O|  |TAMS 0x0000000082900000| PB 0x0000000082900000| Untracked 
|  14|0x0000000082a00000, 0x0000000082b00000, 0x0000000082b00000|100%| O|  |TAMS 0x0000000082a00000| PB 0x0000000082a00000| Untracked 
|  15|0x0000000082b00000, 0x0000000082c00000, 0x0000000082c00000|100%| O|  |TAMS 0x0000000082b00000| PB 0x0000000082b00000| Untracked 
|  16|0x0000000082c00000, 0x0000000082d00000, 0x0000000082d00000|100%| O|  |TAMS 0x0000000082c00000| PB 0x0000000082c00000| Untracked 
|  17|0x0000000082d00000, 0x0000000082e00000, 0x0000000082e00000|100%| O|  |TAMS 0x0000000082d00000| PB 0x0000000082d00000| Untracked 
|  18|0x0000000082e00000, 0x0000000082f00000, 0x0000000082f00000|100%| O|  |TAMS 0x0000000082e00000| PB 0x0000000082e00000| Untracked 
|  19|0x0000000082f00000, 0x0000000083000000, 0x0000000083000000|100%| O|  |TAMS 0x0000000082f00000| PB 0x0000000082f00000| Untracked 
|  20|0x0000000083000000, 0x0000000083100000, 0x0000000083100000|100%| O|  |TAMS 0x0000000083000000| PB 0x0000000083000000| Untracked 
|  21|0x0000000083100000, 0x0000000083200000, 0x0000000083200000|100%| O|Cm|TAMS 0x0000000083100000| PB 0x0000000083100000| Complete 
|  22|0x0000000083200000, 0x0000000083300000, 0x0000000083300000|100%| O|  |TAMS 0x0000000083200000| PB 0x0000000083200000| Untracked 
|  23|0x0000000083300000, 0x0000000083400000, 0x0000000083400000|100%| O|  |TAMS 0x0000000083300000| PB 0x0000000083300000| Untracked 
|  24|0x0000000083400000, 0x0000000083500000, 0x0000000083500000|100%| O|  |TAMS 0x0000000083400000| PB 0x0000000083400000| Untracked 
|  25|0x0000000083500000, 0x0000000083600000, 0x0000000083600000|100%| O|  |TAMS 0x0000000083500000| PB 0x0000000083500000| Untracked 
|  26|0x0000000083600000, 0x0000000083700000, 0x0000000083700000|100%| O|  |TAMS 0x0000000083600000| PB 0x0000000083600000| Untracked 
|  27|0x0000000083700000, 0x0000000083800000, 0x0000000083800000|100%| O|  |TAMS 0x0000000083700000| PB 0x0000000083700000| Untracked 
|  28|0x0000000083800000, 0x0000000083900000, 0x0000000083900000|100%| O|  |TAMS 0x0000000083800000| PB 0x0000000083800000| Untracked 
|  29|0x0000000083900000, 0x0000000083a00000, 0x0000000083a00000|100%| O|  |TAMS 0x0000000083900000| PB 0x0000000083900000| Untracked 
|  30|0x0000000083a00000, 0x0000000083b00000, 0x0000000083b00000|100%| O|  |TAMS 0x0000000083a00000| PB 0x0000000083a00000| Untracked 
|  31|0x0000000083b00000, 0x0000000083c00000, 0x0000000083c00000|100%| O|  |TAMS 0x0000000083b00000| PB 0x0000000083b00000| Untracked 
|  32|0x0000000083c00000, 0x0000000083d00000, 0x0000000083d00000|100%| O|  |TAMS 0x0000000083c00000| PB 0x0000000083c00000| Untracked 
|  33|0x0000000083d00000, 0x0000000083e00000, 0x0000000083e00000|100%| O|  |TAMS 0x0000000083d00000| PB 0x0000000083d00000| Untracked 
|  34|0x0000000083e00000, 0x0000000083f00000, 0x0000000083f00000|100%| O|  |TAMS 0x0000000083e00000| PB 0x0000000083e00000| Untracked 
|  35|0x0000000083f00000, 0x0000000084000000, 0x0000000084000000|100%| O|  |TAMS 0x0000000083f00000| PB 0x0000000083f00000| Untracked 
|  36|0x0000000084000000, 0x0000000084100000, 0x0000000084100000|100%| O|  |TAMS 0x0000000084000000| PB 0x0000000084000000| Untracked 
|  37|0x0000000084100000, 0x0000000084200000, 0x0000000084200000|100%| O|  |TAMS 0x0000000084100000| PB 0x0000000084100000| Untracked 
|  38|0x0000000084200000, 0x0000000084300000, 0x0000000084300000|100%| O|  |TAMS 0x0000000084200000| PB 0x0000000084200000| Untracked 
|  39|0x0000000084300000, 0x0000000084400000, 0x0000000084400000|100%| O|  |TAMS 0x0000000084300000| PB 0x0000000084300000| Untracked 
|  40|0x0000000084400000, 0x0000000084500000, 0x0000000084500000|100%| O|  |TAMS 0x0000000084400000| PB 0x0000000084400000| Untracked 
|  41|0x0000000084500000, 0x0000000084600000, 0x0000000084600000|100%| O|  |TAMS 0x0000000084500000| PB 0x0000000084500000| Untracked 
|  42|0x0000000084600000, 0x0000000084700000, 0x0000000084700000|100%| O|  |TAMS 0x0000000084600000| PB 0x0000000084600000| Untracked 
|  43|0x0000000084700000, 0x0000000084800000, 0x0000000084800000|100%| O|  |TAMS 0x0000000084700000| PB 0x0000000084700000| Untracked 
|  44|0x0000000084800000, 0x0000000084900000, 0x0000000084900000|100%| O|  |TAMS 0x0000000084800000| PB 0x0000000084800000| Untracked 
|  45|0x0000000084900000, 0x0000000084a00000, 0x0000000084a00000|100%| O|  |TAMS 0x0000000084900000| PB 0x0000000084900000| Untracked 
|  46|0x0000000084a00000, 0x0000000084b00000, 0x0000000084b00000|100%| O|  |TAMS 0x0000000084a00000| PB 0x0000000084a00000| Untracked 
|  47|0x0000000084b00000, 0x0000000084c00000, 0x0000000084c00000|100%| O|  |TAMS 0x0000000084b00000| PB 0x0000000084b00000| Untracked 
|  48|0x0000000084c00000, 0x0000000084d00000, 0x0000000084d00000|100%| O|  |TAMS 0x0000000084c00000| PB 0x0000000084c00000| Untracked 
|  49|0x0000000084d00000, 0x0000000084e00000, 0x0000000084e00000|100%| O|  |TAMS 0x0000000084d00000| PB 0x0000000084d00000| Untracked 
|  50|0x0000000084e00000, 0x0000000084f00000, 0x0000000084f00000|100%| O|Cm|TAMS 0x0000000084e00000| PB 0x0000000084e00000| Complete 
|  51|0x0000000084f00000, 0x0000000085000000, 0x0000000085000000|100%| O|  |TAMS 0x0000000084f00000| PB 0x0000000084f00000| Untracked 
|  52|0x0000000085000000, 0x0000000085100000, 0x0000000085100000|100%| O|  |TAMS 0x0000000085000000| PB 0x0000000085000000| Untracked 
|  53|0x0000000085100000, 0x0000000085200000, 0x0000000085200000|100%| O|  |TAMS 0x0000000085100000| PB 0x0000000085100000| Untracked 
|  54|0x0000000085200000, 0x0000000085300000, 0x0000000085300000|100%| O|  |TAMS 0x0000000085200000| PB 0x0000000085200000| Untracked 
|  55|0x0000000085300000, 0x0000000085400000, 0x0000000085400000|100%| O|  |TAMS 0x0000000085300000| PB 0x0000000085300000| Untracked 
|  56|0x0000000085400000, 0x0000000085500000, 0x0000000085500000|100%| O|  |TAMS 0x0000000085400000| PB 0x0000000085400000| Untracked 
|  57|0x0000000085500000, 0x0000000085600000, 0x0000000085600000|100%| O|  |TAMS 0x0000000085500000| PB 0x0000000085500000| Untracked 
|  58|0x0000000085600000, 0x0000000085700000, 0x0000000085700000|100%| O|  |TAMS 0x0000000085600000| PB 0x0000000085600000| Untracked 
|  59|0x0000000085700000, 0x0000000085800000, 0x0000000085800000|100%| O|  |TAMS 0x0000000085700000| PB 0x0000000085700000| Untracked 
|  60|0x0000000085800000, 0x0000000085900000, 0x0000000085900000|100%| O|  |TAMS 0x0000000085800000| PB 0x0000000085800000| Untracked 
|  61|0x0000000085900000, 0x0000000085a00000, 0x0000000085a00000|100%| O|  |TAMS 0x0000000085900000| PB 0x0000000085900000| Untracked 
|  62|0x0000000085a00000, 0x0000000085b00000, 0x0000000085b00000|100%| O|  |TAMS 0x0000000085a00000| PB 0x0000000085a00000| Untracked 
|  63|0x0000000085b00000, 0x0000000085bf8b60, 0x0000000085c00000| 97%| O|  |TAMS 0x0000000085b00000| PB 0x0000000085b00000| Untracked 
|  64|0x0000000085c00000, 0x0000000085c00000, 0x0000000085d00000|  0%| F|  |TAMS 0x0000000085c00000| PB 0x0000000085c00000| Untracked 
|  65|0x0000000085d00000, 0x0000000085d00000, 0x0000000085e00000|  0%| F|  |TAMS 0x0000000085d00000| PB 0x0000000085d00000| Untracked 
|  66|0x0000000085e00000, 0x0000000085e00000, 0x0000000085f00000|  0%| F|  |TAMS 0x0000000085e00000| PB 0x0000000085e00000| Untracked 
|  67|0x0000000085f00000, 0x0000000085f00000, 0x0000000086000000|  0%| F|  |TAMS 0x0000000085f00000| PB 0x0000000085f00000| Untracked 
|  68|0x0000000086000000, 0x0000000086000000, 0x0000000086100000|  0%| F|  |TAMS 0x0000000086000000| PB 0x0000000086000000| Untracked 
|  69|0x0000000086100000, 0x0000000086100000, 0x0000000086200000|  0%| F|  |TAMS 0x0000000086100000| PB 0x0000000086100000| Untracked 
|  70|0x0000000086200000, 0x0000000086200000, 0x0000000086300000|  0%| F|  |TAMS 0x0000000086200000| PB 0x0000000086200000| Untracked 
|  71|0x0000000086300000, 0x0000000086400000, 0x0000000086400000|100%| S|CS|TAMS 0x0000000086300000| PB 0x0000000086300000| Complete 
|  72|0x0000000086400000, 0x0000000086500000, 0x0000000086500000|100%| S|CS|TAMS 0x0000000086400000| PB 0x0000000086400000| Complete 
|  73|0x0000000086500000, 0x0000000086600000, 0x0000000086600000|100%| S|CS|TAMS 0x0000000086500000| PB 0x0000000086500000| Complete 
|  74|0x0000000086600000, 0x0000000086700000, 0x0000000086700000|100%| S|CS|TAMS 0x0000000086600000| PB 0x0000000086600000| Complete 
|  75|0x0000000086700000, 0x0000000086700000, 0x0000000086800000|  0%| F|  |TAMS 0x0000000086700000| PB 0x0000000086700000| Untracked 
|  76|0x0000000086800000, 0x0000000086800000, 0x0000000086900000|  0%| F|  |TAMS 0x0000000086800000| PB 0x0000000086800000| Untracked 
|  77|0x0000000086900000, 0x0000000086900000, 0x0000000086a00000|  0%| F|  |TAMS 0x0000000086900000| PB 0x0000000086900000| Untracked 
|  78|0x0000000086a00000, 0x0000000086a00000, 0x0000000086b00000|  0%| F|  |TAMS 0x0000000086a00000| PB 0x0000000086a00000| Untracked 
|  79|0x0000000086b00000, 0x0000000086b00000, 0x0000000086c00000|  0%| F|  |TAMS 0x0000000086b00000| PB 0x0000000086b00000| Untracked 
|  80|0x0000000086c00000, 0x0000000086c00000, 0x0000000086d00000|  0%| F|  |TAMS 0x0000000086c00000| PB 0x0000000086c00000| Untracked 
|  81|0x0000000086d00000, 0x0000000086d00000, 0x0000000086e00000|  0%| F|  |TAMS 0x0000000086d00000| PB 0x0000000086d00000| Untracked 
|  82|0x0000000086e00000, 0x0000000086e00000, 0x0000000086f00000|  0%| F|  |TAMS 0x0000000086e00000| PB 0x0000000086e00000| Untracked 
|  83|0x0000000086f00000, 0x0000000086f00000, 0x0000000087000000|  0%| F|  |TAMS 0x0000000086f00000| PB 0x0000000086f00000| Untracked 
|  84|0x0000000087000000, 0x0000000087000000, 0x0000000087100000|  0%| F|  |TAMS 0x0000000087000000| PB 0x0000000087000000| Untracked 
|  85|0x0000000087100000, 0x0000000087100000, 0x0000000087200000|  0%| F|  |TAMS 0x0000000087100000| PB 0x0000000087100000| Untracked 
|  86|0x0000000087200000, 0x0000000087200000, 0x0000000087300000|  0%| F|  |TAMS 0x0000000087200000| PB 0x0000000087200000| Untracked 
|  87|0x0000000087300000, 0x0000000087300000, 0x0000000087400000|  0%| F|  |TAMS 0x0000000087300000| PB 0x0000000087300000| Untracked 
|  88|0x0000000087400000, 0x0000000087400000, 0x0000000087500000|  0%| F|  |TAMS 0x0000000087400000| PB 0x0000000087400000| Untracked 
|  89|0x0000000087500000, 0x0000000087500000, 0x0000000087600000|  0%| F|  |TAMS 0x0000000087500000| PB 0x0000000087500000| Untracked 
|  90|0x0000000087600000, 0x0000000087600000, 0x0000000087700000|  0%| F|  |TAMS 0x0000000087600000| PB 0x0000000087600000| Untracked 
|  91|0x0000000087700000, 0x0000000087700000, 0x0000000087800000|  0%| F|  |TAMS 0x0000000087700000| PB 0x0000000087700000| Untracked 
|  92|0x0000000087800000, 0x0000000087800000, 0x0000000087900000|  0%| F|  |TAMS 0x0000000087800000| PB 0x0000000087800000| Untracked 
|  93|0x0000000087900000, 0x0000000087900000, 0x0000000087a00000|  0%| F|  |TAMS 0x0000000087900000| PB 0x0000000087900000| Untracked 
|  94|0x0000000087a00000, 0x0000000087a00000, 0x0000000087b00000|  0%| F|  |TAMS 0x0000000087a00000| PB 0x0000000087a00000| Untracked 
|  95|0x0000000087b00000, 0x0000000087b00000, 0x0000000087c00000|  0%| F|  |TAMS 0x0000000087b00000| PB 0x0000000087b00000| Untracked 
|  96|0x0000000087c00000, 0x0000000087c00000, 0x0000000087d00000|  0%| F|  |TAMS 0x0000000087c00000| PB 0x0000000087c00000| Untracked 
|  97|0x0000000087d00000, 0x0000000087d00000, 0x0000000087e00000|  0%| F|  |TAMS 0x0000000087d00000| PB 0x0000000087d00000| Untracked 
|  98|0x0000000087e00000, 0x0000000087e00000, 0x0000000087f00000|  0%| F|  |TAMS 0x0000000087e00000| PB 0x0000000087e00000| Untracked 
|  99|0x0000000087f00000, 0x0000000087f00000, 0x0000000088000000|  0%| F|  |TAMS 0x0000000087f00000| PB 0x0000000087f00000| Untracked 
| 100|0x0000000088000000, 0x0000000088000000, 0x0000000088100000|  0%| F|  |TAMS 0x0000000088000000| PB 0x0000000088000000| Untracked 
| 101|0x0000000088100000, 0x0000000088100000, 0x0000000088200000|  0%| F|  |TAMS 0x0000000088100000| PB 0x0000000088100000| Untracked 
| 102|0x0000000088200000, 0x0000000088200000, 0x0000000088300000|  0%| F|  |TAMS 0x0000000088200000| PB 0x0000000088200000| Untracked 
| 103|0x0000000088300000, 0x0000000088300000, 0x0000000088400000|  0%| F|  |TAMS 0x0000000088300000| PB 0x0000000088300000| Untracked 
| 104|0x0000000088400000, 0x0000000088400000, 0x0000000088500000|  0%| F|  |TAMS 0x0000000088400000| PB 0x0000000088400000| Untracked 
| 105|0x0000000088500000, 0x0000000088500000, 0x0000000088600000|  0%| F|  |TAMS 0x0000000088500000| PB 0x0000000088500000| Untracked 
| 106|0x0000000088600000, 0x0000000088600000, 0x0000000088700000|  0%| F|  |TAMS 0x0000000088600000| PB 0x0000000088600000| Untracked 
| 107|0x0000000088700000, 0x0000000088700000, 0x0000000088800000|  0%| F|  |TAMS 0x0000000088700000| PB 0x0000000088700000| Untracked 
| 108|0x0000000088800000, 0x0000000088800000, 0x0000000088900000|  0%| F|  |TAMS 0x0000000088800000| PB 0x0000000088800000| Untracked 
| 109|0x0000000088900000, 0x0000000088900000, 0x0000000088a00000|  0%| F|  |TAMS 0x0000000088900000| PB 0x0000000088900000| Untracked 
| 110|0x0000000088a00000, 0x0000000088a00000, 0x0000000088b00000|  0%| F|  |TAMS 0x0000000088a00000| PB 0x0000000088a00000| Untracked 
| 111|0x0000000088b00000, 0x0000000088b00000, 0x0000000088c00000|  0%| F|  |TAMS 0x0000000088b00000| PB 0x0000000088b00000| Untracked 
| 112|0x0000000088c00000, 0x0000000088c00000, 0x0000000088d00000|  0%| F|  |TAMS 0x0000000088c00000| PB 0x0000000088c00000| Untracked 
| 113|0x0000000088d00000, 0x0000000088d00000, 0x0000000088e00000|  0%| F|  |TAMS 0x0000000088d00000| PB 0x0000000088d00000| Untracked 
| 114|0x0000000088e00000, 0x0000000088e00000, 0x0000000088f00000|  0%| F|  |TAMS 0x0000000088e00000| PB 0x0000000088e00000| Untracked 
| 115|0x0000000088f00000, 0x0000000088f00000, 0x0000000089000000|  0%| F|  |TAMS 0x0000000088f00000| PB 0x0000000088f00000| Untracked 
| 116|0x0000000089000000, 0x0000000089000000, 0x0000000089100000|  0%| F|  |TAMS 0x0000000089000000| PB 0x0000000089000000| Untracked 
| 117|0x0000000089100000, 0x0000000089100000, 0x0000000089200000|  0%| F|  |TAMS 0x0000000089100000| PB 0x0000000089100000| Untracked 
| 118|0x0000000089200000, 0x0000000089200000, 0x0000000089300000|  0%| F|  |TAMS 0x0000000089200000| PB 0x0000000089200000| Untracked 
| 119|0x0000000089300000, 0x0000000089300000, 0x0000000089400000|  0%| F|  |TAMS 0x0000000089300000| PB 0x0000000089300000| Untracked 
| 120|0x0000000089400000, 0x0000000089480000, 0x0000000089500000| 50%| E|  |TAMS 0x0000000089400000| PB 0x0000000089400000| Complete 
| 121|0x0000000089500000, 0x0000000089600000, 0x0000000089600000|100%| E|CS|TAMS 0x0000000089500000| PB 0x0000000089500000| Complete 
| 122|0x0000000089600000, 0x0000000089700000, 0x0000000089700000|100%| E|CS|TAMS 0x0000000089600000| PB 0x0000000089600000| Complete 
| 123|0x0000000089700000, 0x0000000089800000, 0x0000000089800000|100%| E|CS|TAMS 0x0000000089700000| PB 0x0000000089700000| Complete 
| 127|0x0000000089b00000, 0x0000000089c00000, 0x0000000089c00000|100%| E|CS|TAMS 0x0000000089b00000| PB 0x0000000089b00000| Complete 

Card table byte_map: [0x000001975e340000,0x000001975e740000] _byte_map_base: 0x000001975df32000

Marking Bits: (CMBitMap*) 0x000001974b5f0330
 Bits: [0x000001975e740000, 0x00000197606d0000)

Polling page: 0x0000019749590000

Metaspace:

Usage:
  Non-class:     56.64 MB used.
      Class:      8.72 MB used.
       Both:     65.36 MB used.

Virtual space:
  Non-class space:       64.00 MB reserved,      57.00 MB ( 89%) committed,  1 nodes.
      Class space:        1.00 GB reserved,       9.00 MB ( <1%) committed,  1 nodes.
             Both:        1.06 GB reserved,      66.00 MB (  6%) committed. 

Chunk freelists:
   Non-Class:  6.86 MB
       Class:  6.94 MB
        Both:  13.80 MB

MaxMetaspaceSize: unlimited
CompressedClassSpaceSize: 1.00 GB
Initial GC threshold: 21.00 MB
Current GC threshold: 100.25 MB
CDS: on
 - commit_granule_bytes: 65536.
 - commit_granule_words: 8192.
 - virtual_space_node_default_size: 8388608.
 - enlarge_chunks_in_place: 1.
 - use_allocation_guard: 0.


Internal statistics:

num_allocs_failed_limit: 18.
num_arena_births: 862.
num_arena_deaths: 0.
num_vsnodes_births: 2.
num_vsnodes_deaths: 0.
num_space_committed: 1056.
num_space_uncommitted: 0.
num_chunks_returned_to_freelist: 18.
num_chunks_taken_from_freelist: 3192.
num_chunk_merges: 15.
num_chunk_splits: 2284.
num_chunks_enlarged: 1774.
num_inconsistent_stats: 0.

CodeHeap 'non-profiled nmethods': size=120000Kb used=4523Kb max_used=4582Kb free=115476Kb
 bounds [0x0000019756a10000, 0x0000019756e90000, 0x000001975df40000]
CodeHeap 'profiled nmethods': size=120000Kb used=13153Kb max_used=13153Kb free=106846Kb
 bounds [0x000001974ef40000, 0x000001974fc20000, 0x0000019756470000]
CodeHeap 'non-nmethods': size=5760Kb used=1696Kb max_used=1738Kb free=4063Kb
 bounds [0x0000019756470000, 0x00000197566e0000, 0x0000019756a10000]
CodeCache: size=245760Kb, used=19372Kb, max_used=19473Kb, free=226385Kb
 total_blobs=7797, nmethods=7075, adapters=625, full_count=0
Compilation: enabled, stopped_count=0, restarted_count=0

Compilation events (20 events):
Event: 16.098 Thread 0x0000019762bc33a0 7906       3       org.aspectj.apache.bcel.classfile.Utility::compactClassName (49 bytes)
Event: 16.099 Thread 0x0000019762bc33a0 nmethod 7906 0x000001974fc0f610 code [0x000001974fc0f840, 0x000001974fc0fe60]
Event: 16.100 Thread 0x0000019762bc33a0 7907       3       org.springframework.beans.factory.support.AbstractAutowireCapableBeanFactory::applyBeanPostProcessorsAfterInitialization (61 bytes)
Event: 16.101 Thread 0x0000019762bc33a0 nmethod 7907 0x000001974fc10190 code [0x000001974fc103a0, 0x000001974fc10aa8]
Event: 16.103 Thread 0x0000019762bc33a0 7908       2       java.util.LinkedHashMap$LinkedValues::toArray (20 bytes)
Event: 16.103 Thread 0x0000019762bc33a0 nmethod 7908 0x000001974fc10c90 code [0x000001974fc10e40, 0x000001974fc10fa0]
Event: 16.103 Thread 0x0000019762bc33a0 7909   !   3       jdk.proxy2.$Proxy142::annotationType (29 bytes)
Event: 16.104 Thread 0x0000019762bc33a0 nmethod 7909 0x000001974fc11090 code [0x000001974fc11260, 0x000001974fc11660]
Event: 16.110 Thread 0x0000019762bc33a0 7910       3       org.springframework.beans.PropertyValue::<init> (90 bytes)
Event: 16.111 Thread 0x0000019762bc33a0 nmethod 7910 0x000001974fc11810 code [0x000001974fc11a40, 0x000001974fc124e0]
Event: 16.111 Thread 0x0000019762bc33a0 7911       1       org.springframework.beans.factory.config.ConstructorArgumentValues$ValueHolder::setSource (6 bytes)
Event: 16.111 Thread 0x0000019762bc33a0 nmethod 7911 0x0000019756cc0b10 code [0x0000019756cc0ca0, 0x0000019756cc0db0]
Event: 16.111 Thread 0x0000019762bc33a0 7912       3       org.springframework.beans.factory.support.RootBeanDefinition::cloneBeanDefinition (9 bytes)
Event: 16.111 Thread 0x0000019762bc33a0 nmethod 7912 0x000001974fc12790 code [0x000001974fc12940, 0x000001974fc12af8]
Event: 16.114 Thread 0x0000019762bc33a0 7914       3       jdk.proxy1.$Proxy0::<init> (6 bytes)
Event: 16.115 Thread 0x0000019762bc33a0 nmethod 7914 0x000001974fc12b90 code [0x000001974fc12d60, 0x000001974fc130d8]
Event: 16.118 Thread 0x0000019762bc33a0 7915       3       org.springframework.core.annotation.TypeMappedAnnotations::get (52 bytes)
Event: 16.119 Thread 0x0000019762bc33a0 nmethod 7915 0x000001974fc13210 code [0x000001974fc13420, 0x000001974fc13a80]
Event: 16.129 Thread 0x0000019762bc2600 nmethod 7884 0x0000019756be9d10 code [0x0000019756bea240, 0x0000019756bedd40]
Event: 16.131 Thread 0x0000019762bc2600 7913       4       java.util.LinkedHashMap::keysToArray (80 bytes)

GC Heap History (20 events):
Event: 5.799 GC heap before
{Heap before GC invocations=9 (full 0):
 garbage-first heap   total 77824K, used 64512K [0x0000000081c00000, 0x0000000100000000)
  region size 1024K, 39 young (39936K), 4 survivors (4096K)
 Metaspace       used 23367K, committed 23680K, reserved 1114112K
  class space    used 2912K, committed 3072K, reserved 1048576K
}
Event: 5.813 GC heap after
{Heap after GC invocations=10 (full 0):
 garbage-first heap   total 77824K, used 31878K [0x0000000081c00000, 0x0000000100000000)
  region size 1024K, 4 young (4096K), 4 survivors (4096K)
 Metaspace       used 23367K, committed 23680K, reserved 1114112K
  class space    used 2912K, committed 3072K, reserved 1048576K
}
Event: 5.988 GC heap before
{Heap before GC invocations=10 (full 0):
 garbage-first heap   total 77824K, used 65670K [0x0000000081c00000, 0x0000000100000000)
  region size 1024K, 37 young (37888K), 4 survivors (4096K)
 Metaspace       used 23395K, committed 23744K, reserved 1114112K
  class space    used 2914K, committed 3072K, reserved 1048576K
}
Event: 6.005 GC heap after
{Heap after GC invocations=11 (full 0):
 garbage-first heap   total 77824K, used 35810K [0x0000000081c00000, 0x0000000100000000)
  region size 1024K, 4 young (4096K), 4 survivors (4096K)
 Metaspace       used 23395K, committed 23744K, reserved 1114112K
  class space    used 2914K, committed 3072K, reserved 1048576K
}
Event: 6.159 GC heap before
{Heap before GC invocations=11 (full 0):
 garbage-first heap   total 77824K, used 65506K [0x0000000081c00000, 0x0000000100000000)
  region size 1024K, 34 young (34816K), 4 survivors (4096K)
 Metaspace       used 23395K, committed 23744K, reserved 1114112K
  class space    used 2914K, committed 3072K, reserved 1048576K
}
Event: 6.171 GC heap after
{Heap after GC invocations=12 (full 0):
 garbage-first heap   total 128000K, used 39408K [0x0000000081c00000, 0x0000000100000000)
  region size 1024K, 4 young (4096K), 4 survivors (4096K)
 Metaspace       used 23395K, committed 23744K, reserved 1114112K
  class space    used 2914K, committed 3072K, reserved 1048576K
}
Event: 6.668 GC heap before
{Heap before GC invocations=12 (full 0):
 garbage-first heap   total 128000K, used 110064K [0x0000000081c00000, 0x0000000100000000)
  region size 1024K, 73 young (74752K), 4 survivors (4096K)
 Metaspace       used 23779K, committed 24128K, reserved 1114112K
  class space    used 2964K, committed 3136K, reserved 1048576K
}
Event: 6.688 GC heap after
{Heap after GC invocations=13 (full 0):
 garbage-first heap   total 128000K, used 48351K [0x0000000081c00000, 0x0000000100000000)
  region size 1024K, 10 young (10240K), 10 survivors (10240K)
 Metaspace       used 23779K, committed 24128K, reserved 1114112K
  class space    used 2964K, committed 3136K, reserved 1048576K
}
Event: 7.855 GC heap before
{Heap before GC invocations=13 (full 0):
 garbage-first heap   total 128000K, used 105695K [0x0000000081c00000, 0x0000000100000000)
  region size 1024K, 67 young (68608K), 10 survivors (10240K)
 Metaspace       used 27033K, committed 27392K, reserved 1114112K
  class space    used 3409K, committed 3584K, reserved 1048576K
}
Event: 7.879 GC heap after
{Heap after GC invocations=14 (full 0):
 garbage-first heap   total 128000K, used 54092K [0x0000000081c00000, 0x0000000100000000)
  region size 1024K, 5 young (5120K), 5 survivors (5120K)
 Metaspace       used 27033K, committed 27392K, reserved 1114112K
  class space    used 3409K, committed 3584K, reserved 1048576K
}
Event: 9.555 GC heap before
{Heap before GC invocations=14 (full 0):
 garbage-first heap   total 128000K, used 98124K [0x0000000081c00000, 0x0000000100000000)
  region size 1024K, 49 young (50176K), 5 survivors (5120K)
 Metaspace       used 35526K, committed 35968K, reserved 1114112K
  class space    used 4506K, committed 4736K, reserved 1048576K
}
Event: 9.569 GC heap after
{Heap after GC invocations=15 (full 0):
 garbage-first heap   total 128000K, used 58202K [0x0000000081c00000, 0x0000000100000000)
  region size 1024K, 5 young (5120K), 5 survivors (5120K)
 Metaspace       used 35526K, committed 35968K, reserved 1114112K
  class space    used 4506K, committed 4736K, reserved 1048576K
}
Event: 11.293 GC heap before
{Heap before GC invocations=16 (full 0):
 garbage-first heap   total 128000K, used 112474K [0x0000000081c00000, 0x0000000100000000)
  region size 1024K, 58 young (59392K), 5 survivors (5120K)
 Metaspace       used 38397K, committed 38976K, reserved 1114112K
  class space    used 4927K, committed 5184K, reserved 1048576K
}
Event: 11.305 GC heap after
{Heap after GC invocations=17 (full 0):
 garbage-first heap   total 128000K, used 62197K [0x0000000081c00000, 0x0000000100000000)
  region size 1024K, 8 young (8192K), 8 survivors (8192K)
 Metaspace       used 38397K, committed 38976K, reserved 1114112K
  class space    used 4927K, committed 5184K, reserved 1048576K
}
Event: 13.378 GC heap before
{Heap before GC invocations=17 (full 0):
 garbage-first heap   total 128000K, used 112373K [0x0000000081c00000, 0x0000000100000000)
  region size 1024K, 57 young (58368K), 8 survivors (8192K)
 Metaspace       used 52544K, committed 53056K, reserved 1114112K
  class space    used 6816K, committed 7040K, reserved 1048576K
}
Event: 13.394 GC heap after
{Heap after GC invocations=18 (full 0):
 garbage-first heap   total 128000K, used 65394K [0x0000000081c00000, 0x0000000100000000)
  region size 1024K, 8 young (8192K), 8 survivors (8192K)
 Metaspace       used 52544K, committed 53056K, reserved 1114112K
  class space    used 6816K, committed 7040K, reserved 1048576K
}
Event: 14.467 GC heap before
{Heap before GC invocations=18 (full 0):
 garbage-first heap   total 128000K, used 97138K [0x0000000081c00000, 0x0000000100000000)
  region size 1024K, 40 young (40960K), 8 survivors (8192K)
 Metaspace       used 59754K, committed 60288K, reserved 1114112K
  class space    used 7819K, committed 8064K, reserved 1048576K
}
Event: 14.479 GC heap after
{Heap after GC invocations=19 (full 0):
 garbage-first heap   total 128000K, used 68578K [0x0000000081c00000, 0x0000000100000000)
  region size 1024K, 3 young (3072K), 3 survivors (3072K)
 Metaspace       used 59754K, committed 60288K, reserved 1114112K
  class space    used 7819K, committed 8064K, reserved 1048576K
}
Event: 15.853 GC heap before
{Heap before GC invocations=20 (full 0):
 garbage-first heap   total 128000K, used 116706K [0x0000000081c00000, 0x0000000100000000)
  region size 1024K, 50 young (51200K), 3 survivors (3072K)
 Metaspace       used 66632K, committed 67328K, reserved 1114112K
  class space    used 8894K, committed 9216K, reserved 1048576K
}
Event: 15.864 GC heap after
{Heap after GC invocations=21 (full 0):
 garbage-first heap   total 128000K, used 69602K [0x0000000081c00000, 0x0000000100000000)
  region size 1024K, 4 young (4096K), 4 survivors (4096K)
 Metaspace       used 66632K, committed 67328K, reserved 1114112K
  class space    used 8894K, committed 9216K, reserved 1048576K
}

Dll operation events (11 events):
Event: 0.012 Loaded shared library C:\Users\WIN 10\.p2\pool\plugins\org.eclipse.justj.openjdk.hotspot.jre.full.win32.x86_64_21.0.8.v20250724-1412\jre\bin\java.dll
Event: 0.067 Loaded shared library C:\Users\WIN 10\.p2\pool\plugins\org.eclipse.justj.openjdk.hotspot.jre.full.win32.x86_64_21.0.8.v20250724-1412\jre\bin\zip.dll
Event: 0.254 Loaded shared library C:\Users\WIN 10\.p2\pool\plugins\org.eclipse.justj.openjdk.hotspot.jre.full.win32.x86_64_21.0.8.v20250724-1412\jre\bin\net.dll
Event: 0.258 Loaded shared library C:\Users\WIN 10\.p2\pool\plugins\org.eclipse.justj.openjdk.hotspot.jre.full.win32.x86_64_21.0.8.v20250724-1412\jre\bin\nio.dll
Event: 0.264 Loaded shared library C:\Users\WIN 10\.p2\pool\plugins\org.eclipse.justj.openjdk.hotspot.jre.full.win32.x86_64_21.0.8.v20250724-1412\jre\bin\zip.dll
Event: 0.603 Loaded shared library C:\Users\WIN 10\.p2\pool\plugins\org.eclipse.justj.openjdk.hotspot.jre.full.win32.x86_64_21.0.8.v20250724-1412\jre\bin\jimage.dll
Event: 3.752 Loaded shared library C:\Users\WIN 10\.p2\pool\plugins\org.eclipse.justj.openjdk.hotspot.jre.full.win32.x86_64_21.0.8.v20250724-1412\jre\bin\sunmscapi.dll
Event: 10.014 Loaded shared library C:\Users\WIN 10\.p2\pool\plugins\org.eclipse.justj.openjdk.hotspot.jre.full.win32.x86_64_21.0.8.v20250724-1412\jre\bin\management.dll
Event: 10.019 Loaded shared library C:\Users\WIN 10\.p2\pool\plugins\org.eclipse.justj.openjdk.hotspot.jre.full.win32.x86_64_21.0.8.v20250724-1412\jre\bin\management_ext.dll
Event: 11.911 Loaded shared library C:\Users\WIN 10\.p2\pool\plugins\org.eclipse.justj.openjdk.hotspot.jre.full.win32.x86_64_21.0.8.v20250724-1412\jre\bin\verify.dll
Event: 12.448 Loaded shared library C:\Users\WIN 10\.p2\pool\plugins\org.eclipse.justj.openjdk.hotspot.jre.full.win32.x86_64_21.0.8.v20250724-1412\jre\bin\extnet.dll

Deoptimization events (20 events):
Event: 15.932 Thread 0x00000197492ec6d0 Uncommon trap: trap_request=0xffffffd6 fr.pc=0x0000019756c67914 relative=0x00000000000003d4
Event: 15.932 Thread 0x00000197492ec6d0 Uncommon trap: reason=array_check action=maybe_recompile pc=0x0000019756c67914 method=java.util.LinkedHashMap.keysToArray([Ljava/lang/Object;Z)[Ljava/lang/Object; @ 67 c2
Event: 15.932 Thread 0x00000197492ec6d0 DEOPT PACKING pc=0x0000019756c67914 sp=0x00000064c33febb0
Event: 15.933 Thread 0x00000197492ec6d0 DEOPT UNPACKING pc=0x00000197564c46a2 sp=0x00000064c33feb50 mode 2
Event: 15.938 Thread 0x00000197492ec6d0 Uncommon trap: trap_request=0xffffffd6 fr.pc=0x0000019756c67914 relative=0x00000000000003d4
Event: 15.938 Thread 0x00000197492ec6d0 Uncommon trap: reason=array_check action=maybe_recompile pc=0x0000019756c67914 method=java.util.LinkedHashMap.keysToArray([Ljava/lang/Object;Z)[Ljava/lang/Object; @ 67 c2
Event: 15.938 Thread 0x00000197492ec6d0 DEOPT PACKING pc=0x0000019756c67914 sp=0x00000064c33febb0
Event: 15.938 Thread 0x00000197492ec6d0 DEOPT UNPACKING pc=0x00000197564c46a2 sp=0x00000064c33feb50 mode 2
Event: 16.071 Thread 0x00000197492ec6d0 Uncommon trap: trap_request=0xffffffc6 fr.pc=0x0000019756a5f2e0 relative=0x0000000000001900
Event: 16.071 Thread 0x00000197492ec6d0 Uncommon trap: reason=bimorphic_or_optimized_type_check action=maybe_recompile pc=0x0000019756a5f2e0 method=java.io.BufferedInputStream.implRead([BII)I @ 100 c2
Event: 16.071 Thread 0x00000197492ec6d0 DEOPT PACKING pc=0x0000019756a5f2e0 sp=0x00000064c33fd410
Event: 16.073 Thread 0x00000197492ec6d0 DEOPT UNPACKING pc=0x00000197564c46a2 sp=0x00000064c33fd300 mode 2
Event: 16.097 Thread 0x00000197492ec6d0 Uncommon trap: trap_request=0xffffffc6 fr.pc=0x0000019756a5f2e0 relative=0x0000000000001900
Event: 16.097 Thread 0x00000197492ec6d0 Uncommon trap: reason=bimorphic_or_optimized_type_check action=maybe_recompile pc=0x0000019756a5f2e0 method=java.io.BufferedInputStream.implRead([BII)I @ 100 c2
Event: 16.097 Thread 0x00000197492ec6d0 DEOPT PACKING pc=0x0000019756a5f2e0 sp=0x00000064c33fd420
Event: 16.097 Thread 0x00000197492ec6d0 DEOPT UNPACKING pc=0x00000197564c46a2 sp=0x00000064c33fd310 mode 2
Event: 16.109 Thread 0x00000197492ec6d0 Uncommon trap: trap_request=0xffffff45 fr.pc=0x0000019756d89e8c relative=0x000000000000334c
Event: 16.109 Thread 0x00000197492ec6d0 Uncommon trap: reason=unstable_if action=reinterpret pc=0x0000019756d89e8c method=org.springframework.core.annotation.TypeMappedAnnotations.scan(Ljava/lang/Object;Lorg/springframework/core/annotation/AnnotationsProcessor;)Ljava/lang/Object; @ 4 c2
Event: 16.109 Thread 0x00000197492ec6d0 DEOPT PACKING pc=0x0000019756d89e8c sp=0x00000064c33fe430
Event: 16.109 Thread 0x00000197492ec6d0 DEOPT UNPACKING pc=0x00000197564c46a2 sp=0x00000064c33fe420 mode 2

Classes loaded (20 events):
Event: 14.028 Loading class java/util/concurrent/CompletionStage
Event: 14.029 Loading class java/util/concurrent/CompletionStage done
Event: 14.029 Loading class java/util/concurrent/CompletableFuture
Event: 14.031 Loading class java/util/concurrent/CompletableFuture done
Event: 14.031 Loading class java/util/concurrent/CompletableFuture$AltResult
Event: 14.031 Loading class java/util/concurrent/CompletableFuture$AltResult done
Event: 14.031 Loading class java/util/concurrent/CompletableFuture$Completion
Event: 14.031 Loading class java/util/concurrent/CompletableFuture$AsynchronousCompletionTask
Event: 14.031 Loading class java/util/concurrent/CompletableFuture$AsynchronousCompletionTask done
Event: 14.031 Loading class java/util/concurrent/CompletableFuture$Completion done
Event: 14.259 Loading class java/util/concurrent/CancellationException
Event: 14.259 Loading class java/util/concurrent/CancellationException done
Event: 14.597 Loading class java/time/Clock$TickClock
Event: 14.598 Loading class java/time/Clock$TickClock done
Event: 14.668 Loading class java/util/ArrayList$ListItr
Event: 14.668 Loading class java/util/ArrayList$ListItr done
Event: 14.820 Loading class java/util/AbstractList$SubList
Event: 14.821 Loading class java/util/AbstractList$SubList done
Event: 15.889 Loading class javax/naming/Reference
Event: 15.890 Loading class javax/naming/Reference done

Classes unloaded (0 events):
No events

Classes redefined (0 events):
No events

Internal exceptions (20 events):
Event: 13.277 Thread 0x00000197492ec6d0 Exception <a 'java/lang/NoSuchMethodError'{0x0000000086905630}: 'int java.lang.invoke.Invokers$Holder.invokeExact_MT(java.lang.Object, java.lang.Object)'> (0x0000000086905630) 
thrown [s\src\hotspot\share\interpreter\linkResolver.cpp, line 773]
Event: 13.706 Thread 0x00000197492ec6d0 Exception <a 'java/lang/NoSuchMethodError'{0x000000008907db90}: 'java.lang.Object java.lang.invoke.DirectMethodHandle$Holder.newInvokeSpecial(java.lang.Object, java.lang.Object, java.lang.Object, java.lang.Object, java.lang.Object, java.lang.Object)'> (0x000000008907db90) 
thrown [s\src\hotspot\share\interpreter\linkResolver.cpp, line 773]
Event: 14.280 Thread 0x00000197492ec6d0 Exception <a 'java/lang/IncompatibleClassChangeError'{0x0000000087f5d2d8}: Found class java.lang.Object, but interface was expected> (0x0000000087f5d2d8) 
thrown [s\src\hotspot\share\interpreter\linkResolver.cpp, line 840]
Event: 14.309 Thread 0x00000197492ec6d0 Exception <a 'java/lang/NoSuchMethodError'{0x0000000087fff068}: 'java.lang.Object java.lang.invoke.DirectMethodHandle$Holder.invokeStatic(java.lang.Object, java.lang.Object, int, java.lang.Object)'> (0x0000000087fff068) 
thrown [s\src\hotspot\share\interpreter\linkResolver.cpp, line 773]
Event: 14.309 Thread 0x00000197492ec6d0 Exception <a 'java/lang/NoSuchMethodError'{0x0000000087e02ab0}: 'java.lang.Object java.lang.invoke.DirectMethodHandle$Holder.invokeStaticInit(java.lang.Object, java.lang.Object, int, java.lang.Object)'> (0x0000000087e02ab0) 
thrown [s\src\hotspot\share\interpreter\linkResolver.cpp, line 773]
Event: 15.431 Thread 0x00000197492ec6d0 Exception <a 'java/lang/NoSuchMethodError'{0x0000000086f0a078}: 'void java.lang.invoke.DirectMethodHandle$Holder.invokeInterface(java.lang.Object, java.lang.Object, int, java.lang.Object)'> (0x0000000086f0a078) 
thrown [s\src\hotspot\share\interpreter\linkResolver.cpp, line 773]
Event: 15.436 Thread 0x00000197492ec6d0 Exception <a 'java/lang/NoSuchMethodError'{0x0000000086f2d158}: 'java.lang.Object java.lang.invoke.DirectMethodHandle$Holder.newInvokeSpecial(java.lang.Object, java.lang.Object, int, java.lang.Object)'> (0x0000000086f2d158) 
thrown [s\src\hotspot\share\interpreter\linkResolver.cpp, line 773]
Event: 15.436 Thread 0x00000197492ec6d0 Exception <a 'java/lang/NoSuchMethodError'{0x0000000086f30ad8}: 'java.lang.Object java.lang.invoke.Invokers$Holder.linkToTargetMethod(java.lang.Object, int, java.lang.Object, java.lang.Object)'> (0x0000000086f30ad8) 
thrown [s\src\hotspot\share\interpreter\linkResolver.cpp, line 773]
Event: 15.454 Thread 0x00000197492ec6d0 Exception <a 'java/lang/NoSuchMethodError'{0x0000000086f88330}: 'void java.lang.invoke.DirectMethodHandle$Holder.invokeSpecial(java.lang.Object, java.lang.Object, java.lang.Object, java.lang.Object, java.lang.Object, java.lang.Object, java.lang.Object, java.lang.Object)'> (0x0000000086f88330) 
thrown [s\src\hotspot\share\interpreter\linkResolver.cpp, line 773]
Event: 15.461 Thread 0x00000197492ec6d0 Exception <a 'java/lang/NoSuchMethodError'{0x0000000086fc5860}: 'java.lang.Object java.lang.invoke.DirectMethodHandle$Holder.newInvokeSpecial(java.lang.Object, java.lang.Object, int)'> (0x0000000086fc5860) 
thrown [s\src\hotspot\share\interpreter\linkResolver.cpp, line 773]
Event: 15.495 Thread 0x00000197492ec6d0 Exception <a 'java/lang/NoSuchMethodError'{0x0000000086d095e8}: 'int java.lang.invoke.DirectMethodHandle$Holder.invokeStatic(java.lang.Object, int, java.lang.Object)'> (0x0000000086d095e8) 
thrown [s\src\hotspot\share\interpreter\linkResolver.cpp, line 773]
Event: 15.498 Thread 0x00000197492ec6d0 Exception <a 'java/lang/NoSuchMethodError'{0x0000000086d26768}: 'java.lang.Object java.lang.invoke.DirectMethodHandle$Holder.newInvokeSpecial(java.lang.Object, java.lang.Object, java.lang.Object, java.lang.Object, java.lang.Object, int, java.lang.Object)'> (0x0000000086d26768) 
thrown [s\src\hotspot\share\interpreter\linkResolver.cpp, line 773]
Event: 15.506 Thread 0x00000197492ec6d0 Exception <a 'java/lang/NoSuchMethodError'{0x0000000086d57dc8}: 'java.lang.Object java.lang.invoke.DirectMethodHandle$Holder.newInvokeSpecial(java.lang.Object, java.lang.Object, java.lang.Object, java.lang.Object, java.lang.Object, java.lang.Object, java.lang.Object, java.lang.Object, java.lang.Object, java.lang.Object, java.lang.Object, java.lang.Object)'> (0x0000000086d57dc8) 
thrown [s\src\hotspot\share\interpreter\linkResolver.cpp, line 773]
Event: 15.507 Thread 0x00000197492ec6d0 Exception <a 'java/lang/NoSuchMethodError'{0x0000000086d5c680}: 'java.lang.Object java.lang.invoke.DirectMethodHandle$Holder.invokeSpecial(java.lang.Object, java.lang.Object, java.lang.Object, java.lang.Object, java.lang.Object, java.lang.Object, java.lang.Object, java.lang.Object, java.lang.Object, java.lang.Object, java.lang.Object, java.lang.Object, java.lang.Object)'> (0x0000000086d5c680) 
thrown [s\src\hotspot\share\interpreter\linkResolver.cpp, line 773]
Event: 15.507 Thread 0x00000197492ec6d0 Exception <a 'java/lang/NoSuchMethodError'{0x0000000086d60b68}: 'java.lang.Object java.lang.invoke.Invokers$Holder.linkToTargetMethod(java.lang.Object, java.lang.Object, java.lang.Object, java.lang.Object, java.lang.Object, java.lang.Object, java.lang.Object, java.lang.Object, java.lang.Object, java.lang.Object, java.lang.Object, java.lang.Object)'> (0x0000000086d60b68) 
thrown [s\src\hotspot\share\interpreter\linkResolver.cpp, line 773]
Event: 15.592 Thread 0x00000197492ec6d0 Exception <a 'java/lang/NoSuchMethodError'{0x0000000086bb2208}: 'java.lang.Object java.lang.invoke.DirectMethodHandle$Holder.newInvokeSpecial(java.lang.Object, java.lang.Object, java.lang.Object, java.lang.Object, java.lang.Object, java.lang.Object, java.lang.Object, int)'> (0x0000000086bb2208) 
thrown [s\src\hotspot\share\interpreter\linkResolver.cpp, line 773]
Event: 15.593 Thread 0x00000197492ec6d0 Exception <a 'java/lang/NoSuchMethodError'{0x0000000086bb67a8}: 'java.lang.Object java.lang.invoke.DirectMethodHandle$Holder.invokeSpecial(java.lang.Object, java.lang.Object, java.lang.Object, java.lang.Object, java.lang.Object, java.lang.Object, java.lang.Object, java.lang.Object, int)'> (0x0000000086bb67a8) 
thrown [s\src\hotspot\share\interpreter\linkResolver.cpp, line 773]
Event: 15.593 Thread 0x00000197492ec6d0 Exception <a 'java/lang/NoSuchMethodError'{0x0000000086bba7d0}: 'java.lang.Object java.lang.invoke.Invokers$Holder.linkToTargetMethod(java.lang.Object, java.lang.Object, java.lang.Object, java.lang.Object, java.lang.Object, java.lang.Object, int, java.lang.Object)'> (0x0000000086bba7d0) 
thrown [s\src\hotspot\share\interpreter\linkResolver.cpp, line 773]
Event: 15.635 Thread 0x00000197492ec6d0 Exception <a 'java/lang/NoSuchMethodError'{0x0000000086aa89b8}: 'void java.lang.invoke.DirectMethodHandle$Holder.invokeInterface(java.lang.Object, java.lang.Object)'> (0x0000000086aa89b8) 
thrown [s\src\hotspot\share\interpreter\linkResolver.cpp, line 773]
Event: 15.922 Thread 0x00000197492ec6d0 Exception <a 'java/lang/NoSuchMethodError'{0x000000008972d808}: 'void java.lang.invoke.Invokers$Holder.invokeExact_MT(java.lang.Object, java.lang.Object, java.lang.Object, java.lang.Object)'> (0x000000008972d808) 
thrown [s\src\hotspot\share\interpreter\linkResolver.cpp, line 773]

ZGC Phase Switch (0 events):
No events

VM Operations (20 events):
Event: 14.610 Executing VM operation: G1PauseRemark
Event: 14.619 Executing VM operation: G1PauseRemark done
Event: 14.666 Executing VM operation: G1PauseCleanup
Event: 14.666 Executing VM operation: G1PauseCleanup done
Event: 14.669 Executing VM operation: HandshakeAllThreads (Deoptimize)
Event: 14.669 Executing VM operation: HandshakeAllThreads (Deoptimize) done
Event: 15.042 Executing VM operation: ICBufferFull
Event: 15.042 Executing VM operation: ICBufferFull done
Event: 15.200 Executing VM operation: ICBufferFull
Event: 15.200 Executing VM operation: ICBufferFull done
Event: 15.370 Executing VM operation: ICBufferFull
Event: 15.370 Executing VM operation: ICBufferFull done
Event: 15.611 Executing VM operation: HandshakeAllThreads (Deoptimize)
Event: 15.611 Executing VM operation: HandshakeAllThreads (Deoptimize) done
Event: 15.740 Executing VM operation: HandshakeAllThreads (Deoptimize)
Event: 15.740 Executing VM operation: HandshakeAllThreads (Deoptimize) done
Event: 15.793 Executing VM operation: HandshakeAllThreads (Deoptimize)
Event: 15.793 Executing VM operation: HandshakeAllThreads (Deoptimize) done
Event: 15.853 Executing VM operation: G1CollectForAllocation (G1 Evacuation Pause)
Event: 15.864 Executing VM operation: G1CollectForAllocation (G1 Evacuation Pause) done

Memory protections (0 events):
No events

Nmethod flushes (20 events):
Event: 14.617 Thread 0x0000019762b7bbe0 flushing  nmethod 0x000001974f733a90
Event: 14.617 Thread 0x0000019762b7bbe0 flushing  nmethod 0x000001974f742490
Event: 14.617 Thread 0x0000019762b7bbe0 flushing  nmethod 0x000001974f744c90
Event: 14.617 Thread 0x0000019762b7bbe0 flushing  nmethod 0x000001974f759f90
Event: 14.617 Thread 0x0000019762b7bbe0 flushing  nmethod 0x000001974f7a5c90
Event: 14.617 Thread 0x0000019762b7bbe0 flushing  nmethod 0x000001974f823010
Event: 14.617 Thread 0x0000019762b7bbe0 flushing  nmethod 0x000001974f824590
Event: 14.617 Thread 0x0000019762b7bbe0 flushing  nmethod 0x000001974f825310
Event: 14.617 Thread 0x0000019762b7bbe0 flushing  nmethod 0x000001974f829590
Event: 14.617 Thread 0x0000019762b7bbe0 flushing  nmethod 0x000001974f829c90
Event: 14.617 Thread 0x0000019762b7bbe0 flushing  nmethod 0x000001974f82a010
Event: 14.617 Thread 0x0000019762b7bbe0 flushing  nmethod 0x000001974f848590
Event: 14.617 Thread 0x0000019762b7bbe0 flushing  nmethod 0x000001974f848910
Event: 14.617 Thread 0x0000019762b7bbe0 flushing  nmethod 0x000001974f849290
Event: 14.617 Thread 0x0000019762b7bbe0 flushing  nmethod 0x000001974f84c810
Event: 14.617 Thread 0x0000019762b7bbe0 flushing  nmethod 0x000001974f84d190
Event: 14.617 Thread 0x0000019762b7bbe0 flushing  nmethod 0x000001974f84d590
Event: 14.617 Thread 0x0000019762b7bbe0 flushing  nmethod 0x000001974f84dc90
Event: 14.617 Thread 0x0000019762b7bbe0 flushing  nmethod 0x000001974f8f2e10
Event: 14.617 Thread 0x0000019762b7bbe0 flushing  nmethod 0x000001974f8f3310

Events (20 events):
Event: 0.559 Thread 0x0000019762bc1190 Thread exited: 0x0000019762bc1190
Event: 0.987 Thread 0x0000019762babb40 Thread added: 0x0000019762bc2cd0
Event: 1.180 Thread 0x0000019762bc2cd0 Thread exited: 0x0000019762bc2cd0
Event: 2.100 Thread 0x0000019762bc33a0 Thread added: 0x0000019762bc1190
Event: 2.104 Thread 0x00000197492ec6d0 Thread added: 0x0000019762ba46f0
Event: 2.456 Thread 0x0000019762bc1190 Thread exited: 0x0000019762bc1190
Event: 2.979 Thread 0x0000019762bc33a0 Thread added: 0x0000019762bc1190
Event: 3.517 Thread 0x00000197492ec6d0 Thread added: 0x0000019762ba1f90
Event: 3.687 Thread 0x0000019762ba1f90 Thread exited: 0x0000019762ba1f90
Event: 3.785 Thread 0x0000019762ba46f0 Thread exited: 0x0000019762ba46f0
Event: 10.998 Thread 0x00000197492ec6d0 Thread added: 0x0000019768f20140
Event: 11.003 Thread 0x00000197492ec6d0 Thread added: 0x0000019768f242e0
Event: 11.018 Thread 0x00000197492ec6d0 Thread added: 0x0000019768f207d0
Event: 11.079 Thread 0x00000197492ec6d0 Thread added: 0x0000019768f20e60
Event: 13.015 Thread 0x00000197492ec6d0 Thread added: 0x0000019768f1ed90
Event: 13.139 Thread 0x0000019768f1ed90 Thread added: 0x0000019768f22f30
Event: 14.564 Thread 0x0000019762bc1190 Thread exited: 0x0000019762bc1190
Event: 15.072 Thread 0x0000019762bc33a0 Thread added: 0x0000019762bc2cd0
Event: 15.793 Thread 0x0000019762bc2cd0 Thread exited: 0x0000019762bc2cd0
Event: 15.909 Thread 0x0000019762bc33a0 Thread added: 0x0000019762bc2600


Dynamic libraries:
0x00007ff664010000 - 0x00007ff66401e000 	C:\Users\WIN 10\.p2\pool\plugins\org.eclipse.justj.openjdk.hotspot.jre.full.win32.x86_64_21.0.8.v20250724-1412\jre\bin\javaw.exe
0x00007ff982610000 - 0x00007ff982808000 	C:\Windows\SYSTEM32\ntdll.dll
0x00007ff981990000 - 0x00007ff981a4f000 	C:\Windows\System32\KERNEL32.DLL
0x00007ff97fdb0000 - 0x00007ff9800a6000 	C:\Windows\System32\KERNELBASE.dll
0x00007ff980540000 - 0x00007ff980640000 	C:\Windows\System32\ucrtbase.dll
0x00007ff9611d0000 - 0x00007ff9611e8000 	C:\Users\WIN 10\.p2\pool\plugins\org.eclipse.justj.openjdk.hotspot.jre.full.win32.x86_64_21.0.8.v20250724-1412\jre\bin\jli.dll
0x00007ff9806f0000 - 0x00007ff98088d000 	C:\Windows\System32\USER32.dll
0x00007ff980640000 - 0x00007ff980662000 	C:\Windows\System32\win32u.dll
0x00007ff981b00000 - 0x00007ff981b2c000 	C:\Windows\System32\GDI32.dll
0x00007ff9802d0000 - 0x00007ff9803e5000 	C:\Windows\System32\gdi32full.dll
0x00007ff9804a0000 - 0x00007ff98053d000 	C:\Windows\System32\msvcp_win.dll
0x00007ff9611b0000 - 0x00007ff9611ce000 	C:\Users\WIN 10\.p2\pool\plugins\org.eclipse.justj.openjdk.hotspot.jre.full.win32.x86_64_21.0.8.v20250724-1412\jre\bin\VCRUNTIME140.dll
0x00007ff964f50000 - 0x00007ff9651ea000 	C:\Windows\WinSxS\amd64_microsoft.windows.common-controls_6595b64144ccf1df_6.0.19041.1110_none_60b5254171f9507e\COMCTL32.dll
0x00007ff981fe0000 - 0x00007ff98207e000 	C:\Windows\System32\msvcrt.dll
0x00007ff9809d0000 - 0x00007ff980a00000 	C:\Windows\System32\IMM32.DLL
0x00007ff977d10000 - 0x00007ff977d1c000 	C:\Users\WIN 10\.p2\pool\plugins\org.eclipse.justj.openjdk.hotspot.jre.full.win32.x86_64_21.0.8.v20250724-1412\jre\bin\vcruntime140_1.dll
0x00007ff94cff0000 - 0x00007ff94d07d000 	C:\Users\WIN 10\.p2\pool\plugins\org.eclipse.justj.openjdk.hotspot.jre.full.win32.x86_64_21.0.8.v20250724-1412\jre\bin\msvcp140.dll
0x00007ff8ebb60000 - 0x00007ff8ec8f7000 	C:\Users\WIN 10\.p2\pool\plugins\org.eclipse.justj.openjdk.hotspot.jre.full.win32.x86_64_21.0.8.v20250724-1412\jre\bin\server\jvm.dll
0x00007ff982250000 - 0x00007ff9822ff000 	C:\Windows\System32\ADVAPI32.dll
0x00007ff981120000 - 0x00007ff9811bc000 	C:\Windows\System32\sechost.dll
0x00007ff9823d0000 - 0x00007ff9824f6000 	C:\Windows\System32\RPCRT4.dll
0x00007ff982300000 - 0x00007ff98236b000 	C:\Windows\System32\WS2_32.dll
0x00007ff97fb60000 - 0x00007ff97fbab000 	C:\Windows\SYSTEM32\POWRPROF.dll
0x00007ff965200000 - 0x00007ff965227000 	C:\Windows\SYSTEM32\WINMM.dll
0x00007ff973980000 - 0x00007ff97398a000 	C:\Windows\SYSTEM32\VERSION.dll
0x00007ff97fb40000 - 0x00007ff97fb52000 	C:\Windows\SYSTEM32\UMPDC.dll
0x00007ff97e560000 - 0x00007ff97e572000 	C:\Windows\SYSTEM32\kernel.appcore.dll
0x00007ff96b960000 - 0x00007ff96b96a000 	C:\Users\WIN 10\.p2\pool\plugins\org.eclipse.justj.openjdk.hotspot.jre.full.win32.x86_64_21.0.8.v20250724-1412\jre\bin\jimage.dll
0x00007ff97b200000 - 0x00007ff97b3e4000 	C:\Windows\SYSTEM32\DBGHELP.DLL
0x00007ff962a10000 - 0x00007ff962a44000 	C:\Windows\SYSTEM32\dbgcore.DLL
0x00007ff97fd20000 - 0x00007ff97fda2000 	C:\Windows\System32\bcryptPrimitives.dll
0x00007ff957540000 - 0x00007ff95755f000 	C:\Users\WIN 10\.p2\pool\plugins\org.eclipse.justj.openjdk.hotspot.jre.full.win32.x86_64_21.0.8.v20250724-1412\jre\bin\java.dll
0x00007ff9811d0000 - 0x00007ff981914000 	C:\Windows\System32\SHELL32.dll
0x00007ff97a990000 - 0x00007ff97b123000 	C:\Windows\SYSTEM32\windows.storage.dll
0x00007ff981bf0000 - 0x00007ff981f44000 	C:\Windows\System32\combase.dll
0x00007ff97f660000 - 0x00007ff97f68e000 	C:\Windows\SYSTEM32\Wldp.dll
0x00007ff981a50000 - 0x00007ff981afd000 	C:\Windows\System32\SHCORE.dll
0x00007ff982370000 - 0x00007ff9823c5000 	C:\Windows\System32\shlwapi.dll
0x00007ff97fc30000 - 0x00007ff97fc4f000 	C:\Windows\SYSTEM32\profapi.dll
0x00007ff955380000 - 0x00007ff955398000 	C:\Users\WIN 10\.p2\pool\plugins\org.eclipse.justj.openjdk.hotspot.jre.full.win32.x86_64_21.0.8.v20250724-1412\jre\bin\zip.dll
0x00007ff96a7e0000 - 0x00007ff96a7f0000 	C:\Users\WIN 10\.p2\pool\plugins\org.eclipse.justj.openjdk.hotspot.jre.full.win32.x86_64_21.0.8.v20250724-1412\jre\bin\net.dll
0x00007ff96d6d0000 - 0x00007ff96d7da000 	C:\Windows\SYSTEM32\WINHTTP.dll
0x00007ff97f3c0000 - 0x00007ff97f42a000 	C:\Windows\system32\mswsock.dll
0x00007ff94fad0000 - 0x00007ff94fae6000 	C:\Users\WIN 10\.p2\pool\plugins\org.eclipse.justj.openjdk.hotspot.jre.full.win32.x86_64_21.0.8.v20250724-1412\jre\bin\nio.dll
0x00007ff976280000 - 0x00007ff97628e000 	C:\Users\WIN 10\.p2\pool\plugins\org.eclipse.justj.openjdk.hotspot.jre.full.win32.x86_64_21.0.8.v20250724-1412\jre\bin\sunmscapi.dll
0x00007ff980100000 - 0x00007ff98025e000 	C:\Windows\System32\CRYPT32.dll
0x00007ff97f740000 - 0x00007ff97f768000 	C:\Windows\SYSTEM32\ncrypt.dll
0x00007ff97f700000 - 0x00007ff97f73b000 	C:\Windows\SYSTEM32\NTASN1.dll
0x00007ff97f5b0000 - 0x00007ff97f5c8000 	C:\Windows\SYSTEM32\CRYPTSP.dll
0x00007ff97ece0000 - 0x00007ff97ed14000 	C:\Windows\system32\rsaenh.dll
0x00007ff97fcf0000 - 0x00007ff97fd17000 	C:\Windows\System32\bcrypt.dll
0x00007ff97fbb0000 - 0x00007ff97fbde000 	C:\Windows\SYSTEM32\USERENV.dll
0x00007ff97f5d0000 - 0x00007ff97f5dc000 	C:\Windows\SYSTEM32\CRYPTBASE.dll
0x00007ff97f0b0000 - 0x00007ff97f0ec000 	C:\Windows\SYSTEM32\IPHLPAPI.DLL
0x00007ff981be0000 - 0x00007ff981be8000 	C:\Windows\System32\NSI.dll
0x00007ff96ba70000 - 0x00007ff96ba7a000 	C:\Users\WIN 10\.p2\pool\plugins\org.eclipse.justj.openjdk.hotspot.jre.full.win32.x86_64_21.0.8.v20250724-1412\jre\bin\management.dll
0x00007ff96b970000 - 0x00007ff96b97b000 	C:\Users\WIN 10\.p2\pool\plugins\org.eclipse.justj.openjdk.hotspot.jre.full.win32.x86_64_21.0.8.v20250724-1412\jre\bin\management_ext.dll
0x00007ff981920000 - 0x00007ff981928000 	C:\Windows\System32\PSAPI.DLL
0x00007ff977cd0000 - 0x00007ff977ce0000 	C:\Users\WIN 10\.p2\pool\plugins\org.eclipse.justj.openjdk.hotspot.jre.full.win32.x86_64_21.0.8.v20250724-1412\jre\bin\verify.dll
0x00007ff97f0f0000 - 0x00007ff97f1ba000 	C:\Windows\SYSTEM32\DNSAPI.dll
0x00007ff973bd0000 - 0x00007ff973bda000 	C:\Windows\System32\rasadhlp.dll
0x00007ff96a580000 - 0x00007ff96a602000 	C:\Windows\System32\fwpuclnt.dll
0x00007ff96ba00000 - 0x00007ff96ba09000 	C:\Users\WIN 10\.p2\pool\plugins\org.eclipse.justj.openjdk.hotspot.jre.full.win32.x86_64_21.0.8.v20250724-1412\jre\bin\extnet.dll

JVMTI agents: none

dbghelp: loaded successfully - version: 4.0.5 - missing functions: none
symbol engine: initialized successfully - sym options: 0x614 - pdb path: .;C:\Users\WIN 10\.p2\pool\plugins\org.eclipse.justj.openjdk.hotspot.jre.full.win32.x86_64_21.0.8.v20250724-1412\jre\bin;C:\Windows\SYSTEM32;C:\Windows\WinSxS\amd64_microsoft.windows.common-controls_6595b64144ccf1df_6.0.19041.1110_none_60b5254171f9507e;C:\Users\WIN 10\.p2\pool\plugins\org.eclipse.justj.openjdk.hotspot.jre.full.win32.x86_64_21.0.8.v20250724-1412\jre\bin\server

VM Arguments:
jvm_args: -Dfile.encoding=UTF-8 -Dstdout.encoding=UTF-8 -Dstderr.encoding=UTF-8 -XX:+ShowCodeDetailsInExceptionMessages 
java_command: com.hireconnect.hireconnect.HireconnectApplication
java_class_path (initial): C:\Users\WIN 10\Downloads\hireconnect\hireconnect\target\classes;C:\Users\WIN 10\.m2\repository\org\springframework\boot\spring-boot-starter-web\3.2.4\spring-boot-starter-web-3.2.4.jar;C:\Users\WIN 10\.m2\repository\org\springframework\boot\spring-boot-starter\3.2.4\spring-boot-starter-3.2.4.jar;C:\Users\WIN 10\.m2\repository\org\springframework\boot\spring-boot\3.2.4\spring-boot-3.2.4.jar;C:\Users\WIN 10\.m2\repository\org\springframework\boot\spring-boot-autoconfigure\3.2.4\spring-boot-autoconfigure-3.2.4.jar;C:\Users\WIN 10\.m2\repository\org\springframework\boot\spring-boot-starter-logging\3.2.4\spring-boot-starter-logging-3.2.4.jar;C:\Users\WIN 10\.m2\repository\ch\qos\logback\logback-classic\1.4.14\logback-classic-1.4.14.jar;C:\Users\WIN 10\.m2\repository\ch\qos\logback\logback-core\1.4.14\logback-core-1.4.14.jar;C:\Users\WIN 10\.m2\repository\org\apache\logging\log4j\log4j-to-slf4j\2.21.1\log4j-to-slf4j-2.21.1.jar;C:\Users\WIN 10\.m2\repository\org\slf4j\jul-to-slf4j\2.0.12\jul-to-slf4j-2.0.12.jar;C:\Users\WIN 10\.m2\repository\jakarta\annotation\jakarta.annotation-api\2.1.1\jakarta.annotation-api-2.1.1.jar;C:\Users\WIN 10\.m2\repository\org\yaml\snakeyaml\2.2\snakeyaml-2.2.jar;C:\Users\WIN 10\.m2\repository\org\springframework\boot\spring-boot-starter-json\3.2.4\spring-boot-starter-json-3.2.4.jar;C:\Users\WIN 10\.m2\repository\com\fasterxml\jackson\datatype\jackson-datatype-jdk8\2.15.4\jackson-datatype-jdk8-2.15.4.jar;C:\Users\WIN 10\.m2\repository\com\fasterxml\jackson\datatype\jackson-datatype-jsr310\2.15.4\jackson-datatype-jsr310-2.15.4.jar;C:\Users\WIN 10\.m2\repository\com\fasterxml\jackson\module\jackson-module-parameter-names\2.15.4\jackson-module-parameter-names-2.15.4.jar;C:\Users\WIN 10\.m2\repository\org\springframework\boot\spring-boot-starter-tomcat\3.2.4\spring-boot-starter-tomcat-3.2.4.jar;C:\Users\WIN 10\.m2\repository\org\apache\tomcat\embed\tomcat-embed-core\10.1.19\tomcat-embed-core-10.1.19.jar;C:\Users\WIN 10\.m2\repository\org\apache\tomcat\embed\tomcat-embed-websocket\10.1.19\tomcat-embed-websocket-10.1.19.jar;C:\Users\WIN 10\.m2\repository\org\springframework\spring-web\6.1.5\spring-web-6.1.5.jar;C:\Users\WIN 10\.m2\repository\org\springframework\spring-beans\6.1.5\spring-beans-6.1.5.jar;C:\Users\WIN 10\.m2\repository\org\springframework\spring-webmvc\6.1.5\spring-webmvc-6.1.5.jar;C:\Users\WIN 10\.m2\repository\org\springframework\spring-context\6.1.5\spring-context-6.1.5.jar;C:\Users\WIN 10\.m2\repository\org\springframework\spring-expression\6.1.5\spring-expression-6.1.5.jar;C:\Users\WIN 10\.m2\repository\org\springframework\boot\spring-boot-starter-data-jpa\3.2.4\spring-boot-starter-data-jpa-3.2.4.jar;C:\Users\WIN 10\.m2\repository\org\springframework\boot\spring-boot-starter-aop\3.2.4\spring-boot-starter-aop-3.2.4.jar;C:\Users\WIN 10\.m2\repository\org\aspectj\aspectjweaver\1.9.21\aspectjweaver-1.9.21.jar;C:\Users\WIN 10\.m2\repository\org\springframework\boot\spring-boot-starter-jdbc\3.2.4\spring-boot-starter-jdbc-3.2.4.jar;C:\Users\WIN 10\.m2\repository\com\zaxxer\HikariCP\5.0.1\HikariCP-5.0.1.jar;C:\Users\WIN 10\.m2\repository\org\springframework\spring-jdbc\6.1.5\spring-jdbc-6.1.5.jar;C:\Users\WIN 10\.m2\repository\org\hibernate\orm\hibernate-core\6.4.4.Final\hibernate-core-6.4.4.Final.jar;C:\Users\WIN 10\.m2\repository\jakarta\persistence\jakarta.persistence-api\3.1.0\jakarta.persistence-api-3.1.0.jar;C:\Users\WIN 10\.m2\repository\jakarta\transaction\jakarta.transaction-api\2.0.1\jakarta.transaction-api-2.0.1.jar;C:\Users\WIN 10\.m2\repository\org\jboss\logging\jboss-logging\3.5.3.Final\jboss-logging-3.5.3.Final.jar;C:\Users\WIN 10\.m2\repository\org\hibernate\common\hibernate-commons-annotations\6.0.6.Final\hibernate-commons-annotations-6.0.6.Final.jar;C:\Users\WIN 10\.m2\repository\io\smallrye\jandex\3.1.2\jandex-3.1.2.jar;C:\Users\WIN 10\.m2\repository\com\fasterxml\classmate\1.6.0\classmate-1.6.0.jar;C:\Users\WIN 10\.m2\repository\org\glassfish\jaxb\jaxb-runtime\4.0.5\jaxb-runtime-4.0.5.jar;C:\Users\WIN 10\.m2\repository\org\glassfish\jaxb\jaxb-core\4.0.5\jaxb-core-4.0.5.jar;C:\Users\WIN 10\.m2\repository\org\eclipse\angus\angus-activation\2.0.2\angus-activation-2.0.2.jar;C:\Users\WIN 10\.m2\repository\org\glassfish\jaxb\txw2\4.0.5\txw2-4.0.5.jar;C:\Users\WIN 10\.m2\repository\com\sun\istack\istack-commons-runtime\4.1.2\istack-commons-runtime-4.1.2.jar;C:\Users\WIN 10\.m2\repository\jakarta\inject\jakarta.inject-api\2.0.1\jakarta.inject-api-2.0.1.jar;C:\Users\WIN 10\.m2\repository\org\antlr\antlr4-runtime\4.13.0\antlr4-runtime-4.13.0.jar;C:\Users\WIN 10\.m2\repository\org\springframework\data\spring-data-jpa\3.2.4\spring-data-jpa-3.2.4.jar;C:\Users\WIN 10\.m2\repository\org\springframework\data\spring-data-commons\3.2.4\spring-data-commons-3.2.4.jar;C:\Users\WIN 10\.m2\repository\org\springframework\spring-orm\6.1.5\spring-orm-6.1.5.jar;C:\Users\WIN 10\.m2\repository\org\slf4j\slf4j-api\2.0.12\slf4j-api-2.0.12.jar;C:\Users\WIN 10\.m2\repository\org\springframework\spring-aspects\6.1.5\spring-aspects-6.1.5.jar;C:\Users\WIN 10\.m2\repository\org\springframework\boot\spring-boot-starter-security\3.2.4\spring-boot-starter-security-3.2.4.jar;C:\Users\WIN 10\.m2\repository\org\springframework\spring-aop\6.1.5\spring-aop-6.1.5.jar;C:\Users\WIN 10\.m2\repository\org\springframework\security\spring-security-config\6.2.3\spring-security-config-6.2.3.jar;C:\Users\WIN 10\.m2\repository\org\springframework\security\spring-security-web\6.2.3\spring-security-web-6.2.3.jar;C:\Users\WIN 10\.m2\repository\org\springframework\boot\spring-boot-starter-validation\3.2.4\spring-boot-starter-validation-3.2.4.jar;C:\Users\WIN 10\.m2\repository\org\apache\tomcat\embed\tomcat-embed-el\10.1.19\tomcat-embed-el-10.1.19.jar;C:\Users\WIN 10\.m2\repository\org\hibernate\validator\hibernate-validator\8.0.1.Final\hibernate-validator-8.0.1.Final.jar;C:\Users\WIN 10\.m2\repository\jakarta\validation\jakarta.validation-api\3.0.2\jakarta.validation-api-3.0.2.jar;C:\Users\WIN 10\.m2\repository\com\mysql\mysql-connector-j\8.3.0\mysql-connector-j-8.3.0.jar;C:\Users\WIN 10\.m2\repository\org\projectlombok\lombok\1.18.30\lombok-1.18.30.jar;C:\Users\WIN 10\.m2\repository\io\jsonwebtoken\jjwt-api\0.11.5\jjwt-api-0.11.5.jar;C:\Users\WIN 10\.m2\repository\io\jsonwebtoken\jjwt-impl\0.11.5\jjwt-impl-0.11.5.jar;C:\Users\WIN 10\.m2\repository\io\jsonwebtoken\jjwt-jackson\0.11.5\jjwt-jackson-0.11.5.jar;C:\Users\WIN 10\.m2\repository\com\fasterxml\jackson\core\jackson-databind\2.15.4\jackson-databind-2.15.4.jar;C:\Users\WIN 10\.m2\repository\com\fasterxml\jackson\core\jackson-annotations\2.15.4\jackson-annotations-2.15.4.jar;C:\Users\WIN 10\.m2\repository\com\fasterxml\jackson\core\jackson-core\2.15.4\jackson-core-2.15.4.jar;C:\Users\WIN 10\.m2\repository\com\itextpdf\itextpdf\5.5.13.3\itextpdf-5.5.13.3.jar;C:\Users\WIN 10\.m2\repository\org\apache\pdfbox\pdfbox\3.0.1\pdfbox-3.0.1.jar;C:\Users\WIN 10\.m2\repository\org\apache\pdfbox\pdfbox-io\3.0.1\pdfbox-io-3.0.1.jar;C:\Users\WIN 10\.m2\repository\org\apache\pdfbox\fontbox\3.0.1\fontbox-3.0.1.jar;C:\Users\WIN 10\.m2\repository\org\junit\jupiter\junit-jupiter\5.10.2\junit-jupiter-5.10.2.jar;C:\Users\WIN 10\.m2\repository\org\junit\jupiter\junit-jupiter-api\5.10.2\junit-jupiter-api-5.10.2.jar;C:\Users\WIN 10\.m2\repository\org\opentest4j\opentest4j\1.3.0\opentest4j-1.3.0.jar;C:\Users\WIN 10\.m2\repository\org\junit\platform\junit-platform-commons\1.10.2\junit-platform-commons-1.10.2.jar;C:\Users\WIN 10\.m2\repository\org\apiguardian\apiguardian-api\1.1.2\apiguardian-api-1.1.2.jar;C:\Users\WIN 10\.m2\repository\org\junit\jupiter\junit-jupiter-params\5.10.2\junit-jupiter-params-5.10.2.jar;C:\Users\WIN 10\.m2\repository\org\junit\jupiter\junit-jupiter-engine\5.10.2\junit-jupiter-engine-5.10.2.jar;C:\Users\WIN 10\.m2\repository\org\junit\platform\junit-platform-engine\1.10.2\junit-platform-engine-1.10.2.jar;C:\Users\WIN 10\.m2\repository\org\apache\poi\poi\5.2.5\poi-5.2.5.jar;C:\Users\WIN 10\.m2\repository\commons-codec\commons-codec\1.16.1\commons-codec-1.16.1.jar;C:\Users\WIN 10\.m2\repository\org\apache\commons\commons-collections4\4.4\commons-collections4-4.4.jar;C:\Users\WIN 10\.m2\repository\org\apache\commons\commons-math3\3.6.1\commons-math3-3.6.1.jar;C:\Users\WIN 10\.m2\repository\com\zaxxer\SparseBitSet\1.3\SparseBitSet-1.3.jar;C:\Users\WIN 10\.m2\repository\org\apache\logging\log4j\log4j-api\2.21.1\log4j-api-2.21.1.jar;C:\Users\WIN 10\.m2\repository\org\apache\poi\poi-ooxml\5.2.5\poi-ooxml-5.2.5.jar;C:\Users\WIN 10\.m2\repository\org\apache\poi\poi-ooxml-lite\5.2.5\poi-ooxml-lite-5.2.5.jar;C:\Users\WIN 10\.m2\repository\org\apache\xmlbeans\xmlbeans\5.2.0\xmlbeans-5.2.0.jar;C:\Users\WIN 10\.m2\repository\org\apache\commons\commons-compress\1.25.0\commons-compress-1.25.0.jar;C:\Users\WIN 10\.m2\repository\com\github\virtuald\curvesapi\1.08\curvesapi-1.08.jar;C:\Users\WIN 10\.m2\repository\commons-fileupload\commons-fileupload\1.5\commons-fileupload-1.5.jar;C:\Users\WIN 10\.m2\repository\commons-io\commons-io\2.15.1\commons-io-2.15.1.jar;C:\Users\WIN 10\.m2\repository\org\springdoc\springdoc-openapi-starter-webmvc-ui\2.3.0\springdoc-openapi-starter-webmvc-ui-2.3.0.jar;C:\Users\WIN 10\.m2\repository\org\springdoc\springdoc-openapi-starter-webmvc-api\2.3.0\springdoc-openapi-starter-webmvc-api-2.3.0.jar;C:\Users\WIN 10\.m2\repository\org\springdoc\springdoc-openapi-starter-common\2.3.0\springdoc-openapi-starter-common-2.3.0.jar;C:\Users\WIN 10\.m2\repository\io\swagger\core\v3\swagger-core-jakarta\2.2.19\swagger-core-jakarta-2.2.19.jar;C:\Users\WIN 10\.m2\repository\org\apache\commons\commons-lang3\3.13.0\commons-lang3-3.13.0.jar;C:\Users\WIN 10\.m2\repository\io\swagger\core\v3\swagger-annotations-jakarta\2.2.19\swagger-annotations-jakarta-2.2.19.jar;C:\Users\WIN 10\.m2\repository\io\swagger\core\v3\swagger-models-jakarta\2.2.19\swagger-models-jakarta-2.2.19.jar;C:\Users\WIN 10\.m2\repository\com\fasterxml\jackson\dataformat\jackson-dataformat-yaml\2.15.4\jackson-dataformat-yaml-2.15.4.jar;C:\Users\WIN 10\.m2\repository\org\webjars\swagger-ui\5.10.3\swagger-ui-5.10.3.jar;C:\Users\WIN 10\.m2\repository\org\modelmapper\modelmapper\3.2.0\modelmapper-3.2.0.jar;C:\Users\WIN 10\.m2\repository\org\springframework\boot\spring-boot-starter-quartz\3.2.4\spring-boot-starter-quartz-3.2.4.jar;C:\Users\WIN 10\.m2\repository\org\springframework\spring-context-support\6.1.5\spring-context-support-6.1.5.jar;C:\Users\WIN 10\.m2\repository\org\springframework\spring-tx\6.1.5\spring-tx-6.1.5.jar;C:\Users\WIN 10\.m2\repository\org\quartz-scheduler\quartz\2.3.2\quartz-2.3.2.jar;C:\Users\WIN 10\.m2\repository\com\mchange\mchange-commons-java\0.2.15\mchange-commons-java-0.2.15.jar;C:\Users\WIN 10\.m2\repository\org\springframework\boot\spring-boot-starter-cache\3.2.4\spring-boot-starter-cache-3.2.4.jar;C:\Users\WIN 10\.m2\repository\com\github\ben-manes\caffeine\caffeine\3.1.8\caffeine-3.1.8.jar;C:\Users\WIN 10\.m2\repository\org\checkerframework\checker-qual\3.37.0\checker-qual-3.37.0.jar;C:\Users\WIN 10\.m2\repository\com\google\errorprone\error_prone_annotations\2.21.1\error_prone_annotations-2.21.1.jar;C:\Users\WIN 10\.m2\repository\org\springframework\boot\spring-boot-starter-actuator\3.2.4\spring-boot-starter-actuator-3.2.4.jar;C:\Users\WIN 10\.m2\repository\org\springframework\boot\spring-boot-actuator-autoconfigure\3.2.4\spring-boot-actuator-autoconfigure-3.2.4.jar;C:\Users\WIN 10\.m2\repository\org\springframework\boot\spring-boot-actuator\3.2.4\spring-boot-actuator-3.2.4.jar;C:\Users\WIN 10\.m2\repository\io\micrometer\micrometer-observation\1.12.4\micrometer-observation-1.12.4.jar;C:\Users\WIN 10\.m2\repository\io\micrometer\micrometer-commons\1.12.4\micrometer-commons-1.12.4.jar;C:\Users\WIN 10\.m2\repository\io\micrometer\micrometer-jakarta9\1.12.4\micrometer-jakarta9-1.12.4.jar;C:\Users\WIN 10\.m2\repository\io\micrometer\micrometer-registry-prometheus\1.12.4\micrometer-registry-prometheus-1.12.4.jar;C:\Users\WIN 10\.m2\repository\io\micrometer\micrometer-core\1.12.4\micrometer-core-1.12.4.jar;C:\Users\WIN 10\.m2\repository\org\hdrhistogram\HdrHistogram\2.1.12\HdrHistogram-2.1.12.jar;C:\Users\WIN 10\.m2\repository\org\latencyutils\LatencyUtils\2.0.3\LatencyUtils-2.0.3.jar;C:\Users\WIN 10\.m2\repository\io\prometheus\simpleclient_common\0.16.0\simpleclient_common-0.16.0.jar;C:\Users\WIN 10\.m2\repository\io\prometheus\simpleclient\0.16.0\simpleclient-0.16.0.jar;C:\Users\WIN 10\.m2\repository\io\prometheus\simpleclient_tracer_otel\0.16.0\simpleclient_tracer_otel-0.16.0.jar;C:\Users\WIN 10\.m2\repository\io\prometheus\simpleclient_tracer_common\0.16.0\simpleclient_tracer_common-0.16.0.jar;C:\Users\WIN 10\.m2\repository\io\prometheus\simpleclient_tracer_otel_agent\0.16.0\simpleclient_tracer_otel_agent-0.16.0.jar;C:\Users\WIN 10\.m2\repository\jakarta\xml\bind\jakarta.xml.bind-api\4.0.2\jakarta.xml.bind-api-4.0.2.jar;C:\Users\WIN 10\.m2\repository\jakarta\activation\jakarta.activation-api\2.1.3\jakarta.activation-api-2.1.3.jar;C:\Users\WIN 10\.m2\repository\org\springframework\spring-core\6.1.5\spring-core-6.1.5.jar;C:\Users\WIN 10\.m2\repository\org\springframework\spring-jcl\6.1.5\spring-jcl-6.1.5.jar;C:\Users\WIN 10\.m2\repository\org\springframework\security\spring-security-core\6.2.3\spring-security-core-6.2.3.jar;C:\Users\WIN 10\.m2\repository\org\springframework\security\spring-security-crypto\6.2.3\spring-security-crypto-6.2.3.jar;C:\Users\WIN 10\.m2\repository\net\bytebuddy\byte-buddy\1.14.12\byte-buddy-1.14.12.jar
Launcher Type: SUN_STANDARD

[Global flags]
     intx CICompilerCount                          = 3                                         {product} {ergonomic}
     uint ConcGCThreads                            = 1                                         {product} {ergonomic}
     uint G1ConcRefinementThreads                  = 4                                         {product} {ergonomic}
   size_t G1HeapRegionSize                         = 1048576                                   {product} {ergonomic}
    uintx GCDrainStackTargetSize                   = 64                                        {product} {ergonomic}
   size_t InitialHeapSize                          = 134217728                                 {product} {ergonomic}
   size_t MarkStackSize                            = 4194304                                   {product} {ergonomic}
   size_t MaxHeapSize                              = 2118123520                                {product} {ergonomic}
   size_t MaxNewSize                               = 1270874112                                {product} {ergonomic}
   size_t MinHeapDeltaBytes                        = 1048576                                   {product} {ergonomic}
   size_t MinHeapSize                              = 8388608                                   {product} {ergonomic}
    uintx NonNMethodCodeHeapSize                   = 5832780                                {pd product} {ergonomic}
    uintx NonProfiledCodeHeapSize                  = 122912730                              {pd product} {ergonomic}
    uintx ProfiledCodeHeapSize                     = 122912730                              {pd product} {ergonomic}
    uintx ReservedCodeCacheSize                    = 251658240                              {pd product} {ergonomic}
     bool SegmentedCodeCache                       = true                                      {product} {ergonomic}
     bool ShowCodeDetailsInExceptionMessages       = true                                   {manageable} {command line}
   size_t SoftMaxHeapSize                          = 2118123520                             {manageable} {ergonomic}
     bool UseCompressedOops                        = true                           {product lp64_product} {ergonomic}
     bool UseG1GC                                  = true                                      {product} {ergonomic}
     bool UseLargePagesIndividualAllocation        = false                                  {pd product} {ergonomic}

Logging:
Log output configuration:
 #0: stdout all=warning uptime,level,tags foldmultilines=false
 #1: stderr all=off uptime,level,tags foldmultilines=false

Environment Variables:
PATH=C:/Users/WIN 10/.p2/pool/plugins/org.eclipse.justj.openjdk.hotspot.jre.full.win32.x86_64_21.0.8.v20250724-1412/jre/bin/server;C:/Users/WIN 10/.p2/pool/plugins/org.eclipse.justj.openjdk.hotspot.jre.full.win32.x86_64_21.0.8.v20250724-1412/jre/bin;C:\Windows\system32;C:\Windows;C:\Windows\System32\Wbem;C:\Windows\System32\WindowsPowerShell\v1.0\;C:\Windows\System32\OpenSSH\;C:\Program Files (x86)\Intel\Intel(R) Management Engine Components\DAL;C:\Program Files\Intel\Intel(R) Management Engine Components\DAL;C:\Program Files\MySQL\MySQL Server 8.0\bin;C:\Program Files\nodejs\;C:\Program Files\Git\cmd;C:\Program Files\GitHub CLI\;C:\Program Files\MySQL\MySQL Shell 8.0\bin\;C:\Users\WIN 10\AppData\Local\Microsoft\WindowsApps;C:\Users\WIN 10\AppData\Local\Programs\Microsoft VS Code\bin;C:\Users\WIN 10\AppData\Roaming\npm;C:\Users\WIN 10\Desktop;
USERNAME=Samaya
OS=Windows_NT
PROCESSOR_IDENTIFIER=Intel64 Family 6 Model 78 Stepping 3, GenuineIntel
TMP=C:\Users\WIN10~1\AppData\Local\Temp
TEMP=C:\Users\WIN10~1\AppData\Local\Temp




Periodic native trim disabled

---------------  S Y S T E M  ---------------

OS:
 Windows 10 , 64 bit Build 19041 (10.0.19041.3031)
OS uptime: 0 days 16:32 hours

CPU: total 4 (initial active 4) (2 cores per cpu, 2 threads per core) family 6 model 78 stepping 3 microcode 0xf0, cx8, cmov, fxsr, ht, mmx, 3dnowpref, sse, sse2, sse3, ssse3, sse4.1, sse4.2, popcnt, lzcnt, tsc, tscinvbit, avx, avx2, aes, erms, clmul, bmi1, bmi2, rtm, adx, fma, vzeroupper, clflush, clflushopt, rdtscp, f16c
Processor Information for the first 4 processors :
  Max Mhz: 2808, Current Mhz: 2607, Mhz Limit: 2583

Memory: 4k page, system-wide physical 8072M (1002M free)
TotalPageFile size 10120M (AvailPageFile size 5M)
current process WorkingSet (physical memory assigned to process): 321M, peak: 325M
current process commit charge ("private bytes"): 349M, peak: 350M

vm_info: OpenJDK 64-Bit Server VM (21.0.8+9-LTS) for windows-amd64 JRE (21.0.8+9-LTS), built on 2025-07-15T00:00:00Z by "admin" with MS VC++ 17.7 (VS2022)

END.
