#
# There is insufficient memory for the Java Runtime Environment to continue.
# Native memory allocation (mmap) failed to map 219152384 bytes. Error detail: G1 virtual space
# Possible reasons:
#   The system is out of physical RAM or swap space
#   This process is running with CompressedOops enabled, and the Java Heap may be blocking the growth of the native heap
# Possible solutions:
#   Reduce memory load on the system
#   Increase physical memory or swap space
#   Check if swap backing store is full
#   Decrease Java heap size (-Xmx/-Xms)
#   Decrease number of Java threads
#   Decrease Java thread stack sizes (-Xss)
#   Set larger code cache with -XX:ReservedCodeCacheSize=
#   JVM is running with Unscaled Compressed Oops mode in which the Java heap is
#     placed in the first 4GB address space. The Java Heap base address is the
#     maximum limit for the native heap growth. Please use -XX:HeapBaseMinAddress
#     to set the Java Heap base and to place the Java Heap above 4GB virtual address.
# This output file may be truncated or incomplete.
#
#  Out of Memory Error (os_windows.cpp:3713), pid=12624, tid=3724
#
# JRE version: OpenJDK Runtime Environment Temurin-21.0.8+9 (21.0.8+9) (build 21.0.8+9-LTS)
# Java VM: OpenJDK 64-Bit Server VM Temurin-21.0.8+9 (21.0.8+9-LTS, mixed mode, sharing, tiered, compressed oops, compressed class ptrs, g1 gc, windows-amd64)
# No core dump will be written. Minidumps are not enabled by default on client versions of Windows
#

---------------  S U M M A R Y ------------

Command Line: -Dfile.encoding=UTF-8 -Dstdout.encoding=UTF-8 -Dstderr.encoding=UTF-8 -XX:+ShowCodeDetailsInExceptionMessages com.hireconnect.hireconnect.HireconnectApplication

Host: Intel(R) Core(TM) i7-6600U CPU @ 2.60GHz, 4 cores, 7G,  Windows 10 , 64 bit Build 19041 (10.0.19041.3031)
Time: Sat Nov 22 23:58:24 2025 India Standard Time elapsed time: 22.318585 seconds (0d 0h 0m 22s)

---------------  T H R E A D  ---------------

Current thread (0x0000019e7f0c1c10):  VMThread "VM Thread"          [id=3724, stack(0x0000001546b00000,0x0000001546c00000) (1024K)]

Stack: [0x0000001546b00000,0x0000001546c00000]
Native frames: (J=compiled Java code, j=interpreted, Vv=VM code, C=native code)
V  [jvm.dll+0x6d2449]
V  [jvm.dll+0x8ae341]
V  [jvm.dll+0x8b08be]
V  [jvm.dll+0x8b0fa3]
V  [jvm.dll+0x280c96]
V  [jvm.dll+0x6cec15]
V  [jvm.dll+0x6c2c3a]
V  [jvm.dll+0x35867a]
V  [jvm.dll+0x360246]
V  [jvm.dll+0x3b1f9e]
V  [jvm.dll+0x3b2248]
V  [jvm.dll+0x32c8fc]
V  [jvm.dll+0x32c987]
V  [jvm.dll+0x3706fc]
V  [jvm.dll+0x36ef48]
V  [jvm.dll+0x32c0c1]
V  [jvm.dll+0x36e5ba]
V  [jvm.dll+0x8b6cbf]
V  [jvm.dll+0x8b8044]
V  [jvm.dll+0x8b8580]
V  [jvm.dll+0x8b8823]
V  [jvm.dll+0x857e6b]
V  [jvm.dll+0x6d0b0d]
C  [ucrtbase.dll+0x21bb2]
C  [KERNEL32.DLL+0x17614]
C  [ntdll.dll+0x526f1]

VM_Operation (0x00000015464fbee0): G1CollectForAllocation, mode: safepoint, requested by thread 0x0000019e6781fbc0


---------------  P R O C E S S  ---------------

Threads class SMR info:
_java_thread_list=0x0000019e47961740, length=28, elements={
0x0000019e6781fbc0, 0x0000019e7f0db2c0, 0x0000019e7f0dc870, 0x0000019e7f0dedd0,
0x0000019e7f0e2ac0, 0x0000019e7f0e3cb0, 0x0000019e7f0e4ea0, 0x0000019e7f0e98c0,
0x0000019e7f0ec080, 0x0000019e7f326810, 0x0000019e7f356ae0, 0x0000019e7f0ed4f0,
0x0000019e49a7b550, 0x0000019e49d77ae0, 0x0000019e4ae64fe0, 0x0000019e4923dc00,
0x0000019e4ac4bf60, 0x0000019e4748fcc0, 0x0000019e4a8cca90, 0x0000019e4a8ce4d0,
0x0000019e4a8cc400, 0x0000019e4a8cd120, 0x0000019e4a8cf880, 0x0000019e4a8cd7b0,
0x0000019e4a8cbd70, 0x0000019e4a8d0c30, 0x0000019e4a8d12c0, 0x0000019e4a8cde40
}

Java Threads: ( => current thread )
  0x0000019e6781fbc0 JavaThread "main"                              [_thread_blocked, id=9616, stack(0x0000001546400000,0x0000001546500000) (1024K)]
  0x0000019e7f0db2c0 JavaThread "Reference Handler"          daemon [_thread_blocked, id=12788, stack(0x0000001546c00000,0x0000001546d00000) (1024K)]
  0x0000019e7f0dc870 JavaThread "Finalizer"                  daemon [_thread_blocked, id=10200, stack(0x0000001546d00000,0x0000001546e00000) (1024K)]
  0x0000019e7f0dedd0 JavaThread "Signal Dispatcher"          daemon [_thread_blocked, id=10728, stack(0x0000001546e00000,0x0000001546f00000) (1024K)]
  0x0000019e7f0e2ac0 JavaThread "Attach Listener"            daemon [_thread_blocked, id=3956, stack(0x0000001546f00000,0x0000001547000000) (1024K)]
  0x0000019e7f0e3cb0 JavaThread "Service Thread"             daemon [_thread_blocked, id=12324, stack(0x0000001547000000,0x0000001547100000) (1024K)]
  0x0000019e7f0e4ea0 JavaThread "Monitor Deflation Thread"   daemon [_thread_blocked, id=9684, stack(0x0000001547100000,0x0000001547200000) (1024K)]
  0x0000019e7f0e98c0 JavaThread "C2 CompilerThread0"         daemon [_thread_in_native, id=10508, stack(0x0000001547200000,0x0000001547300000) (1024K)]
  0x0000019e7f0ec080 JavaThread "C1 CompilerThread0"         daemon [_thread_blocked, id=6460, stack(0x0000001547300000,0x0000001547400000) (1024K)]
  0x0000019e7f326810 JavaThread "Notification Thread"        daemon [_thread_blocked, id=6628, stack(0x0000001547400000,0x0000001547500000) (1024K)]
  0x0000019e7f356ae0 JavaThread "Common-Cleaner"             daemon [_thread_blocked, id=10752, stack(0x0000001547500000,0x0000001547600000) (1024K)]
  0x0000019e7f0ed4f0 JavaThread "C2 CompilerThread1"         daemon [_thread_in_native, id=1152, stack(0x0000001547600000,0x0000001547700000) (1024K)]
  0x0000019e49a7b550 JavaThread "Catalina-utility-1"                [_thread_blocked, id=4036, stack(0x0000001547a00000,0x0000001547b00000) (1024K)]
  0x0000019e49d77ae0 JavaThread "Catalina-utility-2"                [_thread_blocked, id=12120, stack(0x0000001547b00000,0x0000001547c00000) (1024K)]
  0x0000019e4ae64fe0 JavaThread "container-0"                       [_thread_blocked, id=5388, stack(0x0000001547c00000,0x0000001547d00000) (1024K)]
  0x0000019e4923dc00 JavaThread "mysql-cj-abandoned-connection-cleanup" daemon [_thread_blocked, id=2732, stack(0x0000001547d00000,0x0000001547e00000) (1024K)]
  0x0000019e4ac4bf60 JavaThread "HikariPool-1 housekeeper"   daemon [_thread_blocked, id=8684, stack(0x0000001547f00000,0x0000001548000000) (1024K)]
  0x0000019e4748fcc0 JavaThread "quartzScheduler_Worker-1"          [_thread_blocked, id=9716, stack(0x0000001548000000,0x0000001548100000) (1024K)]
  0x0000019e4a8cca90 JavaThread "quartzScheduler_Worker-2"          [_thread_blocked, id=4100, stack(0x0000001548100000,0x0000001548200000) (1024K)]
  0x0000019e4a8ce4d0 JavaThread "quartzScheduler_Worker-3"          [_thread_blocked, id=6372, stack(0x0000001548200000,0x0000001548300000) (1024K)]
  0x0000019e4a8cc400 JavaThread "quartzScheduler_Worker-4"          [_thread_blocked, id=4176, stack(0x0000001548300000,0x0000001548400000) (1024K)]
  0x0000019e4a8cd120 JavaThread "quartzScheduler_Worker-5"          [_thread_blocked, id=6316, stack(0x0000001548400000,0x0000001548500000) (1024K)]
  0x0000019e4a8cf880 JavaThread "quartzScheduler_Worker-6"          [_thread_blocked, id=9292, stack(0x0000001548500000,0x0000001548600000) (1024K)]
  0x0000019e4a8cd7b0 JavaThread "quartzScheduler_Worker-7"          [_thread_blocked, id=12620, stack(0x0000001548600000,0x0000001548700000) (1024K)]
  0x0000019e4a8cbd70 JavaThread "quartzScheduler_Worker-8"          [_thread_blocked, id=4680, stack(0x0000001548700000,0x0000001548800000) (1024K)]
  0x0000019e4a8d0c30 JavaThread "quartzScheduler_Worker-9"          [_thread_blocked, id=4556, stack(0x0000001548800000,0x0000001548900000) (1024K)]
  0x0000019e4a8d12c0 JavaThread "quartzScheduler_Worker-10"         [_thread_blocked, id=3972, stack(0x0000001548900000,0x0000001548a00000) (1024K)]
  0x0000019e4a8cde40 JavaThread "quartzScheduler_QuartzSchedulerThread"        [_thread_blocked, id=12752, stack(0x0000001548a00000,0x0000001548b00000) (1024K)]
Total: 28

Other Threads:
=>0x0000019e7f0c1c10 VMThread "VM Thread"                           [id=3724, stack(0x0000001546b00000,0x0000001546c00000) (1024K)]
  0x0000019e7f0ab110 WatcherThread "VM Periodic Task Thread"        [id=7340, stack(0x0000001546a00000,0x0000001546b00000) (1024K)]
  0x0000019e69b2fdd0 WorkerThread "GC Thread#0"                     [id=2284, stack(0x0000001546500000,0x0000001546600000) (1024K)]
  0x0000019e7fa438e0 WorkerThread "GC Thread#1"                     [id=3452, stack(0x0000001547700000,0x0000001547800000) (1024K)]
  0x0000019e7fa43c80 WorkerThread "GC Thread#2"                     [id=7604, stack(0x0000001547800000,0x0000001547900000) (1024K)]
  0x0000019e7fadbf90 WorkerThread "GC Thread#3"                     [id=13104, stack(0x0000001547900000,0x0000001547a00000) (1024K)]
  0x0000019e69b41aa0 ConcurrentGCThread "G1 Main Marker"            [id=8116, stack(0x0000001546600000,0x0000001546700000) (1024K)]
  0x0000019e69b424b0 WorkerThread "G1 Conc#0"                       [id=7544, stack(0x0000001546700000,0x0000001546800000) (1024K)]
  0x0000019e7ef6e130 ConcurrentGCThread "G1 Refine#0"               [id=8992, stack(0x0000001546800000,0x0000001546900000) (1024K)]
  0x0000019e7ef6eab0 ConcurrentGCThread "G1 Service"                [id=12436, stack(0x0000001546900000,0x0000001546a00000) (1024K)]
Total: 10

Threads with active compile tasks:
C2 CompilerThread0  22395 10075 % !   4       org.springframework.beans.factory.support.DefaultListableBeanFactory::doGetBeanNamesForType @ 20 (505 bytes)
C2 CompilerThread1  22395 9866       4       org.springframework.beans.factory.support.AbstractBeanFactory::isTypeMatch (619 bytes)
Total: 2

VM state: at safepoint (normal execution)

VM Mutex/Monitor currently owned by a thread:  ([mutex/lock_event])
[0x00007ffe104c5458] Threads_lock - owner thread: 0x0000019e7f0c1c10
[0x00007ffe104c5558] Heap_lock - owner thread: 0x0000019e6781fbc0

Heap address: 0x0000000081c00000, size: 2020 MB, Compressed Oops mode: 32-bit

CDS archive(s) mapped at: [0x0000019e02000000-0x0000019e02c80000-0x0000019e02c80000), size 13107200, SharedBaseAddress: 0x0000019e02000000, ArchiveRelocationMode: 1.
Compressed class space mapped at: 0x0000019e03000000-0x0000019e43000000, reserved size: 1073741824
Narrow klass base: 0x0000019e02000000, Narrow klass shift: 0, Narrow klass range: 0x100000000

GC Precious Log:
 CardTable entry size: 512
 Card Set container configuration: InlinePtr #cards 5 size 8 Array Of Cards #cards 12 size 40 Howl #buckets 4 coarsen threshold 1843 Howl Bitmap #cards 512 size 80 coarsen threshold 460 Card regions per heap region 1 cards per card region 2048
 CPUs: 4 total, 4 available
 Memory: 8072M
 Large Page Support: Disabled
 NUMA Support: Disabled
 Compressed Oops: Enabled (32-bit)
 Heap Region Size: 1M
 Heap Min Capacity: 8M
 Heap Initial Capacity: 128M
 Heap Max Capacity: 2020M
 Pre-touch: Disabled
 Parallel Workers: 4
 Concurrent Workers: 1
 Concurrent Refinement Workers: 4
 Periodic GC: Disabled

Heap:
 garbage-first heap   total 191488K, used 116334K [0x0000000081c00000, 0x0000000100000000)
  region size 1024K, 9 young (9216K), 9 survivors (9216K)
 Metaspace       used 83205K, committed 83968K, reserved 1179648K
  class space    used 11305K, committed 11648K, reserved 1048576K

Heap Regions: E=young(eden), S=young(survivor), O=old, HS=humongous(starts), HC=humongous(continues), CS=collection set, F=free, TAMS=top-at-mark-start, PB=parsable bottom
|   0|0x0000000081c00000, 0x0000000081d00000, 0x0000000081d00000|100%|HS|  |TAMS 0x0000000081d00000| PB 0x0000000081c00000| Complete 
|   1|0x0000000081d00000, 0x0000000081e00000, 0x0000000081e00000|100%| O|  |TAMS 0x0000000081e00000| PB 0x0000000081d00000| Untracked 
|   2|0x0000000081e00000, 0x0000000081f00000, 0x0000000081f00000|100%| O|  |TAMS 0x0000000081f00000| PB 0x0000000081e00000| Untracked 
|   3|0x0000000081f00000, 0x0000000082000000, 0x0000000082000000|100%| O|  |TAMS 0x0000000082000000| PB 0x0000000081f00000| Untracked 
|   4|0x0000000082000000, 0x0000000082100000, 0x0000000082100000|100%| O|  |TAMS 0x0000000082100000| PB 0x0000000082000000| Untracked 
|   5|0x0000000082100000, 0x0000000082200000, 0x0000000082200000|100%| O|  |TAMS 0x0000000082200000| PB 0x0000000082100000| Untracked 
|   6|0x0000000082200000, 0x0000000082300000, 0x0000000082300000|100%| O|  |TAMS 0x0000000082300000| PB 0x0000000082200000| Untracked 
|   7|0x0000000082300000, 0x0000000082400000, 0x0000000082400000|100%| O|  |TAMS 0x0000000082400000| PB 0x0000000082300000| Untracked 
|   8|0x0000000082400000, 0x0000000082500000, 0x0000000082500000|100%| O|  |TAMS 0x0000000082500000| PB 0x0000000082400000| Untracked 
|   9|0x0000000082500000, 0x0000000082600000, 0x0000000082600000|100%| O|  |TAMS 0x0000000082600000| PB 0x0000000082500000| Untracked 
|  10|0x0000000082600000, 0x0000000082700000, 0x0000000082700000|100%| O|  |TAMS 0x0000000082700000| PB 0x0000000082600000| Untracked 
|  11|0x0000000082700000, 0x0000000082800000, 0x0000000082800000|100%| O|  |TAMS 0x0000000082800000| PB 0x0000000082700000| Untracked 
|  12|0x0000000082800000, 0x0000000082900000, 0x0000000082900000|100%| O|  |TAMS 0x0000000082900000| PB 0x0000000082800000| Untracked 
|  13|0x0000000082900000, 0x0000000082a00000, 0x0000000082a00000|100%| O|  |TAMS 0x0000000082a00000| PB 0x0000000082900000| Untracked 
|  14|0x0000000082a00000, 0x0000000082b00000, 0x0000000082b00000|100%| O|  |TAMS 0x0000000082b00000| PB 0x0000000082a00000| Untracked 
|  15|0x0000000082b00000, 0x0000000082c00000, 0x0000000082c00000|100%| O|  |TAMS 0x0000000082c00000| PB 0x0000000082b00000| Untracked 
|  16|0x0000000082c00000, 0x0000000082d00000, 0x0000000082d00000|100%| O|  |TAMS 0x0000000082d00000| PB 0x0000000082c00000| Untracked 
|  17|0x0000000082d00000, 0x0000000082e00000, 0x0000000082e00000|100%| O|  |TAMS 0x0000000082e00000| PB 0x0000000082d00000| Untracked 
|  18|0x0000000082e00000, 0x0000000082f00000, 0x0000000082f00000|100%| O|  |TAMS 0x0000000082f00000| PB 0x0000000082e00000| Untracked 
|  19|0x0000000082f00000, 0x0000000083000000, 0x0000000083000000|100%| O|  |TAMS 0x0000000083000000| PB 0x0000000082f00000| Untracked 
|  20|0x0000000083000000, 0x0000000083100000, 0x0000000083100000|100%| O|  |TAMS 0x0000000083100000| PB 0x0000000083000000| Untracked 
|  21|0x0000000083100000, 0x0000000083200000, 0x0000000083200000|100%| O|  |TAMS 0x0000000083200000| PB 0x0000000083100000| Untracked 
|  22|0x0000000083200000, 0x0000000083300000, 0x0000000083300000|100%| O|  |TAMS 0x0000000083300000| PB 0x0000000083200000| Untracked 
|  23|0x0000000083300000, 0x0000000083400000, 0x0000000083400000|100%| O|  |TAMS 0x0000000083400000| PB 0x0000000083300000| Untracked 
|  24|0x0000000083400000, 0x0000000083500000, 0x0000000083500000|100%| O|  |TAMS 0x0000000083500000| PB 0x0000000083400000| Untracked 
|  25|0x0000000083500000, 0x0000000083600000, 0x0000000083600000|100%| O|  |TAMS 0x0000000083600000| PB 0x0000000083500000| Untracked 
|  26|0x0000000083600000, 0x0000000083700000, 0x0000000083700000|100%| O|  |TAMS 0x0000000083700000| PB 0x0000000083600000| Untracked 
|  27|0x0000000083700000, 0x0000000083800000, 0x0000000083800000|100%| O|  |TAMS 0x0000000083800000| PB 0x0000000083700000| Untracked 
|  28|0x0000000083800000, 0x0000000083900000, 0x0000000083900000|100%| O|  |TAMS 0x0000000083900000| PB 0x0000000083800000| Untracked 
|  29|0x0000000083900000, 0x0000000083a00000, 0x0000000083a00000|100%| O|  |TAMS 0x0000000083a00000| PB 0x0000000083900000| Untracked 
|  30|0x0000000083a00000, 0x0000000083b00000, 0x0000000083b00000|100%| O|  |TAMS 0x0000000083b00000| PB 0x0000000083a00000| Untracked 
|  31|0x0000000083b00000, 0x0000000083c00000, 0x0000000083c00000|100%| O|  |TAMS 0x0000000083c00000| PB 0x0000000083b00000| Untracked 
|  32|0x0000000083c00000, 0x0000000083d00000, 0x0000000083d00000|100%| O|  |TAMS 0x0000000083d00000| PB 0x0000000083c00000| Untracked 
|  33|0x0000000083d00000, 0x0000000083e00000, 0x0000000083e00000|100%| O|  |TAMS 0x0000000083e00000| PB 0x0000000083d00000| Untracked 
|  34|0x0000000083e00000, 0x0000000083f00000, 0x0000000083f00000|100%| O|  |TAMS 0x0000000083f00000| PB 0x0000000083e00000| Untracked 
|  35|0x0000000083f00000, 0x0000000084000000, 0x0000000084000000|100%| O|  |TAMS 0x0000000084000000| PB 0x0000000083f00000| Untracked 
|  36|0x0000000084000000, 0x0000000084100000, 0x0000000084100000|100%| O|  |TAMS 0x0000000084100000| PB 0x0000000084000000| Untracked 
|  37|0x0000000084100000, 0x0000000084200000, 0x0000000084200000|100%| O|  |TAMS 0x0000000084200000| PB 0x0000000084100000| Untracked 
|  38|0x0000000084200000, 0x0000000084300000, 0x0000000084300000|100%| O|  |TAMS 0x0000000084300000| PB 0x0000000084200000| Untracked 
|  39|0x0000000084300000, 0x0000000084400000, 0x0000000084400000|100%| O|  |TAMS 0x0000000084400000| PB 0x0000000084300000| Untracked 
|  40|0x0000000084400000, 0x0000000084500000, 0x0000000084500000|100%| O|  |TAMS 0x0000000084500000| PB 0x0000000084400000| Untracked 
|  41|0x0000000084500000, 0x0000000084600000, 0x0000000084600000|100%| O|  |TAMS 0x0000000084600000| PB 0x0000000084500000| Untracked 
|  42|0x0000000084600000, 0x0000000084700000, 0x0000000084700000|100%| O|  |TAMS 0x0000000084700000| PB 0x0000000084600000| Untracked 
|  43|0x0000000084700000, 0x0000000084800000, 0x0000000084800000|100%| O|  |TAMS 0x0000000084800000| PB 0x0000000084700000| Untracked 
|  44|0x0000000084800000, 0x0000000084900000, 0x0000000084900000|100%| O|  |TAMS 0x0000000084900000| PB 0x0000000084800000| Untracked 
|  45|0x0000000084900000, 0x0000000084a00000, 0x0000000084a00000|100%| O|  |TAMS 0x0000000084a00000| PB 0x0000000084900000| Untracked 
|  46|0x0000000084a00000, 0x0000000084b00000, 0x0000000084b00000|100%| O|  |TAMS 0x0000000084b00000| PB 0x0000000084a00000| Untracked 
|  47|0x0000000084b00000, 0x0000000084c00000, 0x0000000084c00000|100%| O|  |TAMS 0x0000000084c00000| PB 0x0000000084b00000| Untracked 
|  48|0x0000000084c00000, 0x0000000084d00000, 0x0000000084d00000|100%| O|  |TAMS 0x0000000084d00000| PB 0x0000000084c00000| Untracked 
|  49|0x0000000084d00000, 0x0000000084e00000, 0x0000000084e00000|100%| O|  |TAMS 0x0000000084e00000| PB 0x0000000084d00000| Untracked 
|  50|0x0000000084e00000, 0x0000000084f00000, 0x0000000084f00000|100%| O|  |TAMS 0x0000000084f00000| PB 0x0000000084e00000| Untracked 
|  51|0x0000000084f00000, 0x0000000085000000, 0x0000000085000000|100%| O|  |TAMS 0x0000000085000000| PB 0x0000000084f00000| Untracked 
|  52|0x0000000085000000, 0x0000000085100000, 0x0000000085100000|100%| O|  |TAMS 0x0000000085100000| PB 0x0000000085000000| Untracked 
|  53|0x0000000085100000, 0x0000000085200000, 0x0000000085200000|100%| O|  |TAMS 0x0000000085200000| PB 0x0000000085100000| Untracked 
|  54|0x0000000085200000, 0x0000000085300000, 0x0000000085300000|100%| O|  |TAMS 0x0000000085300000| PB 0x0000000085200000| Untracked 
|  55|0x0000000085300000, 0x0000000085400000, 0x0000000085400000|100%| O|  |TAMS 0x0000000085400000| PB 0x0000000085300000| Untracked 
|  56|0x0000000085400000, 0x0000000085500000, 0x0000000085500000|100%| O|  |TAMS 0x0000000085500000| PB 0x0000000085400000| Untracked 
|  57|0x0000000085500000, 0x0000000085600000, 0x0000000085600000|100%| O|  |TAMS 0x0000000085600000| PB 0x0000000085500000| Untracked 
|  58|0x0000000085600000, 0x0000000085700000, 0x0000000085700000|100%| O|  |TAMS 0x0000000085700000| PB 0x0000000085600000| Untracked 
|  59|0x0000000085700000, 0x0000000085800000, 0x0000000085800000|100%| O|  |TAMS 0x0000000085800000| PB 0x0000000085700000| Untracked 
|  60|0x0000000085800000, 0x0000000085900000, 0x0000000085900000|100%| O|  |TAMS 0x0000000085900000| PB 0x0000000085800000| Untracked 
|  61|0x0000000085900000, 0x0000000085a00000, 0x0000000085a00000|100%| O|  |TAMS 0x0000000085a00000| PB 0x0000000085900000| Untracked 
|  62|0x0000000085a00000, 0x0000000085b00000, 0x0000000085b00000|100%| O|  |TAMS 0x0000000085b00000| PB 0x0000000085a00000| Untracked 
|  63|0x0000000085b00000, 0x0000000085c00000, 0x0000000085c00000|100%| O|  |TAMS 0x0000000085c00000| PB 0x0000000085b00000| Untracked 
|  64|0x0000000085c00000, 0x0000000085d00000, 0x0000000085d00000|100%| O|  |TAMS 0x0000000085d00000| PB 0x0000000085c00000| Untracked 
|  65|0x0000000085d00000, 0x0000000085e00000, 0x0000000085e00000|100%| O|  |TAMS 0x0000000085e00000| PB 0x0000000085d00000| Untracked 
|  66|0x0000000085e00000, 0x0000000085f00000, 0x0000000085f00000|100%| O|  |TAMS 0x0000000085f00000| PB 0x0000000085e00000| Untracked 
|  67|0x0000000085f00000, 0x0000000086000000, 0x0000000086000000|100%| O|  |TAMS 0x0000000086000000| PB 0x0000000085f00000| Untracked 
|  68|0x0000000086000000, 0x0000000086100000, 0x0000000086100000|100%| O|  |TAMS 0x0000000086100000| PB 0x0000000086000000| Untracked 
|  69|0x0000000086100000, 0x0000000086200000, 0x0000000086200000|100%| O|  |TAMS 0x0000000086200000| PB 0x0000000086100000| Untracked 
|  70|0x0000000086200000, 0x0000000086300000, 0x0000000086300000|100%| O|  |TAMS 0x0000000086300000| PB 0x0000000086200000| Untracked 
|  71|0x0000000086300000, 0x0000000086400000, 0x0000000086400000|100%| O|  |TAMS 0x0000000086400000| PB 0x0000000086300000| Untracked 
|  72|0x0000000086400000, 0x0000000086500000, 0x0000000086500000|100%| O|  |TAMS 0x0000000086500000| PB 0x0000000086400000| Untracked 
|  73|0x0000000086500000, 0x0000000086600000, 0x0000000086600000|100%| O|  |TAMS 0x0000000086600000| PB 0x0000000086500000| Untracked 
|  74|0x0000000086600000, 0x0000000086700000, 0x0000000086700000|100%| O|  |TAMS 0x0000000086700000| PB 0x0000000086600000| Untracked 
|  75|0x0000000086700000, 0x0000000086800000, 0x0000000086800000|100%| O|  |TAMS 0x0000000086800000| PB 0x0000000086700000| Untracked 
|  76|0x0000000086800000, 0x0000000086900000, 0x0000000086900000|100%| O|  |TAMS 0x0000000086900000| PB 0x0000000086800000| Untracked 
|  77|0x0000000086900000, 0x0000000086a00000, 0x0000000086a00000|100%| O|  |TAMS 0x0000000086a00000| PB 0x0000000086900000| Untracked 
|  78|0x0000000086a00000, 0x0000000086b00000, 0x0000000086b00000|100%| O|  |TAMS 0x0000000086b00000| PB 0x0000000086a00000| Untracked 
|  79|0x0000000086b00000, 0x0000000086c00000, 0x0000000086c00000|100%| O|  |TAMS 0x0000000086c00000| PB 0x0000000086b00000| Untracked 
|  80|0x0000000086c00000, 0x0000000086d00000, 0x0000000086d00000|100%| O|  |TAMS 0x0000000086d00000| PB 0x0000000086c00000| Untracked 
|  81|0x0000000086d00000, 0x0000000086e00000, 0x0000000086e00000|100%| O|  |TAMS 0x0000000086e00000| PB 0x0000000086d00000| Untracked 
|  82|0x0000000086e00000, 0x0000000086f00000, 0x0000000086f00000|100%| O|  |TAMS 0x0000000086f00000| PB 0x0000000086e00000| Untracked 
|  83|0x0000000086f00000, 0x0000000087000000, 0x0000000087000000|100%| O|  |TAMS 0x0000000087000000| PB 0x0000000086f00000| Untracked 
|  84|0x0000000087000000, 0x0000000087100000, 0x0000000087100000|100%| O|  |TAMS 0x0000000087000000| PB 0x0000000087000000| Untracked 
|  85|0x0000000087100000, 0x0000000087200000, 0x0000000087200000|100%| O|  |TAMS 0x0000000087200000| PB 0x0000000087100000| Untracked 
|  86|0x0000000087200000, 0x0000000087300000, 0x0000000087300000|100%| O|  |TAMS 0x0000000087300000| PB 0x0000000087200000| Untracked 
|  87|0x0000000087300000, 0x0000000087400000, 0x0000000087400000|100%| O|  |TAMS 0x0000000087400000| PB 0x0000000087300000| Untracked 
|  88|0x0000000087400000, 0x0000000087500000, 0x0000000087500000|100%| O|  |TAMS 0x0000000087500000| PB 0x0000000087400000| Untracked 
|  89|0x0000000087500000, 0x0000000087600000, 0x0000000087600000|100%| O|  |TAMS 0x0000000087600000| PB 0x0000000087500000| Untracked 
|  90|0x0000000087600000, 0x0000000087700000, 0x0000000087700000|100%| O|  |TAMS 0x0000000087600000| PB 0x0000000087600000| Untracked 
|  91|0x0000000087700000, 0x0000000087800000, 0x0000000087800000|100%| O|  |TAMS 0x0000000087800000| PB 0x0000000087700000| Untracked 
|  92|0x0000000087800000, 0x0000000087900000, 0x0000000087900000|100%| O|  |TAMS 0x0000000087900000| PB 0x0000000087800000| Untracked 
|  93|0x0000000087900000, 0x0000000087a00000, 0x0000000087a00000|100%| O|  |TAMS 0x0000000087a00000| PB 0x0000000087900000| Untracked 
|  94|0x0000000087a00000, 0x0000000087b00000, 0x0000000087b00000|100%| O|  |TAMS 0x0000000087b00000| PB 0x0000000087a00000| Untracked 
|  95|0x0000000087b00000, 0x0000000087c00000, 0x0000000087c00000|100%| O|  |TAMS 0x0000000087c00000| PB 0x0000000087b00000| Untracked 
|  96|0x0000000087c00000, 0x0000000087d00000, 0x0000000087d00000|100%| O|  |TAMS 0x0000000087d00000| PB 0x0000000087c00000| Untracked 
|  97|0x0000000087d00000, 0x0000000087e00000, 0x0000000087e00000|100%| O|  |TAMS 0x0000000087e00000| PB 0x0000000087d00000| Untracked 
|  98|0x0000000087e00000, 0x0000000087f00000, 0x0000000087f00000|100%| O|  |TAMS 0x0000000087f00000| PB 0x0000000087e00000| Untracked 
|  99|0x0000000087f00000, 0x0000000088000000, 0x0000000088000000|100%| O|  |TAMS 0x0000000088000000| PB 0x0000000087f00000| Untracked 
| 100|0x0000000088000000, 0x0000000088100000, 0x0000000088100000|100%| O|  |TAMS 0x0000000088000000| PB 0x0000000088000000| Untracked 
| 101|0x0000000088100000, 0x00000000881ca058, 0x0000000088200000| 78%| O|  |TAMS 0x0000000088100000| PB 0x0000000088100000| Untracked 
| 102|0x0000000088200000, 0x0000000088200000, 0x0000000088300000|  0%| F|  |TAMS 0x0000000088200000| PB 0x0000000088200000| Untracked 
| 103|0x0000000088300000, 0x0000000088300000, 0x0000000088400000|  0%| F|  |TAMS 0x0000000088300000| PB 0x0000000088300000| Untracked 
| 104|0x0000000088400000, 0x0000000088400000, 0x0000000088500000|  0%| F|  |TAMS 0x0000000088400000| PB 0x0000000088400000| Untracked 
| 105|0x0000000088500000, 0x0000000088500000, 0x0000000088600000|  0%| F|  |TAMS 0x0000000088500000| PB 0x0000000088500000| Untracked 
| 106|0x0000000088600000, 0x0000000088600000, 0x0000000088700000|  0%| F|  |TAMS 0x0000000088600000| PB 0x0000000088600000| Untracked 
| 107|0x0000000088700000, 0x00000000887d1ab0, 0x0000000088800000| 81%| S|CS|TAMS 0x0000000088700000| PB 0x0000000088700000| Complete 
| 108|0x0000000088800000, 0x0000000088900000, 0x0000000088900000|100%| S|CS|TAMS 0x0000000088800000| PB 0x0000000088800000| Complete 
| 109|0x0000000088900000, 0x0000000088900000, 0x0000000088a00000|  0%| F|  |TAMS 0x0000000088900000| PB 0x0000000088900000| Untracked 
| 110|0x0000000088a00000, 0x0000000088a00000, 0x0000000088b00000|  0%| F|  |TAMS 0x0000000088a00000| PB 0x0000000088a00000| Untracked 
| 111|0x0000000088b00000, 0x0000000088b00000, 0x0000000088c00000|  0%| F|  |TAMS 0x0000000088b00000| PB 0x0000000088b00000| Untracked 
| 112|0x0000000088c00000, 0x0000000088c00000, 0x0000000088d00000|  0%| F|  |TAMS 0x0000000088c00000| PB 0x0000000088c00000| Untracked 
| 113|0x0000000088d00000, 0x0000000088d00000, 0x0000000088e00000|  0%| F|  |TAMS 0x0000000088d00000| PB 0x0000000088d00000| Untracked 
| 114|0x0000000088e00000, 0x0000000088f00000, 0x0000000088f00000|100%| S|CS|TAMS 0x0000000088e00000| PB 0x0000000088e00000| Complete 
| 115|0x0000000088f00000, 0x0000000089000000, 0x0000000089000000|100%| S|CS|TAMS 0x0000000088f00000| PB 0x0000000088f00000| Complete 
| 116|0x0000000089000000, 0x0000000089100000, 0x0000000089100000|100%| S|CS|TAMS 0x0000000089000000| PB 0x0000000089000000| Complete 
| 117|0x0000000089100000, 0x0000000089200000, 0x0000000089200000|100%| S|CS|TAMS 0x0000000089100000| PB 0x0000000089100000| Complete 
| 118|0x0000000089200000, 0x0000000089300000, 0x0000000089300000|100%| S|CS|TAMS 0x0000000089200000| PB 0x0000000089200000| Complete 
| 119|0x0000000089300000, 0x0000000089300000, 0x0000000089400000|  0%| F|  |TAMS 0x0000000089300000| PB 0x0000000089300000| Untracked 
| 120|0x0000000089400000, 0x0000000089400000, 0x0000000089500000|  0%| F|  |TAMS 0x0000000089400000| PB 0x0000000089400000| Untracked 
| 121|0x0000000089500000, 0x0000000089500000, 0x0000000089600000|  0%| F|  |TAMS 0x0000000089500000| PB 0x0000000089500000| Untracked 
| 122|0x0000000089600000, 0x0000000089700000, 0x0000000089700000|100%| S|CS|TAMS 0x0000000089600000| PB 0x0000000089600000| Complete 
| 123|0x0000000089700000, 0x0000000089800000, 0x0000000089800000|100%| S|CS|TAMS 0x0000000089700000| PB 0x0000000089700000| Complete 
| 124|0x0000000089800000, 0x0000000089800000, 0x0000000089900000|  0%| F|  |TAMS 0x0000000089800000| PB 0x0000000089800000| Untracked 
| 125|0x0000000089900000, 0x0000000089900000, 0x0000000089a00000|  0%| F|  |TAMS 0x0000000089900000| PB 0x0000000089900000| Untracked 
| 126|0x0000000089a00000, 0x0000000089a00000, 0x0000000089b00000|  0%| F|  |TAMS 0x0000000089a00000| PB 0x0000000089a00000| Untracked 
| 127|0x0000000089b00000, 0x0000000089b00000, 0x0000000089c00000|  0%| F|  |TAMS 0x0000000089b00000| PB 0x0000000089b00000| Untracked 
| 128|0x0000000089c00000, 0x0000000089c00000, 0x0000000089d00000|  0%| F|  |TAMS 0x0000000089c00000| PB 0x0000000089c00000| Untracked 
| 129|0x0000000089d00000, 0x0000000089d00000, 0x0000000089e00000|  0%| F|  |TAMS 0x0000000089d00000| PB 0x0000000089d00000| Untracked 
| 130|0x0000000089e00000, 0x0000000089e00000, 0x0000000089f00000|  0%| F|  |TAMS 0x0000000089e00000| PB 0x0000000089e00000| Untracked 
| 131|0x0000000089f00000, 0x0000000089f00000, 0x000000008a000000|  0%| F|  |TAMS 0x0000000089f00000| PB 0x0000000089f00000| Untracked 
| 132|0x000000008a000000, 0x000000008a000000, 0x000000008a100000|  0%| F|  |TAMS 0x000000008a000000| PB 0x000000008a000000| Untracked 
| 133|0x000000008a100000, 0x000000008a100000, 0x000000008a200000|  0%| F|  |TAMS 0x000000008a100000| PB 0x000000008a100000| Untracked 
| 134|0x000000008a200000, 0x000000008a200000, 0x000000008a300000|  0%| F|  |TAMS 0x000000008a200000| PB 0x000000008a200000| Untracked 
| 135|0x000000008a300000, 0x000000008a300000, 0x000000008a400000|  0%| F|  |TAMS 0x000000008a300000| PB 0x000000008a300000| Untracked 
| 136|0x000000008a400000, 0x000000008a400000, 0x000000008a500000|  0%| F|  |TAMS 0x000000008a400000| PB 0x000000008a400000| Untracked 
| 137|0x000000008a500000, 0x000000008a500000, 0x000000008a600000|  0%| F|  |TAMS 0x000000008a500000| PB 0x000000008a500000| Untracked 
| 138|0x000000008a600000, 0x000000008a600000, 0x000000008a700000|  0%| F|  |TAMS 0x000000008a600000| PB 0x000000008a600000| Untracked 
| 139|0x000000008a700000, 0x000000008a700000, 0x000000008a800000|  0%| F|  |TAMS 0x000000008a700000| PB 0x000000008a700000| Untracked 
| 140|0x000000008a800000, 0x000000008a800000, 0x000000008a900000|  0%| F|  |TAMS 0x000000008a800000| PB 0x000000008a800000| Untracked 
| 141|0x000000008a900000, 0x000000008a900000, 0x000000008aa00000|  0%| F|  |TAMS 0x000000008a900000| PB 0x000000008a900000| Untracked 
| 142|0x000000008aa00000, 0x000000008aa00000, 0x000000008ab00000|  0%| F|  |TAMS 0x000000008aa00000| PB 0x000000008aa00000| Untracked 
| 143|0x000000008ab00000, 0x000000008ab00000, 0x000000008ac00000|  0%| F|  |TAMS 0x000000008ab00000| PB 0x000000008ab00000| Untracked 
| 144|0x000000008ac00000, 0x000000008ac00000, 0x000000008ad00000|  0%| F|  |TAMS 0x000000008ac00000| PB 0x000000008ac00000| Untracked 
| 145|0x000000008ad00000, 0x000000008ad00000, 0x000000008ae00000|  0%| F|  |TAMS 0x000000008ad00000| PB 0x000000008ad00000| Untracked 
| 146|0x000000008ae00000, 0x000000008ae00000, 0x000000008af00000|  0%| F|  |TAMS 0x000000008ae00000| PB 0x000000008ae00000| Untracked 
| 147|0x000000008af00000, 0x000000008af00000, 0x000000008b000000|  0%| F|  |TAMS 0x000000008af00000| PB 0x000000008af00000| Untracked 
| 148|0x000000008b000000, 0x000000008b000000, 0x000000008b100000|  0%| F|  |TAMS 0x000000008b000000| PB 0x000000008b000000| Untracked 
| 149|0x000000008b100000, 0x000000008b100000, 0x000000008b200000|  0%| F|  |TAMS 0x000000008b100000| PB 0x000000008b100000| Untracked 
| 150|0x000000008b200000, 0x000000008b200000, 0x000000008b300000|  0%| F|  |TAMS 0x000000008b200000| PB 0x000000008b200000| Untracked 
| 151|0x000000008b300000, 0x000000008b300000, 0x000000008b400000|  0%| F|  |TAMS 0x000000008b300000| PB 0x000000008b300000| Untracked 
| 152|0x000000008b400000, 0x000000008b400000, 0x000000008b500000|  0%| F|  |TAMS 0x000000008b400000| PB 0x000000008b400000| Untracked 
| 153|0x000000008b500000, 0x000000008b500000, 0x000000008b600000|  0%| F|  |TAMS 0x000000008b500000| PB 0x000000008b500000| Untracked 
| 154|0x000000008b600000, 0x000000008b600000, 0x000000008b700000|  0%| F|  |TAMS 0x000000008b600000| PB 0x000000008b600000| Untracked 
| 155|0x000000008b700000, 0x000000008b700000, 0x000000008b800000|  0%| F|  |TAMS 0x000000008b700000| PB 0x000000008b700000| Untracked 
| 156|0x000000008b800000, 0x000000008b800000, 0x000000008b900000|  0%| F|  |TAMS 0x000000008b800000| PB 0x000000008b800000| Untracked 
| 157|0x000000008b900000, 0x000000008b900000, 0x000000008ba00000|  0%| F|  |TAMS 0x000000008b900000| PB 0x000000008b900000| Untracked 
| 158|0x000000008ba00000, 0x000000008ba00000, 0x000000008bb00000|  0%| F|  |TAMS 0x000000008ba00000| PB 0x000000008ba00000| Untracked 
| 159|0x000000008bb00000, 0x000000008bb00000, 0x000000008bc00000|  0%| F|  |TAMS 0x000000008bb00000| PB 0x000000008bb00000| Untracked 
| 160|0x000000008bc00000, 0x000000008bc00000, 0x000000008bd00000|  0%| F|  |TAMS 0x000000008bc00000| PB 0x000000008bc00000| Untracked 
| 161|0x000000008bd00000, 0x000000008bd00000, 0x000000008be00000|  0%| F|  |TAMS 0x000000008bd00000| PB 0x000000008bd00000| Untracked 
| 162|0x000000008be00000, 0x000000008be00000, 0x000000008bf00000|  0%| F|  |TAMS 0x000000008be00000| PB 0x000000008be00000| Untracked 
| 163|0x000000008bf00000, 0x000000008bf00000, 0x000000008c000000|  0%| F|  |TAMS 0x000000008bf00000| PB 0x000000008bf00000| Untracked 
| 164|0x000000008c000000, 0x000000008c000000, 0x000000008c100000|  0%| F|  |TAMS 0x000000008c000000| PB 0x000000008c000000| Untracked 
| 165|0x000000008c100000, 0x000000008c100000, 0x000000008c200000|  0%| F|  |TAMS 0x000000008c100000| PB 0x000000008c100000| Untracked 
| 166|0x000000008c200000, 0x000000008c200000, 0x000000008c300000|  0%| F|  |TAMS 0x000000008c200000| PB 0x000000008c200000| Untracked 
| 167|0x000000008c300000, 0x000000008c300000, 0x000000008c400000|  0%| F|  |TAMS 0x000000008c300000| PB 0x000000008c300000| Untracked 
| 168|0x000000008c400000, 0x000000008c400000, 0x000000008c500000|  0%| F|  |TAMS 0x000000008c400000| PB 0x000000008c400000| Untracked 
| 169|0x000000008c500000, 0x000000008c500000, 0x000000008c600000|  0%| F|  |TAMS 0x000000008c500000| PB 0x000000008c500000| Untracked 
| 170|0x000000008c600000, 0x000000008c600000, 0x000000008c700000|  0%| F|  |TAMS 0x000000008c600000| PB 0x000000008c600000| Untracked 
| 171|0x000000008c700000, 0x000000008c700000, 0x000000008c800000|  0%| F|  |TAMS 0x000000008c700000| PB 0x000000008c700000| Untracked 
| 172|0x000000008c800000, 0x000000008c800000, 0x000000008c900000|  0%| F|  |TAMS 0x000000008c800000| PB 0x000000008c800000| Untracked 
| 173|0x000000008c900000, 0x000000008c900000, 0x000000008ca00000|  0%| F|  |TAMS 0x000000008c900000| PB 0x000000008c900000| Untracked 
| 174|0x000000008ca00000, 0x000000008ca00000, 0x000000008cb00000|  0%| F|  |TAMS 0x000000008ca00000| PB 0x000000008ca00000| Untracked 
| 175|0x000000008cb00000, 0x000000008cb00000, 0x000000008cc00000|  0%| F|  |TAMS 0x000000008cb00000| PB 0x000000008cb00000| Untracked 
| 176|0x000000008cc00000, 0x000000008cc00000, 0x000000008cd00000|  0%| F|  |TAMS 0x000000008cc00000| PB 0x000000008cc00000| Untracked 
| 177|0x000000008cd00000, 0x000000008cd00000, 0x000000008ce00000|  0%| F|  |TAMS 0x000000008cd00000| PB 0x000000008cd00000| Untracked 
| 178|0x000000008ce00000, 0x000000008ce00000, 0x000000008cf00000|  0%| F|  |TAMS 0x000000008ce00000| PB 0x000000008ce00000| Untracked 
| 179|0x000000008cf00000, 0x000000008cf00000, 0x000000008d000000|  0%| F|  |TAMS 0x000000008cf00000| PB 0x000000008cf00000| Untracked 
| 180|0x000000008d000000, 0x000000008d000000, 0x000000008d100000|  0%| F|  |TAMS 0x000000008d000000| PB 0x000000008d000000| Untracked 
| 181|0x000000008d100000, 0x000000008d100000, 0x000000008d200000|  0%| F|  |TAMS 0x000000008d100000| PB 0x000000008d100000| Untracked 
| 182|0x000000008d200000, 0x000000008d200000, 0x000000008d300000|  0%| F|  |TAMS 0x000000008d200000| PB 0x000000008d200000| Untracked 
|2016|0x00000000ffc00000, 0x00000000ffc00000, 0x00000000ffd00000|  0%| F|  |TAMS 0x00000000ffc00000| PB 0x00000000ffc00000| Untracked 
|2017|0x00000000ffd00000, 0x00000000ffe00000, 0x00000000ffe00000|100%| O|  |TAMS 0x00000000ffe00000| PB 0x00000000ffd00000| Untracked 
|2018|0x00000000ffe00000, 0x00000000fff00000, 0x00000000fff00000|100%| O|  |TAMS 0x00000000fff00000| PB 0x00000000ffe00000| Untracked 
|2019|0x00000000fff00000, 0x0000000100000000, 0x0000000100000000|100%| O|  |TAMS 0x0000000100000000| PB 0x00000000fff00000| Untracked 

Card table byte_map: [0x0000019e7c880000,0x0000019e7cc80000] _byte_map_base: 0x0000019e7c472000

Marking Bits: (CMBitMap*) 0x0000019e69b30bf0
 Bits: [0x0000019e7cc80000, 0x0000019e7ec10000)

Polling page: 0x0000019e67ad0000

Metaspace:

Usage:
  Non-class:     70.22 MB used.
      Class:     11.04 MB used.
       Both:     81.26 MB used.

Virtual space:
  Non-class space:      128.00 MB reserved,      70.62 MB ( 55%) committed,  2 nodes.
      Class space:        1.00 GB reserved,      11.38 MB (  1%) committed,  1 nodes.
             Both:        1.12 GB reserved,      82.00 MB (  7%) committed. 

Chunk freelists:
   Non-Class:  9.06 MB
       Class:  4.57 MB
        Both:  13.63 MB

MaxMetaspaceSize: unlimited
CompressedClassSpaceSize: 1.00 GB
Initial GC threshold: 21.00 MB
Current GC threshold: 124.19 MB
CDS: on
 - commit_granule_bytes: 65536.
 - commit_granule_words: 8192.
 - virtual_space_node_default_size: 8388608.
 - enlarge_chunks_in_place: 1.
 - use_allocation_guard: 0.


Internal statistics:

num_allocs_failed_limit: 21.
num_arena_births: 1208.
num_arena_deaths: 0.
num_vsnodes_births: 3.
num_vsnodes_deaths: 0.
num_space_committed: 1312.
num_space_uncommitted: 0.
num_chunks_returned_to_freelist: 21.
num_chunks_taken_from_freelist: 4137.
num_chunk_merges: 21.
num_chunk_splits: 3021.
num_chunks_enlarged: 2368.
num_inconsistent_stats: 0.

CodeHeap 'non-profiled nmethods': size=120000Kb used=5718Kb max_used=5718Kb free=114281Kb
 bounds [0x0000019e74f50000, 0x0000019e754f0000, 0x0000019e7c480000]
CodeHeap 'profiled nmethods': size=120000Kb used=16236Kb max_used=16236Kb free=103763Kb
 bounds [0x0000019e6d480000, 0x0000019e6e460000, 0x0000019e749b0000]
CodeHeap 'non-nmethods': size=5760Kb used=1713Kb max_used=1790Kb free=4046Kb
 bounds [0x0000019e749b0000, 0x0000019e74c20000, 0x0000019e74f50000]
CodeCache: size=245760Kb, used=23667Kb, max_used=23744Kb, free=222090Kb
 total_blobs=9513, nmethods=8775, adapters=641, full_count=0
Compilation: enabled, stopped_count=0, restarted_count=0

Compilation events (20 events):
Event: 22.193 Thread 0x0000019e7f0ec080 10107       2       org.springframework.context.annotation.ContextAnnotationAutowireCandidateResolver::getLazyResolutionProxyIfNecessary (19 bytes)
Event: 22.193 Thread 0x0000019e7f0ec080 nmethod 10107 0x0000019e6e44eb10 code [0x0000019e6e44ecc0, 0x0000019e6e44ee70]
Event: 22.193 Thread 0x0000019e7f0ec080 10109   !   2       org.springframework.beans.factory.support.DefaultListableBeanFactory::doResolveDependency (563 bytes)
Event: 22.204 Thread 0x0000019e7f0ec080 nmethod 10109 0x0000019e6e44ef90 code [0x0000019e6e44f8a0, 0x0000019e6e4522d8]
Event: 22.204 Thread 0x0000019e7f0ec080 10110       3       org.springframework.core.SerializableTypeWrapper$TypeProxyInvocationHandler::invoke (364 bytes)
Event: 22.209 Thread 0x0000019e7f0ec080 nmethod 10110 0x0000019e6e454f90 code [0x0000019e6e455520, 0x0000019e6e457fc8]
Event: 22.225 Thread 0x0000019e7f0ec080 10111       2       java.nio.CharBuffer::position (6 bytes)
Event: 22.226 Thread 0x0000019e7f0ec080 nmethod 10111 0x0000019e6e458d10 code [0x0000019e6e458ec0, 0x0000019e6e458ff0]
Event: 22.226 Thread 0x0000019e7f0ec080 10113       3       java.nio.charset.CoderResult::isError (14 bytes)
Event: 22.227 Thread 0x0000019e7f0ec080 nmethod 10113 0x0000019e6e459090 code [0x0000019e6e459220, 0x0000019e6e459380]
Event: 22.227 Thread 0x0000019e7f0ec080 10112       2       sun.net.www.ParseUtil::unescape (14 bytes)
Event: 22.227 Thread 0x0000019e7f0ec080 nmethod 10112 0x0000019e6e459410 code [0x0000019e6e4595c0, 0x0000019e6e4596e0]
Event: 22.237 Thread 0x0000019e7f0ec080 10114   !   3       org.springframework.util.ReflectionUtils::doWithLocalFields (63 bytes)
Event: 22.237 Thread 0x0000019e7f0ec080 nmethod 10114 0x0000019e6e459790 code [0x0000019e6e459980, 0x0000019e6e459dd8]
Event: 22.237 Thread 0x0000019e7f0ec080 10115       2       org.springframework.core.OrderComparator::getOrder (111 bytes)
Event: 22.238 Thread 0x0000019e7f0ec080 nmethod 10115 0x0000019e6e45a090 code [0x0000019e6e45a2a0, 0x0000019e6e45a628]
Event: 22.252 Thread 0x0000019e7f0ec080 10116       2       java.nio.HeapCharBuffer::<init> (21 bytes)
Event: 22.252 Thread 0x0000019e7f0ec080 nmethod 10116 0x0000019e6e45a890 code [0x0000019e6e45aa40, 0x0000019e6e45ac40]
Event: 22.253 Thread 0x0000019e7f0ec080 10117       2       java.io.ByteArrayInputStream::<init> (26 bytes)
Event: 22.253 Thread 0x0000019e7f0ec080 nmethod 10117 0x0000019e6e45ad10 code [0x0000019e6e45aea0, 0x0000019e6e45b010]

GC Heap History (20 events):
Event: 9.943 GC heap after
{Heap after GC invocations=16 (full 0):
 garbage-first heap   total 187392K, used 58027K [0x0000000081c00000, 0x0000000100000000)
  region size 1024K, 6 young (6144K), 6 survivors (6144K)
 Metaspace       used 35632K, committed 36096K, reserved 1114112K
  class space    used 4525K, committed 4736K, reserved 1048576K
}
Event: 12.989 GC heap before
{Heap before GC invocations=17 (full 0):
 garbage-first heap   total 187392K, used 158379K [0x0000000081c00000, 0x0000000100000000)
  region size 1024K, 104 young (106496K), 6 survivors (6144K)
 Metaspace       used 51672K, committed 52224K, reserved 1114112K
  class space    used 6701K, committed 6976K, reserved 1048576K
}
Event: 13.007 GC heap after
{Heap after GC invocations=18 (full 0):
 garbage-first heap   total 187392K, used 63442K [0x0000000081c00000, 0x0000000100000000)
  region size 1024K, 11 young (11264K), 11 survivors (11264K)
 Metaspace       used 51672K, committed 52224K, reserved 1114112K
  class space    used 6701K, committed 6976K, reserved 1048576K
}
Event: 14.340 GC heap before
{Heap before GC invocations=18 (full 0):
 garbage-first heap   total 187392K, used 98258K [0x0000000081c00000, 0x0000000100000000)
  region size 1024K, 46 young (47104K), 11 survivors (11264K)
 Metaspace       used 59762K, committed 60288K, reserved 1114112K
  class space    used 7801K, committed 8064K, reserved 1048576K
}
Event: 14.357 GC heap after
{Heap after GC invocations=19 (full 0):
 garbage-first heap   total 187392K, used 65207K [0x0000000081c00000, 0x0000000100000000)
  region size 1024K, 10 young (10240K), 10 survivors (10240K)
 Metaspace       used 59762K, committed 60288K, reserved 1114112K
  class space    used 7801K, committed 8064K, reserved 1048576K
}
Event: 14.369 GC heap before
{Heap before GC invocations=19 (full 0):
 garbage-first heap   total 187392K, used 65207K [0x0000000081c00000, 0x0000000100000000)
  region size 1024K, 11 young (11264K), 10 survivors (10240K)
 Metaspace       used 60061K, committed 60608K, reserved 1114112K
  class space    used 7845K, committed 8128K, reserved 1048576K
}
Event: 14.381 GC heap after
{Heap after GC invocations=20 (full 0):
 garbage-first heap   total 187392K, used 65591K [0x0000000081c00000, 0x0000000100000000)
  region size 1024K, 4 young (4096K), 4 survivors (4096K)
 Metaspace       used 60061K, committed 60608K, reserved 1114112K
  class space    used 7845K, committed 8128K, reserved 1048576K
}
Event: 16.505 GC heap before
{Heap before GC invocations=21 (full 0):
 garbage-first heap   total 187392K, used 169015K [0x0000000081c00000, 0x0000000100000000)
  region size 1024K, 105 young (107520K), 4 survivors (4096K)
 Metaspace       used 68923K, committed 69568K, reserved 1114112K
  class space    used 9166K, committed 9472K, reserved 1048576K
}
Event: 16.514 GC heap after
{Heap after GC invocations=22 (full 0):
 garbage-first heap   total 187392K, used 68618K [0x0000000081c00000, 0x0000000100000000)
  region size 1024K, 7 young (7168K), 7 survivors (7168K)
 Metaspace       used 68923K, committed 69568K, reserved 1114112K
  class space    used 9166K, committed 9472K, reserved 1048576K
}
Event: 17.566 GC heap before
{Heap before GC invocations=22 (full 0):
 garbage-first heap   total 187392K, used 168970K [0x0000000081c00000, 0x0000000100000000)
  region size 1024K, 105 young (107520K), 7 survivors (7168K)
 Metaspace       used 72783K, committed 73408K, reserved 1114112K
  class space    used 9906K, committed 10176K, reserved 1048576K
}
Event: 17.596 GC heap after
{Heap after GC invocations=23 (full 0):
 garbage-first heap   total 191488K, used 81920K [0x0000000081c00000, 0x0000000100000000)
  region size 1024K, 14 young (14336K), 14 survivors (14336K)
 Metaspace       used 72783K, committed 73408K, reserved 1114112K
  class space    used 9906K, committed 10176K, reserved 1048576K
}
Event: 18.454 GC heap before
{Heap before GC invocations=23 (full 0):
 garbage-first heap   total 191488K, used 165888K [0x0000000081c00000, 0x0000000100000000)
  region size 1024K, 97 young (99328K), 14 survivors (14336K)
 Metaspace       used 75273K, committed 75904K, reserved 1179648K
  class space    used 10224K, committed 10496K, reserved 1048576K
}
Event: 18.484 GC heap after
{Heap after GC invocations=24 (full 0):
 garbage-first heap   total 191488K, used 91648K [0x0000000081c00000, 0x0000000100000000)
  region size 1024K, 9 young (9216K), 9 survivors (9216K)
 Metaspace       used 75273K, committed 75904K, reserved 1179648K
  class space    used 10224K, committed 10496K, reserved 1048576K
}
Event: 18.947 GC heap before
{Heap before GC invocations=24 (full 0):
 garbage-first heap   total 191488K, used 168448K [0x0000000081c00000, 0x0000000100000000)
  region size 1024K, 84 young (86016K), 9 survivors (9216K)
 Metaspace       used 75477K, committed 76096K, reserved 1179648K
  class space    used 10235K, committed 10496K, reserved 1048576K
}
Event: 18.971 GC heap after
{Heap after GC invocations=25 (full 0):
 garbage-first heap   total 191488K, used 102912K [0x0000000081c00000, 0x0000000100000000)
  region size 1024K, 11 young (11264K), 11 survivors (11264K)
 Metaspace       used 75477K, committed 76096K, reserved 1179648K
  class space    used 10235K, committed 10496K, reserved 1048576K
}
Event: 19.364 GC heap before
{Heap before GC invocations=26 (full 0):
 garbage-first heap   total 191488K, used 168448K [0x0000000081c00000, 0x0000000100000000)
  region size 1024K, 75 young (76800K), 11 survivors (11264K)
 Metaspace       used 75660K, committed 76288K, reserved 1179648K
  class space    used 10246K, committed 10496K, reserved 1048576K
}
Event: 19.381 GC heap after
{Heap after GC invocations=27 (full 0):
 garbage-first heap   total 191488K, used 108451K [0x0000000081c00000, 0x0000000100000000)
  region size 1024K, 5 young (5120K), 5 survivors (5120K)
 Metaspace       used 75660K, committed 76288K, reserved 1179648K
  class space    used 10246K, committed 10496K, reserved 1048576K
}
Event: 20.417 GC heap before
{Heap before GC invocations=27 (full 0):
 garbage-first heap   total 191488K, used 170915K [0x0000000081c00000, 0x0000000100000000)
  region size 1024K, 66 young (67584K), 5 survivors (5120K)
 Metaspace       used 78611K, committed 79296K, reserved 1179648K
  class space    used 10631K, committed 10944K, reserved 1048576K
}
Event: 20.433 GC heap after
{Heap after GC invocations=28 (full 0):
 garbage-first heap   total 191488K, used 111459K [0x0000000081c00000, 0x0000000100000000)
  region size 1024K, 8 young (8192K), 8 survivors (8192K)
 Metaspace       used 78611K, committed 79296K, reserved 1179648K
  class space    used 10631K, committed 10944K, reserved 1048576K
}
Event: 22.283 GC heap before
{Heap before GC invocations=28 (full 0):
 garbage-first heap   total 191488K, used 172899K [0x0000000081c00000, 0x0000000100000000)
  region size 1024K, 68 young (69632K), 8 survivors (8192K)
 Metaspace       used 83205K, committed 83968K, reserved 1179648K
  class space    used 11305K, committed 11648K, reserved 1048576K
}

Dll operation events (11 events):
Event: 0.010 Loaded shared library C:\Users\WIN 10\.p2\pool\plugins\org.eclipse.justj.openjdk.hotspot.jre.full.win32.x86_64_21.0.8.v20250724-1412\jre\bin\java.dll
Event: 0.059 Loaded shared library C:\Users\WIN 10\.p2\pool\plugins\org.eclipse.justj.openjdk.hotspot.jre.full.win32.x86_64_21.0.8.v20250724-1412\jre\bin\zip.dll
Event: 0.256 Loaded shared library C:\Users\WIN 10\.p2\pool\plugins\org.eclipse.justj.openjdk.hotspot.jre.full.win32.x86_64_21.0.8.v20250724-1412\jre\bin\net.dll
Event: 0.259 Loaded shared library C:\Users\WIN 10\.p2\pool\plugins\org.eclipse.justj.openjdk.hotspot.jre.full.win32.x86_64_21.0.8.v20250724-1412\jre\bin\nio.dll
Event: 0.263 Loaded shared library C:\Users\WIN 10\.p2\pool\plugins\org.eclipse.justj.openjdk.hotspot.jre.full.win32.x86_64_21.0.8.v20250724-1412\jre\bin\zip.dll
Event: 0.502 Loaded shared library C:\Users\WIN 10\.p2\pool\plugins\org.eclipse.justj.openjdk.hotspot.jre.full.win32.x86_64_21.0.8.v20250724-1412\jre\bin\jimage.dll
Event: 3.404 Loaded shared library C:\Users\WIN 10\.p2\pool\plugins\org.eclipse.justj.openjdk.hotspot.jre.full.win32.x86_64_21.0.8.v20250724-1412\jre\bin\sunmscapi.dll
Event: 10.152 Loaded shared library C:\Users\WIN 10\.p2\pool\plugins\org.eclipse.justj.openjdk.hotspot.jre.full.win32.x86_64_21.0.8.v20250724-1412\jre\bin\management.dll
Event: 10.156 Loaded shared library C:\Users\WIN 10\.p2\pool\plugins\org.eclipse.justj.openjdk.hotspot.jre.full.win32.x86_64_21.0.8.v20250724-1412\jre\bin\management_ext.dll
Event: 11.626 Loaded shared library C:\Users\WIN 10\.p2\pool\plugins\org.eclipse.justj.openjdk.hotspot.jre.full.win32.x86_64_21.0.8.v20250724-1412\jre\bin\verify.dll
Event: 12.138 Loaded shared library C:\Users\WIN 10\.p2\pool\plugins\org.eclipse.justj.openjdk.hotspot.jre.full.win32.x86_64_21.0.8.v20250724-1412\jre\bin\extnet.dll

Deoptimization events (20 events):
Event: 21.380 Thread 0x0000019e6781fbc0 Uncommon trap: trap_request=0xffffffde fr.pc=0x0000019e7546f7c8 relative=0x00000000000000a8
Event: 21.380 Thread 0x0000019e6781fbc0 Uncommon trap: reason=class_check action=maybe_recompile pc=0x0000019e7546f7c8 method=java.util.Collections$2.tryAdvance(Ljava/util/function/Consumer;)Z @ 29 c2
Event: 21.380 Thread 0x0000019e6781fbc0 DEOPT PACKING pc=0x0000019e7546f7c8 sp=0x00000015464fde00
Event: 21.380 Thread 0x0000019e6781fbc0 DEOPT UNPACKING pc=0x0000019e74a046a2 sp=0x00000015464fdd30 mode 2
Event: 21.380 Thread 0x0000019e6781fbc0 Uncommon trap: trap_request=0xffffff45 fr.pc=0x0000019e75314b5c relative=0x00000000000000bc
Event: 21.380 Thread 0x0000019e6781fbc0 Uncommon trap: reason=unstable_if action=reinterpret pc=0x0000019e75314b5c method=java.lang.Class.cast(Ljava/lang/Object;)Ljava/lang/Object; @ 9 c2
Event: 21.380 Thread 0x0000019e6781fbc0 DEOPT PACKING pc=0x0000019e75314b5c sp=0x00000015464fdee0
Event: 21.381 Thread 0x0000019e6781fbc0 DEOPT UNPACKING pc=0x0000019e74a046a2 sp=0x00000015464fde90 mode 2
Event: 21.444 Thread 0x0000019e6781fbc0 Uncommon trap: trap_request=0xffffff45 fr.pc=0x0000019e75185dd8 relative=0x0000000000000318
Event: 21.444 Thread 0x0000019e6781fbc0 Uncommon trap: reason=unstable_if action=reinterpret pc=0x0000019e75185dd8 method=java.util.stream.StreamOpFlag.fromCharacteristics(Ljava/util/Spliterator;)I @ 10 c2
Event: 21.444 Thread 0x0000019e6781fbc0 DEOPT PACKING pc=0x0000019e75185dd8 sp=0x00000015464fd490
Event: 21.444 Thread 0x0000019e6781fbc0 DEOPT UNPACKING pc=0x0000019e74a046a2 sp=0x00000015464fd3f0 mode 2
Event: 21.455 Thread 0x0000019e6781fbc0 Uncommon trap: trap_request=0xffffff45 fr.pc=0x0000019e752b61dc relative=0x000000000000131c
Event: 21.455 Thread 0x0000019e6781fbc0 Uncommon trap: reason=unstable_if action=reinterpret pc=0x0000019e752b61dc method=jdk.internal.org.objectweb.asm.Type.getArgumentsAndReturnSizes(Ljava/lang/String;)I @ 123 c2
Event: 21.455 Thread 0x0000019e6781fbc0 DEOPT PACKING pc=0x0000019e752b61dc sp=0x00000015464fca40
Event: 21.455 Thread 0x0000019e6781fbc0 DEOPT UNPACKING pc=0x0000019e74a046a2 sp=0x00000015464fc8d0 mode 2
Event: 21.526 Thread 0x0000019e6781fbc0 Uncommon trap: trap_request=0xffffff45 fr.pc=0x0000019e7532ce20 relative=0x0000000000000be0
Event: 21.526 Thread 0x0000019e6781fbc0 Uncommon trap: reason=unstable_if action=reinterpret pc=0x0000019e7532ce20 method=org.aspectj.weaver.TypeFactory.createTypeFromSignature(Ljava/lang/String;)Lorg/aspectj/weaver/UnresolvedType; @ 527 c2
Event: 21.526 Thread 0x0000019e6781fbc0 DEOPT PACKING pc=0x0000019e7532ce20 sp=0x00000015464fde60
Event: 21.526 Thread 0x0000019e6781fbc0 DEOPT UNPACKING pc=0x0000019e74a046a2 sp=0x00000015464fddd8 mode 2

Classes loaded (20 events):
Event: 21.689 Loading class java/rmi/RemoteException
Event: 21.689 Loading class java/rmi/RemoteException done
Event: 21.693 Loading class java/rmi/NotBoundException
Event: 21.693 Loading class java/rmi/NotBoundException done
Event: 21.873 Loading class java/util/Base64
Event: 21.874 Loading class java/util/Base64 done
Event: 21.874 Loading class java/util/Base64$Encoder
Event: 21.874 Loading class java/util/Base64$Encoder done
Event: 21.876 Loading class sun/security/provider/MD5
Event: 21.877 Loading class sun/security/provider/MD5 done
Event: 21.880 Loading class java/nio/StringCharBuffer
Event: 21.880 Loading class java/nio/StringCharBuffer done
Event: 21.884 Loading class javax/crypto/SecretKeyFactory
Event: 21.885 Loading class javax/crypto/SecretKeyFactory done
Event: 21.885 Loading class com/sun/crypto/provider/PBKDF2Core$HmacSHA256
Event: 21.885 Loading class com/sun/crypto/provider/PBKDF2Core
Event: 21.885 Loading class javax/crypto/SecretKeyFactorySpi
Event: 21.885 Loading class javax/crypto/SecretKeyFactorySpi done
Event: 21.885 Loading class com/sun/crypto/provider/PBKDF2Core done
Event: 21.886 Loading class com/sun/crypto/provider/PBKDF2Core$HmacSHA256 done

Classes unloaded (0 events):
No events

Classes redefined (0 events):
No events

Internal exceptions (20 events):
Event: 19.553 Thread 0x0000019e6781fbc0 Exception <a 'java/lang/NoSuchMethodError'{0x000000008bbc4da0}: 'java.lang.Object java.lang.invoke.DirectMethodHandle$Holder.invokeInterface(java.lang.Object, java.lang.Object, java.lang.Object, java.lang.Object)'> (0x000000008bbc4da0) 
thrown [s\src\hotspot\share\interpreter\linkResolver.cpp, line 773]
Event: 19.623 Thread 0x0000019e6781fbc0 Exception <a 'java/lang/NoSuchMethodError'{0x000000008b88c470}: 'java.lang.Object java.lang.invoke.DirectMethodHandle$Holder.newInvokeSpecial(java.lang.Object, java.lang.Object, java.lang.Object, java.lang.Object, java.lang.Object, java.lang.Object, java.lang.Object, java.lang.Object)'> (0x000000008b88c470) 
thrown [s\src\hotspot\share\interpreter\linkResolver.cpp, line 773]
Event: 19.842 Thread 0x0000019e6781fbc0 Exception <a 'java/lang/NoSuchMethodError'{0x000000008ad15830}: 'java.lang.Object java.lang.invoke.DirectMethodHandle$Holder.invokeVirtual(java.lang.Object, java.lang.Object, java.lang.Object, java.lang.Object, java.lang.Object, java.lang.Object, java.lang.Object)'> (0x000000008ad15830) 
thrown [s\src\hotspot\share\interpreter\linkResolver.cpp, line 773]
Event: 20.335 Thread 0x0000019e6781fbc0 Exception <a 'java/lang/IncompatibleClassChangeError'{0x00000000898a1740}: Found class java.lang.Object, but interface was expected> (0x00000000898a1740) 
thrown [s\src\hotspot\share\interpreter\linkResolver.cpp, line 840]
Event: 20.462 Thread 0x0000019e6781fbc0 Exception <a 'java/lang/NoSuchMethodError'{0x00000000ffc9d0f0}: 'void java.lang.invoke.DirectMethodHandle$Holder.invokeVirtual(java.lang.Object, java.lang.Object, long)'> (0x00000000ffc9d0f0) 
thrown [s\src\hotspot\share\interpreter\linkResolver.cpp, line 773]
Event: 20.554 Thread 0x0000019e6781fbc0 Exception <a 'java/lang/NoSuchMethodError'{0x000000008d167dc8}: 'java.lang.Object java.lang.invoke.DirectMethodHandle$Holder.invokeSpecial(java.lang.Object, java.lang.Object, int, int, int, int)'> (0x000000008d167dc8) 
thrown [s\src\hotspot\share\interpreter\linkResolver.cpp, line 773]
Event: 20.702 Thread 0x0000019e6781fbc0 Exception <a 'java/lang/NoSuchMethodError'{0x000000008cd65da8}: 'int java.lang.invoke.DirectMethodHandle$Holder.invokeStaticInit(java.lang.Object, java.lang.Object, java.lang.Object, java.lang.Object)'> (0x000000008cd65da8) 
thrown [s\src\hotspot\share\interpreter\linkResolver.cpp, line 773]
Event: 20.832 Thread 0x0000019e6781fbc0 Exception <a 'java/lang/NoSuchMethodError'{0x000000008ca93cb8}: 'java.lang.Object java.lang.invoke.DirectMethodHandle$Holder.invokeVirtual(java.lang.Object, java.lang.Object, java.lang.Object, java.lang.Object, java.lang.Object, java.lang.Object, java.lang.Object, java.lang.Object, java.lang.Object)'> (0x000000008ca93cb8) 
thrown [s\src\hotspot\share\interpreter\linkResolver.cpp, line 773]
Event: 20.941 Thread 0x0000019e6781fbc0 Exception <a 'java/lang/NoSuchMethodError'{0x000000008c61ff40}: 'java.lang.Object java.lang.invoke.DirectMethodHandle$Holder.invokeVirtual(java.lang.Object, java.lang.Object, java.lang.Object, java.lang.Object, java.lang.Object, java.lang.Object, java.lang.Object, java.lang.Object, java.lang.Object, java.lang.Object)'> (0x000000008c61ff40) 
thrown [s\src\hotspot\share\interpreter\linkResolver.cpp, line 773]
Event: 21.069 Thread 0x0000019e6781fbc0 Exception <a 'java/lang/IncompatibleClassChangeError'{0x000000008c1e2120}: Found class java.lang.Object, but interface was expected> (0x000000008c1e2120) 
thrown [s\src\hotspot\share\interpreter\linkResolver.cpp, line 840]
Event: 21.112 Thread 0x0000019e6781fbc0 Exception <a 'java/lang/NoSuchMethodError'{0x000000008bfd9ac0}: 'java.lang.Object java.lang.invoke.DirectMethodHandle$Holder.newInvokeSpecial(java.lang.Object, java.lang.Object, java.lang.Object, java.lang.Object, java.lang.Object, java.lang.Object, java.lang.Object, java.lang.Object, java.lang.Object)'> (0x000000008bfd9ac0) 
thrown [s\src\hotspot\share\interpreter\linkResolver.cpp, line 773]
Event: 21.454 Thread 0x0000019e6781fbc0 Exception <a 'java/lang/NoSuchMethodError'{0x000000008b2a76f8}: 'double java.lang.invoke.DirectMethodHandle$Holder.invokeStatic(java.lang.Object, java.lang.Object)'> (0x000000008b2a76f8) 
thrown [s\src\hotspot\share\interpreter\linkResolver.cpp, line 773]
Event: 21.460 Thread 0x0000019e6781fbc0 Exception <a 'java/lang/NoSuchMethodError'{0x000000008b2d7b90}: 'int java.lang.invoke.DirectMethodHandle$Holder.invokeStatic(java.lang.Object, java.lang.Object, java.lang.Object, java.lang.Object, java.lang.Object)'> (0x000000008b2d7b90) 
thrown [s\src\hotspot\share\interpreter\linkResolver.cpp, line 773]
Event: 21.559 Thread 0x0000019e6781fbc0 Exception <a 'java/lang/NoSuchMethodError'{0x000000008acf8d60}: 'java.lang.Object java.lang.invoke.DirectMethodHandle$Holder.invokeVirtual(java.lang.Object, java.lang.Object, java.lang.Object, java.lang.Object, java.lang.Object, java.lang.Object, java.lang.Object, java.lang.Object)'> (0x000000008acf8d60) 
thrown [s\src\hotspot\share\interpreter\linkResolver.cpp, line 773]
Event: 21.599 Thread 0x0000019e6781fbc0 Exception <a 'java/lang/ClassNotFoundException'{0x000000008ab9d050}: org/quartz/simpl/SimpleThreadPoolBeanInfo> (0x000000008ab9d050) 
thrown [s\src\hotspot\share\classfile\systemDictionary.cpp, line 312]
Event: 21.600 Thread 0x0000019e6781fbc0 Exception <a 'java/lang/ClassNotFoundException'{0x000000008ab9dd78}: java/lang/ObjectBeanInfo> (0x000000008ab9dd78) 
thrown [s\src\hotspot\share\classfile\systemDictionary.cpp, line 312]
Event: 21.600 Thread 0x0000019e6781fbc0 Exception <a 'java/lang/ClassNotFoundException'{0x000000008ab9f098}: java/lang/ObjectCustomizer> (0x000000008ab9f098) 
thrown [s\src\hotspot\share\classfile\systemDictionary.cpp, line 312]
Event: 21.618 Thread 0x0000019e6781fbc0 Exception <a 'java/lang/ClassNotFoundException'{0x000000008abadb80}: org/quartz/simpl/SimpleThreadPoolCustomizer> (0x000000008abadb80) 
thrown [s\src\hotspot\share\classfile\systemDictionary.cpp, line 312]
Event: 21.645 Thread 0x0000019e6781fbc0 Exception <a 'java/lang/ClassNotFoundException'{0x000000008aa09660}: org/quartz/simpl/RAMJobStoreBeanInfo> (0x000000008aa09660) 
thrown [s\src\hotspot\share\classfile\systemDictionary.cpp, line 312]
Event: 21.646 Thread 0x0000019e6781fbc0 Exception <a 'java/lang/ClassNotFoundException'{0x000000008aa0c5c8}: org/quartz/simpl/RAMJobStoreCustomizer> (0x000000008aa0c5c8) 
thrown [s\src\hotspot\share\classfile\systemDictionary.cpp, line 312]

ZGC Phase Switch (0 events):
No events

VM Operations (20 events):
Event: 19.933 Executing VM operation: HandshakeAllThreads (Deoptimize) done
Event: 20.007 Executing VM operation: HandshakeAllThreads (Deoptimize)
Event: 20.007 Executing VM operation: HandshakeAllThreads (Deoptimize) done
Event: 20.060 Executing VM operation: HandshakeAllThreads (Deoptimize)
Event: 20.060 Executing VM operation: HandshakeAllThreads (Deoptimize) done
Event: 20.062 Executing VM operation: HandshakeAllThreads (Deoptimize)
Event: 20.062 Executing VM operation: HandshakeAllThreads (Deoptimize) done
Event: 20.416 Executing VM operation: G1CollectForAllocation (G1 Evacuation Pause)
Event: 20.433 Executing VM operation: G1CollectForAllocation (G1 Evacuation Pause) done
Event: 20.595 Executing VM operation: HandshakeAllThreads (Deoptimize)
Event: 20.595 Executing VM operation: HandshakeAllThreads (Deoptimize) done
Event: 21.258 Executing VM operation: HandshakeAllThreads (Deoptimize)
Event: 21.259 Executing VM operation: HandshakeAllThreads (Deoptimize) done
Event: 21.882 Executing VM operation: HandshakeAllThreads (Deoptimize)
Event: 21.882 Executing VM operation: HandshakeAllThreads (Deoptimize) done
Event: 21.882 Executing VM operation: Cleanup
Event: 21.882 Executing VM operation: Cleanup done
Event: 21.884 Executing VM operation: HandshakeAllThreads (Deoptimize)
Event: 21.884 Executing VM operation: HandshakeAllThreads (Deoptimize) done
Event: 22.283 Executing VM operation: G1CollectForAllocation (G1 Evacuation Pause)

Memory protections (0 events):
No events

Nmethod flushes (20 events):
Event: 19.245 Thread 0x0000019e7f0c1c10 flushing  nmethod 0x0000019e6dea1c90
Event: 19.245 Thread 0x0000019e7f0c1c10 flushing  nmethod 0x0000019e6dea4090
Event: 19.245 Thread 0x0000019e7f0c1c10 flushing  nmethod 0x0000019e6deaac90
Event: 19.245 Thread 0x0000019e7f0c1c10 flushing  nmethod 0x0000019e6dec6c10
Event: 19.245 Thread 0x0000019e7f0c1c10 flushing  nmethod 0x0000019e6dec7490
Event: 19.245 Thread 0x0000019e7f0c1c10 flushing  nmethod 0x0000019e6dec9210
Event: 19.245 Thread 0x0000019e7f0c1c10 flushing  nmethod 0x0000019e6dec9790
Event: 19.245 Thread 0x0000019e7f0c1c10 flushing  nmethod 0x0000019e6dec9b90
Event: 19.245 Thread 0x0000019e7f0c1c10 flushing  nmethod 0x0000019e6deca210
Event: 19.245 Thread 0x0000019e7f0c1c10 flushing  nmethod 0x0000019e6decdf10
Event: 19.245 Thread 0x0000019e7f0c1c10 flushing  nmethod 0x0000019e6ded0190
Event: 19.245 Thread 0x0000019e7f0c1c10 flushing  nmethod 0x0000019e6df07110
Event: 19.245 Thread 0x0000019e7f0c1c10 flushing  nmethod 0x0000019e6df07c10
Event: 19.245 Thread 0x0000019e7f0c1c10 flushing  nmethod 0x0000019e6df9d010
Event: 19.245 Thread 0x0000019e7f0c1c10 flushing  nmethod 0x0000019e6dfbe990
Event: 19.245 Thread 0x0000019e7f0c1c10 flushing  nmethod 0x0000019e6dfbf110
Event: 19.245 Thread 0x0000019e7f0c1c10 flushing  nmethod 0x0000019e6dfc2d10
Event: 19.245 Thread 0x0000019e7f0c1c10 flushing  nmethod 0x0000019e6e015b90
Event: 19.245 Thread 0x0000019e7f0c1c10 flushing  nmethod 0x0000019e6e033110
Event: 19.245 Thread 0x0000019e7f0c1c10 flushing  nmethod 0x0000019e6e05db90

Events (20 events):
Event: 2.485 Thread 0x0000019e4781ebe0 Thread exited: 0x0000019e4781ebe0
Event: 3.520 Thread 0x0000019e473b5bd0 Thread exited: 0x0000019e473b5bd0
Event: 10.717 Thread 0x0000019e6781fbc0 Thread added: 0x0000019e49a7b550
Event: 10.719 Thread 0x0000019e49a7b550 Thread added: 0x0000019e49d77ae0
Event: 10.724 Thread 0x0000019e6781fbc0 Thread added: 0x0000019e4ae64fe0
Event: 10.771 Thread 0x0000019e6781fbc0 Thread added: 0x0000019e4923dc00
Event: 12.786 Thread 0x0000019e6781fbc0 Thread added: 0x0000019e4ac4bf60
Event: 12.909 Thread 0x0000019e4ac4bf60 Thread added: 0x0000019e48f44e40
Event: 18.489 Thread 0x0000019e48f44e40 Thread exited: 0x0000019e48f44e40
Event: 21.680 Thread 0x0000019e6781fbc0 Thread added: 0x0000019e4748fcc0
Event: 21.680 Thread 0x0000019e6781fbc0 Thread added: 0x0000019e4a8cca90
Event: 21.680 Thread 0x0000019e6781fbc0 Thread added: 0x0000019e4a8ce4d0
Event: 21.681 Thread 0x0000019e6781fbc0 Thread added: 0x0000019e4a8cc400
Event: 21.681 Thread 0x0000019e6781fbc0 Thread added: 0x0000019e4a8cd120
Event: 21.681 Thread 0x0000019e6781fbc0 Thread added: 0x0000019e4a8cf880
Event: 21.681 Thread 0x0000019e6781fbc0 Thread added: 0x0000019e4a8cd7b0
Event: 21.681 Thread 0x0000019e6781fbc0 Thread added: 0x0000019e4a8cbd70
Event: 21.681 Thread 0x0000019e6781fbc0 Thread added: 0x0000019e4a8d0c30
Event: 21.682 Thread 0x0000019e6781fbc0 Thread added: 0x0000019e4a8d12c0
Event: 21.706 Thread 0x0000019e6781fbc0 Thread added: 0x0000019e4a8cde40


Dynamic libraries:
0x00007ff6fbd10000 - 0x00007ff6fbd1e000 	C:\Users\WIN 10\.p2\pool\plugins\org.eclipse.justj.openjdk.hotspot.jre.full.win32.x86_64_21.0.8.v20250724-1412\jre\bin\javaw.exe
0x00007ffe98710000 - 0x00007ffe98908000 	C:\Windows\SYSTEM32\ntdll.dll
0x00007ffe96d00000 - 0x00007ffe96dbf000 	C:\Windows\System32\KERNEL32.DLL
0x00007ffe96470000 - 0x00007ffe96766000 	C:\Windows\System32\KERNELBASE.dll
0x00007ffe95df0000 - 0x00007ffe95ef0000 	C:\Windows\System32\ucrtbase.dll
0x00007ffe8ddb0000 - 0x00007ffe8ddc8000 	C:\Users\WIN 10\.p2\pool\plugins\org.eclipse.justj.openjdk.hotspot.jre.full.win32.x86_64_21.0.8.v20250724-1412\jre\bin\jli.dll
0x00007ffe8de10000 - 0x00007ffe8de2e000 	C:\Users\WIN 10\.p2\pool\plugins\org.eclipse.justj.openjdk.hotspot.jre.full.win32.x86_64_21.0.8.v20250724-1412\jre\bin\VCRUNTIME140.dll
0x00007ffe97570000 - 0x00007ffe9770d000 	C:\Windows\System32\USER32.dll
0x00007ffe7c600000 - 0x00007ffe7c89a000 	C:\Windows\WinSxS\amd64_microsoft.windows.common-controls_6595b64144ccf1df_6.0.19041.1110_none_60b5254171f9507e\COMCTL32.dll
0x00007ffe96300000 - 0x00007ffe96322000 	C:\Windows\System32\win32u.dll
0x00007ffe96dc0000 - 0x00007ffe96e5e000 	C:\Windows\System32\msvcrt.dll
0x00007ffe984a0000 - 0x00007ffe984cc000 	C:\Windows\System32\GDI32.dll
0x00007ffe961e0000 - 0x00007ffe962f5000 	C:\Windows\System32\gdi32full.dll
0x00007ffe96330000 - 0x00007ffe963cd000 	C:\Windows\System32\msvcp_win.dll
0x00007ffe97330000 - 0x00007ffe97360000 	C:\Windows\System32\IMM32.DLL
0x00007ffe8cf30000 - 0x00007ffe8cf3c000 	C:\Users\WIN 10\.p2\pool\plugins\org.eclipse.justj.openjdk.hotspot.jre.full.win32.x86_64_21.0.8.v20250724-1412\jre\bin\vcruntime140_1.dll
0x00007ffe73c90000 - 0x00007ffe73d1d000 	C:\Users\WIN 10\.p2\pool\plugins\org.eclipse.justj.openjdk.hotspot.jre.full.win32.x86_64_21.0.8.v20250724-1412\jre\bin\msvcp140.dll
0x00007ffe0f810000 - 0x00007ffe105a7000 	C:\Users\WIN 10\.p2\pool\plugins\org.eclipse.justj.openjdk.hotspot.jre.full.win32.x86_64_21.0.8.v20250724-1412\jre\bin\server\jvm.dll
0x00007ffe97e60000 - 0x00007ffe97f0f000 	C:\Windows\System32\ADVAPI32.dll
0x00007ffe971e0000 - 0x00007ffe9727c000 	C:\Windows\System32\sechost.dll
0x00007ffe97ff0000 - 0x00007ffe98116000 	C:\Windows\System32\RPCRT4.dll
0x00007ffe98280000 - 0x00007ffe982eb000 	C:\Windows\System32\WS2_32.dll
0x00007ffe95c60000 - 0x00007ffe95cab000 	C:\Windows\SYSTEM32\POWRPROF.dll
0x00007ffe8c020000 - 0x00007ffe8c047000 	C:\Windows\SYSTEM32\WINMM.dll
0x00007ffe89ef0000 - 0x00007ffe89efa000 	C:\Windows\SYSTEM32\VERSION.dll
0x00007ffe95b90000 - 0x00007ffe95ba2000 	C:\Windows\SYSTEM32\UMPDC.dll
0x00007ffe94620000 - 0x00007ffe94632000 	C:\Windows\SYSTEM32\kernel.appcore.dll
0x00007ffe7ae60000 - 0x00007ffe7ae6a000 	C:\Users\WIN 10\.p2\pool\plugins\org.eclipse.justj.openjdk.hotspot.jre.full.win32.x86_64_21.0.8.v20250724-1412\jre\bin\jimage.dll
0x00007ffe904a0000 - 0x00007ffe90684000 	C:\Windows\SYSTEM32\DBGHELP.DLL
0x00007ffe77730000 - 0x00007ffe77764000 	C:\Windows\SYSTEM32\dbgcore.DLL
0x00007ffe96150000 - 0x00007ffe961d2000 	C:\Windows\System32\bcryptPrimitives.dll
0x00007ffe7a3b0000 - 0x00007ffe7a3cf000 	C:\Users\WIN 10\.p2\pool\plugins\org.eclipse.justj.openjdk.hotspot.jre.full.win32.x86_64_21.0.8.v20250724-1412\jre\bin\java.dll
0x00007ffe97710000 - 0x00007ffe97e54000 	C:\Windows\System32\SHELL32.dll
0x00007ffe93e80000 - 0x00007ffe94613000 	C:\Windows\SYSTEM32\windows.storage.dll
0x00007ffe96e80000 - 0x00007ffe971d4000 	C:\Windows\System32\combase.dll
0x00007ffe95760000 - 0x00007ffe9578e000 	C:\Windows\SYSTEM32\Wldp.dll
0x00007ffe974c0000 - 0x00007ffe9756d000 	C:\Windows\System32\SHCORE.dll
0x00007ffe98210000 - 0x00007ffe98265000 	C:\Windows\System32\shlwapi.dll
0x00007ffe95d30000 - 0x00007ffe95d4f000 	C:\Windows\SYSTEM32\profapi.dll
0x00007ffe5d180000 - 0x00007ffe5d198000 	C:\Users\WIN 10\.p2\pool\plugins\org.eclipse.justj.openjdk.hotspot.jre.full.win32.x86_64_21.0.8.v20250724-1412\jre\bin\zip.dll
0x00007ffe58270000 - 0x00007ffe58280000 	C:\Users\WIN 10\.p2\pool\plugins\org.eclipse.justj.openjdk.hotspot.jre.full.win32.x86_64_21.0.8.v20250724-1412\jre\bin\net.dll
0x00007ffe81a90000 - 0x00007ffe81b9a000 	C:\Windows\SYSTEM32\WINHTTP.dll
0x00007ffe954c0000 - 0x00007ffe9552a000 	C:\Windows\system32\mswsock.dll
0x00007ffe58250000 - 0x00007ffe58266000 	C:\Users\WIN 10\.p2\pool\plugins\org.eclipse.justj.openjdk.hotspot.jre.full.win32.x86_64_21.0.8.v20250724-1412\jre\bin\nio.dll
0x00007ffe7c190000 - 0x00007ffe7c19e000 	C:\Users\WIN 10\.p2\pool\plugins\org.eclipse.justj.openjdk.hotspot.jre.full.win32.x86_64_21.0.8.v20250724-1412\jre\bin\sunmscapi.dll
0x00007ffe95f40000 - 0x00007ffe9609e000 	C:\Windows\System32\CRYPT32.dll
0x00007ffe957d0000 - 0x00007ffe957f8000 	C:\Windows\SYSTEM32\ncrypt.dll
0x00007ffe95790000 - 0x00007ffe957cb000 	C:\Windows\SYSTEM32\NTASN1.dll
0x00007ffe956c0000 - 0x00007ffe956d8000 	C:\Windows\SYSTEM32\CRYPTSP.dll
0x00007ffe94de0000 - 0x00007ffe94e14000 	C:\Windows\system32\rsaenh.dll
0x00007ffe963d0000 - 0x00007ffe963f7000 	C:\Windows\System32\bcrypt.dll
0x00007ffe95cb0000 - 0x00007ffe95cde000 	C:\Windows\SYSTEM32\USERENV.dll
0x00007ffe956b0000 - 0x00007ffe956bc000 	C:\Windows\SYSTEM32\CRYPTBASE.dll
0x00007ffe951b0000 - 0x00007ffe951ec000 	C:\Windows\SYSTEM32\IPHLPAPI.DLL
0x00007ffe98270000 - 0x00007ffe98278000 	C:\Windows\System32\NSI.dll
0x00007ffe7c0b0000 - 0x00007ffe7c0ba000 	C:\Users\WIN 10\.p2\pool\plugins\org.eclipse.justj.openjdk.hotspot.jre.full.win32.x86_64_21.0.8.v20250724-1412\jre\bin\management.dll
0x00007ffe7c0a0000 - 0x00007ffe7c0ab000 	C:\Users\WIN 10\.p2\pool\plugins\org.eclipse.justj.openjdk.hotspot.jre.full.win32.x86_64_21.0.8.v20250724-1412\jre\bin\management_ext.dll
0x00007ffe98200000 - 0x00007ffe98208000 	C:\Windows\System32\PSAPI.DLL
0x00007ffe83ff0000 - 0x00007ffe84000000 	C:\Users\WIN 10\.p2\pool\plugins\org.eclipse.justj.openjdk.hotspot.jre.full.win32.x86_64_21.0.8.v20250724-1412\jre\bin\verify.dll
0x00007ffe951f0000 - 0x00007ffe952ba000 	C:\Windows\SYSTEM32\DNSAPI.dll
0x00007ffe7afb0000 - 0x00007ffe7afba000 	C:\Windows\System32\rasadhlp.dll
0x00007ffe7cc10000 - 0x00007ffe7cc92000 	C:\Windows\System32\fwpuclnt.dll
0x00007ffe7c180000 - 0x00007ffe7c189000 	C:\Users\WIN 10\.p2\pool\plugins\org.eclipse.justj.openjdk.hotspot.jre.full.win32.x86_64_21.0.8.v20250724-1412\jre\bin\extnet.dll

JVMTI agents: none

dbghelp: loaded successfully - version: 4.0.5 - missing functions: none
symbol engine: initialized successfully - sym options: 0x614 - pdb path: .;C:\Users\WIN 10\.p2\pool\plugins\org.eclipse.justj.openjdk.hotspot.jre.full.win32.x86_64_21.0.8.v20250724-1412\jre\bin;C:\Windows\SYSTEM32;C:\Windows\WinSxS\amd64_microsoft.windows.common-controls_6595b64144ccf1df_6.0.19041.1110_none_60b5254171f9507e;C:\Users\WIN 10\.p2\pool\plugins\org.eclipse.justj.openjdk.hotspot.jre.full.win32.x86_64_21.0.8.v20250724-1412\jre\bin\server

VM Arguments:
jvm_args: -Dfile.encoding=UTF-8 -Dstdout.encoding=UTF-8 -Dstderr.encoding=UTF-8 -XX:+ShowCodeDetailsInExceptionMessages 
java_command: com.hireconnect.hireconnect.HireconnectApplication
java_class_path (initial): C:\Users\WIN 10\Downloads\hireconnect\hireconnect\target\classes;C:\Users\WIN 10\.m2\repository\org\springframework\boot\spring-boot-starter-web\3.2.4\spring-boot-starter-web-3.2.4.jar;C:\Users\WIN 10\.m2\repository\org\springframework\boot\spring-boot-starter\3.2.4\spring-boot-starter-3.2.4.jar;C:\Users\WIN 10\.m2\repository\org\springframework\boot\spring-boot\3.2.4\spring-boot-3.2.4.jar;C:\Users\WIN 10\.m2\repository\org\springframework\boot\spring-boot-autoconfigure\3.2.4\spring-boot-autoconfigure-3.2.4.jar;C:\Users\WIN 10\.m2\repository\org\springframework\boot\spring-boot-starter-logging\3.2.4\spring-boot-starter-logging-3.2.4.jar;C:\Users\WIN 10\.m2\repository\ch\qos\logback\logback-classic\1.4.14\logback-classic-1.4.14.jar;C:\Users\WIN 10\.m2\repository\ch\qos\logback\logback-core\1.4.14\logback-core-1.4.14.jar;C:\Users\WIN 10\.m2\repository\org\apache\logging\log4j\log4j-to-slf4j\2.21.1\log4j-to-slf4j-2.21.1.jar;C:\Users\WIN 10\.m2\repository\org\slf4j\jul-to-slf4j\2.0.12\jul-to-slf4j-2.0.12.jar;C:\Users\WIN 10\.m2\repository\jakarta\annotation\jakarta.annotation-api\2.1.1\jakarta.annotation-api-2.1.1.jar;C:\Users\WIN 10\.m2\repository\org\yaml\snakeyaml\2.2\snakeyaml-2.2.jar;C:\Users\WIN 10\.m2\repository\org\springframework\boot\spring-boot-starter-json\3.2.4\spring-boot-starter-json-3.2.4.jar;C:\Users\WIN 10\.m2\repository\com\fasterxml\jackson\datatype\jackson-datatype-jdk8\2.15.4\jackson-datatype-jdk8-2.15.4.jar;C:\Users\WIN 10\.m2\repository\com\fasterxml\jackson\datatype\jackson-datatype-jsr310\2.15.4\jackson-datatype-jsr310-2.15.4.jar;C:\Users\WIN 10\.m2\repository\com\fasterxml\jackson\module\jackson-module-parameter-names\2.15.4\jackson-module-parameter-names-2.15.4.jar;C:\Users\WIN 10\.m2\repository\org\springframework\boot\spring-boot-starter-tomcat\3.2.4\spring-boot-starter-tomcat-3.2.4.jar;C:\Users\WIN 10\.m2\repository\org\apache\tomcat\embed\tomcat-embed-core\10.1.19\tomcat-embed-core-10.1.19.jar;C:\Users\WIN 10\.m2\repository\org\apache\tomcat\embed\tomcat-embed-websocket\10.1.19\tomcat-embed-websocket-10.1.19.jar;C:\Users\WIN 10\.m2\repository\org\springframework\spring-web\6.1.5\spring-web-6.1.5.jar;C:\Users\WIN 10\.m2\repository\org\springframework\spring-beans\6.1.5\spring-beans-6.1.5.jar;C:\Users\WIN 10\.m2\repository\org\springframework\spring-webmvc\6.1.5\spring-webmvc-6.1.5.jar;C:\Users\WIN 10\.m2\repository\org\springframework\spring-context\6.1.5\spring-context-6.1.5.jar;C:\Users\WIN 10\.m2\repository\org\springframework\spring-expression\6.1.5\spring-expression-6.1.5.jar;C:\Users\WIN 10\.m2\repository\org\springframework\boot\spring-boot-starter-data-jpa\3.2.4\spring-boot-starter-data-jpa-3.2.4.jar;C:\Users\WIN 10\.m2\repository\org\springframework\boot\spring-boot-starter-aop\3.2.4\spring-boot-starter-aop-3.2.4.jar;C:\Users\WIN 10\.m2\repository\org\aspectj\aspectjweaver\1.9.21\aspectjweaver-1.9.21.jar;C:\Users\WIN 10\.m2\repository\org\springframework\boot\spring-boot-starter-jdbc\3.2.4\spring-boot-starter-jdbc-3.2.4.jar;C:\Users\WIN 10\.m2\repository\com\zaxxer\HikariCP\5.0.1\HikariCP-5.0.1.jar;C:\Users\WIN 10\.m2\repository\org\springframework\spring-jdbc\6.1.5\spring-jdbc-6.1.5.jar;C:\Users\WIN 10\.m2\repository\org\hibernate\orm\hibernate-core\6.4.4.Final\hibernate-core-6.4.4.Final.jar;C:\Users\WIN 10\.m2\repository\jakarta\persistence\jakarta.persistence-api\3.1.0\jakarta.persistence-api-3.1.0.jar;C:\Users\WIN 10\.m2\repository\jakarta\transaction\jakarta.transaction-api\2.0.1\jakarta.transaction-api-2.0.1.jar;C:\Users\WIN 10\.m2\repository\org\jboss\logging\jboss-logging\3.5.3.Final\jboss-logging-3.5.3.Final.jar;C:\Users\WIN 10\.m2\repository\org\hibernate\common\hibernate-commons-annotations\6.0.6.Final\hibernate-commons-annotations-6.0.6.Final.jar;C:\Users\WIN 10\.m2\repository\io\smallrye\jandex\3.1.2\jandex-3.1.2.jar;C:\Users\WIN 10\.m2\repository\com\fasterxml\classmate\1.6.0\classmate-1.6.0.jar;C:\Users\WIN 10\.m2\repository\org\glassfish\jaxb\jaxb-runtime\4.0.5\jaxb-runtime-4.0.5.jar;C:\Users\WIN 10\.m2\repository\org\glassfish\jaxb\jaxb-core\4.0.5\jaxb-core-4.0.5.jar;C:\Users\WIN 10\.m2\repository\org\eclipse\angus\angus-activation\2.0.2\angus-activation-2.0.2.jar;C:\Users\WIN 10\.m2\repository\org\glassfish\jaxb\txw2\4.0.5\txw2-4.0.5.jar;C:\Users\WIN 10\.m2\repository\com\sun\istack\istack-commons-runtime\4.1.2\istack-commons-runtime-4.1.2.jar;C:\Users\WIN 10\.m2\repository\jakarta\inject\jakarta.inject-api\2.0.1\jakarta.inject-api-2.0.1.jar;C:\Users\WIN 10\.m2\repository\org\antlr\antlr4-runtime\4.13.0\antlr4-runtime-4.13.0.jar;C:\Users\WIN 10\.m2\repository\org\springframework\data\spring-data-jpa\3.2.4\spring-data-jpa-3.2.4.jar;C:\Users\WIN 10\.m2\repository\org\springframework\data\spring-data-commons\3.2.4\spring-data-commons-3.2.4.jar;C:\Users\WIN 10\.m2\repository\org\springframework\spring-orm\6.1.5\spring-orm-6.1.5.jar;C:\Users\WIN 10\.m2\repository\org\slf4j\slf4j-api\2.0.12\slf4j-api-2.0.12.jar;C:\Users\WIN 10\.m2\repository\org\springframework\spring-aspects\6.1.5\spring-aspects-6.1.5.jar;C:\Users\WIN 10\.m2\repository\org\springframework\boot\spring-boot-starter-security\3.2.4\spring-boot-starter-security-3.2.4.jar;C:\Users\WIN 10\.m2\repository\org\springframework\spring-aop\6.1.5\spring-aop-6.1.5.jar;C:\Users\WIN 10\.m2\repository\org\springframework\security\spring-security-config\6.2.3\spring-security-config-6.2.3.jar;C:\Users\WIN 10\.m2\repository\org\springframework\security\spring-security-web\6.2.3\spring-security-web-6.2.3.jar;C:\Users\WIN 10\.m2\repository\org\springframework\boot\spring-boot-starter-validation\3.2.4\spring-boot-starter-validation-3.2.4.jar;C:\Users\WIN 10\.m2\repository\org\apache\tomcat\embed\tomcat-embed-el\10.1.19\tomcat-embed-el-10.1.19.jar;C:\Users\WIN 10\.m2\repository\org\hibernate\validator\hibernate-validator\8.0.1.Final\hibernate-validator-8.0.1.Final.jar;C:\Users\WIN 10\.m2\repository\jakarta\validation\jakarta.validation-api\3.0.2\jakarta.validation-api-3.0.2.jar;C:\Users\WIN 10\.m2\repository\com\mysql\mysql-connector-j\8.3.0\mysql-connector-j-8.3.0.jar;C:\Users\WIN 10\.m2\repository\org\projectlombok\lombok\1.18.30\lombok-1.18.30.jar;C:\Users\WIN 10\.m2\repository\io\jsonwebtoken\jjwt-api\0.11.5\jjwt-api-0.11.5.jar;C:\Users\WIN 10\.m2\repository\io\jsonwebtoken\jjwt-impl\0.11.5\jjwt-impl-0.11.5.jar;C:\Users\WIN 10\.m2\repository\io\jsonwebtoken\jjwt-jackson\0.11.5\jjwt-jackson-0.11.5.jar;C:\Users\WIN 10\.m2\repository\com\fasterxml\jackson\core\jackson-databind\2.15.4\jackson-databind-2.15.4.jar;C:\Users\WIN 10\.m2\repository\com\fasterxml\jackson\core\jackson-annotations\2.15.4\jackson-annotations-2.15.4.jar;C:\Users\WIN 10\.m2\repository\com\fasterxml\jackson\core\jackson-core\2.15.4\jackson-core-2.15.4.jar;C:\Users\WIN 10\.m2\repository\com\itextpdf\itextpdf\5.5.13.3\itextpdf-5.5.13.3.jar;C:\Users\WIN 10\.m2\repository\org\apache\pdfbox\pdfbox\3.0.1\pdfbox-3.0.1.jar;C:\Users\WIN 10\.m2\repository\org\apache\pdfbox\pdfbox-io\3.0.1\pdfbox-io-3.0.1.jar;C:\Users\WIN 10\.m2\repository\org\apache\pdfbox\fontbox\3.0.1\fontbox-3.0.1.jar;C:\Users\WIN 10\.m2\repository\org\junit\jupiter\junit-jupiter\5.10.2\junit-jupiter-5.10.2.jar;C:\Users\WIN 10\.m2\repository\org\junit\jupiter\junit-jupiter-api\5.10.2\junit-jupiter-api-5.10.2.jar;C:\Users\WIN 10\.m2\repository\org\opentest4j\opentest4j\1.3.0\opentest4j-1.3.0.jar;C:\Users\WIN 10\.m2\repository\org\junit\platform\junit-platform-commons\1.10.2\junit-platform-commons-1.10.2.jar;C:\Users\WIN 10\.m2\repository\org\apiguardian\apiguardian-api\1.1.2\apiguardian-api-1.1.2.jar;C:\Users\WIN 10\.m2\repository\org\junit\jupiter\junit-jupiter-params\5.10.2\junit-jupiter-params-5.10.2.jar;C:\Users\WIN 10\.m2\repository\org\junit\jupiter\junit-jupiter-engine\5.10.2\junit-jupiter-engine-5.10.2.jar;C:\Users\WIN 10\.m2\repository\org\junit\platform\junit-platform-engine\1.10.2\junit-platform-engine-1.10.2.jar;C:\Users\WIN 10\.m2\repository\org\apache\poi\poi\5.2.5\poi-5.2.5.jar;C:\Users\WIN 10\.m2\repository\commons-codec\commons-codec\1.16.1\commons-codec-1.16.1.jar;C:\Users\WIN 10\.m2\repository\org\apache\commons\commons-collections4\4.4\commons-collections4-4.4.jar;C:\Users\WIN 10\.m2\repository\org\apache\commons\commons-math3\3.6.1\commons-math3-3.6.1.jar;C:\Users\WIN 10\.m2\repository\com\zaxxer\SparseBitSet\1.3\SparseBitSet-1.3.jar;C:\Users\WIN 10\.m2\repository\org\apache\logging\log4j\log4j-api\2.21.1\log4j-api-2.21.1.jar;C:\Users\WIN 10\.m2\repository\org\apache\poi\poi-ooxml\5.2.5\poi-ooxml-5.2.5.jar;C:\Users\WIN 10\.m2\repository\org\apache\poi\poi-ooxml-lite\5.2.5\poi-ooxml-lite-5.2.5.jar;C:\Users\WIN 10\.m2\repository\org\apache\xmlbeans\xmlbeans\5.2.0\xmlbeans-5.2.0.jar;C:\Users\WIN 10\.m2\repository\org\apache\commons\commons-compress\1.25.0\commons-compress-1.25.0.jar;C:\Users\WIN 10\.m2\repository\com\github\virtuald\curvesapi\1.08\curvesapi-1.08.jar;C:\Users\WIN 10\.m2\repository\commons-fileupload\commons-fileupload\1.5\commons-fileupload-1.5.jar;C:\Users\WIN 10\.m2\repository\commons-io\commons-io\2.15.1\commons-io-2.15.1.jar;C:\Users\WIN 10\.m2\repository\org\springdoc\springdoc-openapi-starter-webmvc-ui\2.3.0\springdoc-openapi-starter-webmvc-ui-2.3.0.jar;C:\Users\WIN 10\.m2\repository\org\springdoc\springdoc-openapi-starter-webmvc-api\2.3.0\springdoc-openapi-starter-webmvc-api-2.3.0.jar;C:\Users\WIN 10\.m2\repository\org\springdoc\springdoc-openapi-starter-common\2.3.0\springdoc-openapi-starter-common-2.3.0.jar;C:\Users\WIN 10\.m2\repository\io\swagger\core\v3\swagger-core-jakarta\2.2.19\swagger-core-jakarta-2.2.19.jar;C:\Users\WIN 10\.m2\repository\org\apache\commons\commons-lang3\3.13.0\commons-lang3-3.13.0.jar;C:\Users\WIN 10\.m2\repository\io\swagger\core\v3\swagger-annotations-jakarta\2.2.19\swagger-annotations-jakarta-2.2.19.jar;C:\Users\WIN 10\.m2\repository\io\swagger\core\v3\swagger-models-jakarta\2.2.19\swagger-models-jakarta-2.2.19.jar;C:\Users\WIN 10\.m2\repository\com\fasterxml\jackson\dataformat\jackson-dataformat-yaml\2.15.4\jackson-dataformat-yaml-2.15.4.jar;C:\Users\WIN 10\.m2\repository\org\webjars\swagger-ui\5.10.3\swagger-ui-5.10.3.jar;C:\Users\WIN 10\.m2\repository\org\modelmapper\modelmapper\3.2.0\modelmapper-3.2.0.jar;C:\Users\WIN 10\.m2\repository\org\springframework\boot\spring-boot-starter-quartz\3.2.4\spring-boot-starter-quartz-3.2.4.jar;C:\Users\WIN 10\.m2\repository\org\springframework\spring-context-support\6.1.5\spring-context-support-6.1.5.jar;C:\Users\WIN 10\.m2\repository\org\springframework\spring-tx\6.1.5\spring-tx-6.1.5.jar;C:\Users\WIN 10\.m2\repository\org\quartz-scheduler\quartz\2.3.2\quartz-2.3.2.jar;C:\Users\WIN 10\.m2\repository\com\mchange\mchange-commons-java\0.2.15\mchange-commons-java-0.2.15.jar;C:\Users\WIN 10\.m2\repository\org\springframework\boot\spring-boot-starter-cache\3.2.4\spring-boot-starter-cache-3.2.4.jar;C:\Users\WIN 10\.m2\repository\com\github\ben-manes\caffeine\caffeine\3.1.8\caffeine-3.1.8.jar;C:\Users\WIN 10\.m2\repository\org\checkerframework\checker-qual\3.37.0\checker-qual-3.37.0.jar;C:\Users\WIN 10\.m2\repository\com\google\errorprone\error_prone_annotations\2.21.1\error_prone_annotations-2.21.1.jar;C:\Users\WIN 10\.m2\repository\org\springframework\boot\spring-boot-starter-actuator\3.2.4\spring-boot-starter-actuator-3.2.4.jar;C:\Users\WIN 10\.m2\repository\org\springframework\boot\spring-boot-actuator-autoconfigure\3.2.4\spring-boot-actuator-autoconfigure-3.2.4.jar;C:\Users\WIN 10\.m2\repository\org\springframework\boot\spring-boot-actuator\3.2.4\spring-boot-actuator-3.2.4.jar;C:\Users\WIN 10\.m2\repository\io\micrometer\micrometer-observation\1.12.4\micrometer-observation-1.12.4.jar;C:\Users\WIN 10\.m2\repository\io\micrometer\micrometer-commons\1.12.4\micrometer-commons-1.12.4.jar;C:\Users\WIN 10\.m2\repository\io\micrometer\micrometer-jakarta9\1.12.4\micrometer-jakarta9-1.12.4.jar;C:\Users\WIN 10\.m2\repository\io\micrometer\micrometer-registry-prometheus\1.12.4\micrometer-registry-prometheus-1.12.4.jar;C:\Users\WIN 10\.m2\repository\io\micrometer\micrometer-core\1.12.4\micrometer-core-1.12.4.jar;C:\Users\WIN 10\.m2\repository\org\hdrhistogram\HdrHistogram\2.1.12\HdrHistogram-2.1.12.jar;C:\Users\WIN 10\.m2\repository\org\latencyutils\LatencyUtils\2.0.3\LatencyUtils-2.0.3.jar;C:\Users\WIN 10\.m2\repository\io\prometheus\simpleclient_common\0.16.0\simpleclient_common-0.16.0.jar;C:\Users\WIN 10\.m2\repository\io\prometheus\simpleclient\0.16.0\simpleclient-0.16.0.jar;C:\Users\WIN 10\.m2\repository\io\prometheus\simpleclient_tracer_otel\0.16.0\simpleclient_tracer_otel-0.16.0.jar;C:\Users\WIN 10\.m2\repository\io\prometheus\simpleclient_tracer_common\0.16.0\simpleclient_tracer_common-0.16.0.jar;C:\Users\WIN 10\.m2\repository\io\prometheus\simpleclient_tracer_otel_agent\0.16.0\simpleclient_tracer_otel_agent-0.16.0.jar;C:\Users\WIN 10\.m2\repository\jakarta\xml\bind\jakarta.xml.bind-api\4.0.2\jakarta.xml.bind-api-4.0.2.jar;C:\Users\WIN 10\.m2\repository\jakarta\activation\jakarta.activation-api\2.1.3\jakarta.activation-api-2.1.3.jar;C:\Users\WIN 10\.m2\repository\org\springframework\spring-core\6.1.5\spring-core-6.1.5.jar;C:\Users\WIN 10\.m2\repository\org\springframework\spring-jcl\6.1.5\spring-jcl-6.1.5.jar;C:\Users\WIN 10\.m2\repository\org\springframework\security\spring-security-core\6.2.3\spring-security-core-6.2.3.jar;C:\Users\WIN 10\.m2\repository\org\springframework\security\spring-security-crypto\6.2.3\spring-security-crypto-6.2.3.jar;C:\Users\WIN 10\.m2\repository\net\bytebuddy\byte-buddy\1.14.12\byte-buddy-1.14.12.jar
Launcher Type: SUN_STANDARD

[Global flags]
     intx CICompilerCount                          = 3                                         {product} {ergonomic}
     uint ConcGCThreads                            = 1                                         {product} {ergonomic}
     uint G1ConcRefinementThreads                  = 4                                         {product} {ergonomic}
   size_t G1HeapRegionSize                         = 1048576                                   {product} {ergonomic}
    uintx GCDrainStackTargetSize                   = 64                                        {product} {ergonomic}
   size_t InitialHeapSize                          = 134217728                                 {product} {ergonomic}
   size_t MarkStackSize                            = 4194304                                   {product} {ergonomic}
   size_t MaxHeapSize                              = 2118123520                                {product} {ergonomic}
   size_t MaxNewSize                               = 1270874112                                {product} {ergonomic}
   size_t MinHeapDeltaBytes                        = 1048576                                   {product} {ergonomic}
   size_t MinHeapSize                              = 8388608                                   {product} {ergonomic}
    uintx NonNMethodCodeHeapSize                   = 5832780                                {pd product} {ergonomic}
    uintx NonProfiledCodeHeapSize                  = 122912730                              {pd product} {ergonomic}
    uintx ProfiledCodeHeapSize                     = 122912730                              {pd product} {ergonomic}
    uintx ReservedCodeCacheSize                    = 251658240                              {pd product} {ergonomic}
     bool SegmentedCodeCache                       = true                                      {product} {ergonomic}
     bool ShowCodeDetailsInExceptionMessages       = true                                   {manageable} {command line}
   size_t SoftMaxHeapSize                          = 2118123520                             {manageable} {ergonomic}
     bool UseCompressedOops                        = true                           {product lp64_product} {ergonomic}
     bool UseG1GC                                  = true                                      {product} {ergonomic}
     bool UseLargePagesIndividualAllocation        = false                                  {pd product} {ergonomic}

Logging:
Log output configuration:
 #0: stdout all=warning uptime,level,tags foldmultilines=false
 #1: stderr all=off uptime,level,tags foldmultilines=false

Environment Variables:
PATH=C:/Users/WIN 10/.p2/pool/plugins/org.eclipse.justj.openjdk.hotspot.jre.full.win32.x86_64_21.0.8.v20250724-1412/jre/bin/server;C:/Users/WIN 10/.p2/pool/plugins/org.eclipse.justj.openjdk.hotspot.jre.full.win32.x86_64_21.0.8.v20250724-1412/jre/bin;C:\Windows\system32;C:\Windows;C:\Windows\System32\Wbem;C:\Windows\System32\WindowsPowerShell\v1.0\;C:\Windows\System32\OpenSSH\;C:\Program Files (x86)\Intel\Intel(R) Management Engine Components\DAL;C:\Program Files\Intel\Intel(R) Management Engine Components\DAL;C:\Program Files\MySQL\MySQL Server 8.0\bin;C:\Program Files\nodejs\;C:\Program Files\Git\cmd;C:\Program Files\GitHub CLI\;C:\Program Files\MySQL\MySQL Shell 8.0\bin\;C:\Users\WIN 10\AppData\Local\Microsoft\WindowsApps;C:\Users\WIN 10\AppData\Local\Programs\Microsoft VS Code\bin;C:\Users\WIN 10\AppData\Roaming\npm;C:\Users\WIN 10\Desktop;
USERNAME=Samaya
OS=Windows_NT
PROCESSOR_IDENTIFIER=Intel64 Family 6 Model 78 Stepping 3, GenuineIntel
TMP=C:\Users\WIN10~1\AppData\Local\Temp
TEMP=C:\Users\WIN10~1\AppData\Local\Temp




Periodic native trim disabled

---------------  S Y S T E M  ---------------

OS:
 Windows 10 , 64 bit Build 19041 (10.0.19041.3031)
OS uptime: 0 days 3:41 hours

CPU: total 4 (initial active 4) (2 cores per cpu, 2 threads per core) family 6 model 78 stepping 3 microcode 0xf0, cx8, cmov, fxsr, ht, mmx, 3dnowpref, sse, sse2, sse3, ssse3, sse4.1, sse4.2, popcnt, lzcnt, tsc, tscinvbit, avx, avx2, aes, erms, clmul, bmi1, bmi2, rtm, adx, fma, vzeroupper, clflush, clflushopt, rdtscp, f16c
Processor Information for processor 0
  Max Mhz: 2808, Current Mhz: 2607, Mhz Limit: 2583
Processor Information for processor 1
  Max Mhz: 2808, Current Mhz: 2607, Mhz Limit: 2583
Processor Information for processor 2
  Max Mhz: 2808, Current Mhz: 1404, Mhz Limit: 2583
Processor Information for processor 3
  Max Mhz: 2808, Current Mhz: 2607, Mhz Limit: 2583

Memory: 4k page, system-wide physical 8072M (552M free)
TotalPageFile size 10120M (AvailPageFile size 141M)
current process WorkingSet (physical memory assigned to process): 440M, peak: 440M
current process commit charge ("private bytes"): 465M, peak: 673M

vm_info: OpenJDK 64-Bit Server VM (21.0.8+9-LTS) for windows-amd64 JRE (21.0.8+9-LTS), built on 2025-07-15T00:00:00Z by "admin" with MS VC++ 17.7 (VS2022)

END.
